Component: ARM Compiler 5.06 update 7 (build 960) Tool: armlink [4d3601]

==============================================================================

Section Cross References

    main.o(.text) refers to bms_faultdiagnose.o(.text) for FaultDiagnosePro
    main.o(.text) refers to bms_systemstateswitching.o(.text) for SystemStateSwitchingPro
    main.o(.text) refers to bms_record.o(.text) for WriteRecordForRun
    main.o(.text) refers to bms_temperature.o(.text) for UpdateTemperaturePro
    main.o(.text) refers to bms_voltage.o(.text) for UpdateVoltagePro
    main.o(.text) refers to os_time.o(.text) for OSTimeDlyHMSM
    main.o(.text) refers to cpu_core.o(.text) for CPU_Init
    main.o(.text) refers to os_stat.o(.text) for OSStatTaskCPUUsageInit
    main.o(.text) refers to os_core.o(.text) for OSSchedRoundRobinCfg
    main.o(.text) refers to cpu_a.o(.text) for CPU_SR_Save
    main.o(.text) refers to os_task.o(.text) for OSTaskCreate
    main.o(.text) refers to misc.o(.text) for NVIC_PriorityGroupConfig
    main.o(.text) refers to os_var.o(.data) for OSSchedLockNestingCtr
    main.o(.text) refers to main.o(.bss) for Task_Test_1_task_STK
    system_stm32f10x.o(.text) refers to system_stm32f10x.o(.data) for SystemCoreClock
    delay.o(.text) refers to os_core.o(.text) for OSSchedLock
    delay.o(.text) refers to os_time.o(.text) for OSTimeDly
    delay.o(.text) refers to misc.o(.text) for SysTick_CLKSourceConfig
    delay.o(.text) refers to os_var.o(.data) for OSRunning
    delay.o(.text) refers to system_stm32f10x.o(.data) for SystemCoreClock
    delay.o(.text) refers to delay.o(.data) for fac_us
    delay.o(.text) refers to os_cfg_app.o(.constdata) for OSCfg_TickRate_Hz
    segger_rtt.o(.text) refers to rt_memcpy_v6.o(.text) for __aeabi_memcpy
    segger_rtt.o(.text) refers to segger_rtt.o(.bss) for _SEGGER_RTT
    segger_rtt.o(.text) refers to segger_rtt.o(.constdata) for _aInitStr
    segger_rtt.o(.text) refers to segger_rtt.o(.data) for _aTerminalId
    segger_rtt.o(.text) refers to strlen.o(.text) for strlen
    segger_rtt_printf.o(.text) refers to segger_rtt.o(.text) for SEGGER_RTT_Write
    segger_rtt_printf.o(.text) refers to segger_rtt_printf.o(.constdata) for _aV2C
    startup_stm32f10x_hd.o(STACK) refers (Special) to heapauxi.o(.text) for __use_two_region_memory
    startup_stm32f10x_hd.o(HEAP) refers (Special) to heapauxi.o(.text) for __use_two_region_memory
    startup_stm32f10x_hd.o(RESET) refers (Special) to heapauxi.o(.text) for __use_two_region_memory
    startup_stm32f10x_hd.o(RESET) refers to startup_stm32f10x_hd.o(STACK) for __initial_sp
    startup_stm32f10x_hd.o(RESET) refers to startup_stm32f10x_hd.o(.text) for Reset_Handler
    startup_stm32f10x_hd.o(RESET) refers to stm32f10x_it.o(.text) for NMI_Handler
    startup_stm32f10x_hd.o(RESET) refers to os_cpu_a.o(CODE) for PendSV_Handler
    startup_stm32f10x_hd.o(RESET) refers to delay.o(.text) for SysTick_Handler
    startup_stm32f10x_hd.o(.text) refers (Special) to heapauxi.o(.text) for __use_two_region_memory
    startup_stm32f10x_hd.o(.text) refers to system_stm32f10x.o(.text) for SystemInit
    startup_stm32f10x_hd.o(.text) refers to __main.o(!!!main) for __main
    startup_stm32f10x_hd.o(.text) refers to startup_stm32f10x_hd.o(HEAP) for Heap_Mem
    startup_stm32f10x_hd.o(.text) refers to startup_stm32f10x_hd.o(STACK) for Stack_Mem
    stm32f10x_gpio.o(.text) refers to stm32f10x_rcc.o(.text) for RCC_APB2PeriphResetCmd
    stm32f10x_usart.o(.text) refers to stm32f10x_rcc.o(.text) for RCC_APB2PeriphResetCmd
    stm32f10x_rcc.o(.text) refers to stm32f10x_rcc.o(.data) for APBAHBPrescTable
    bsp.o(.text) refers to stm32f10x_rcc.o(.text) for RCC_GetClocksFreq
    bsp.o(.text) refers to cpu_core.o(.text) for CPU_TS_TmrFreqSet
    bsp.o(.text) refers to lludivv7m.o(.text) for __aeabi_uldivmod
    cpu_core.o(.text) refers to cpu_a.o(.text) for CPU_SR_Save
    cpu_core.o(.text) refers to lib_mem.o(.text) for Mem_Clr
    cpu_core.o(.text) refers to bsp.o(.text) for CPU_TS_TmrInit
    cpu_core.o(.text) refers to lib_str.o(.text) for Str_Copy_N
    cpu_core.o(.text) refers to cpu_core.o(.bss) for CPU_Name
    cpu_core.o(.text) refers to cpu_core.o(.data) for CPU_TS_TmrFreq_Hz
    cpu_core.o(.text) refers to cpu_core.o(.constdata) for CPU_CntLeadZerosTbl
    cpu_c.o(.text) refers to cpu_a.o(.text) for CPU_SR_Save
    lib_math.o(.text) refers to cpu_a.o(.text) for CPU_SR_Save
    lib_math.o(.text) refers to lib_math.o(.data) for Math_RandSeedCur
    lib_mem.o(.text) refers to lib_mem_a.o(.text) for Mem_Copy
    lib_mem.o(.text) refers to cpu_a.o(.text) for CPU_SR_Save
    lib_mem.o(.text) refers to lib_mem.o(.bss) for Mem_PoolHeap
    lib_mem.o(.text) refers to lib_mem.o(.data) for Mem_PoolTbl
    lib_str.o(.text) refers to lib_ascii.o(.text) for ASCII_ToLower
    lib_str.o(.text) refers to lib_str.o(.constdata) for Str_MultOvfThTbl_Int32U
    os_cfg_app.o(.text) refers to os_cfg_app.o(.constdata) for OSCfg_DataSizeRAM
[...]
    _get_lc_ctype                             - Undefined Weak Reference
    _get_lc_monetary                          - Undefined Weak Reference
    _get_lc_numeric                           - Undefined Weak Reference
    _get_lc_time                              - Undefined Weak Reference
    _getenv_init                              - Undefined Weak Reference
    _handle_redirection                       - Undefined Weak Reference
    _init_alloc                               - Undefined Weak Reference
    _init_user_alloc                          - Undefined Weak Reference
    _initio                                   - Undefined Weak Reference
    _rand_init                                - Undefined Weak Reference
    _signal_finish                            - Undefined Weak Reference
    _signal_init                              - Undefined Weak Reference
    _terminate_alloc                          - Undefined Weak Reference
    _terminate_user_alloc                     - Undefined Weak Reference
    _terminateio                              - Undefined Weak Reference
    __Vectors_Size                           0x00000130   Number         0  startup_stm32f10x_hd.o ABSOLUTE
    __Vectors                                0x08000000   Data           4  startup_stm32f10x_hd.o(RESET)
    __Vectors_End                            0x08000130   Data           0  startup_stm32f10x_hd.o(RESET)
    __main                                   0x08000131   Thumb Code     8  __main.o(!!!main)
    __scatterload                            0x08000139   Thumb Code     0  __scatter.o(!!!scatter)
    __scatterload_rt2                        0x08000139   Thumb Code    44  __scatter.o(!!!scatter)
    __scatterload_rt2_thumb_only             0x08000139   Thumb Code     0  __scatter.o(!!!scatter)
    __scatterload_null                       0x08000147   Thumb Code     0  __scatter.o(!!!scatter)
    __decompress                             0x0800016d   Thumb Code    90  __dczerorl2.o(!!dczerorl2)
    __decompress1                            0x0800016d   Thumb Code     0  __dczerorl2.o(!!dczerorl2)
    __scatterload_zeroinit                   0x080001c9   Thumb Code    28  __scatter_zi.o(!!handler_zi)
    __rt_lib_init                            0x080001e5   Thumb Code     0  libinit.o(.ARM.Collect$$libinit$$00000000)
    __rt_lib_init_alloca_1                   0x080001e7   Thumb Code     0  libinit2.o(.ARM.Collect$$libinit$$0000002E)
    __rt_lib_init_argv_1                     0x080001e7   Thumb Code     0  libinit2.o(.ARM.Collect$$libinit$$0000002C)
    __rt_lib_init_atexit_1                   0x080001e7   Thumb Code     0  libinit2.o(.ARM.Collect$$libinit$$0000001B)
    __rt_lib_init_clock_1                    0x080001e7   Thumb Code     0  libinit2.o(.ARM.Collect$$libinit$$00000021)
    __rt_lib_init_cpp_1                      0x080001e7   Thumb Code     0  libinit2.o(.ARM.Collect$$libinit$$00000032)
    __rt_lib_init_exceptions_1               0x080001e7   Thumb Code     0  libinit2.o(.ARM.Collect$$libinit$$00000030)
    __rt_lib_init_fp_1                       0x080001e7   Thumb Code     0  libinit2.o(.ARM.Collect$$libinit$$00000002)
    __rt_lib_init_fp_trap_1                  0x080001e7   Thumb Code     0  libinit2.o(.ARM.Collect$$libinit$$0000001F)
    __rt_lib_init_getenv_1                   0x080001e7   Thumb Code     0  libinit2.o(.ARM.Collect$$libinit$$00000023)
    __rt_lib_init_heap_1                     0x080001e7   Thumb Code     0  libinit2.o(.ARM.Collect$$libinit$$0000000A)
    __rt_lib_init_lc_collate_1               0x080001e7   Thumb Code     0  libinit2.o(.ARM.Collect$$libinit$$00000011)
    __rt_lib_init_lc_ctype_1                 0x080001e7   Thumb Code     0  libinit2.o(.ARM.Collect$$libinit$$00000013)
    __rt_lib_init_lc_monetary_1              0x080001e7   Thumb Code     0  libinit2.o(.ARM.Collect$$libinit$$00000015)
    __rt_lib_init_lc_numeric_1               0x080001e7   Thumb Code     0  libinit2.o(.ARM.Collect$$libinit$$00000017)
    __rt_lib_init_lc_time_1                  0x080001e7   Thumb Code     0  libinit2.o(.ARM.Collect$$libinit$$00000019)
    __rt_lib_init_preinit_1                  0x080001e7   Thumb Code     0  libinit2.o(.ARM.Collect$$libinit$$00000004)
    __rt_lib_init_rand_1                     0x080001e7   Thumb Code     0  libinit2.o(.ARM.Collect$$libinit$$0000000E)
    __rt_lib_init_return                     0x080001e7   Thumb Code     0  libinit2.o(.ARM.Collect$$libinit$$00000033)
    __rt_lib_init_signal_1                   0x080001e7   Thumb Code     0  libinit2.o(.ARM.Collect$$libinit$$0000001D)
    __rt_lib_init_stdio_1                    0x080001e7   Thumb Code     0  libinit2.o(.ARM.Collect$$libinit$$00000025)
    __rt_lib_init_user_alloc_1               0x080001e7   Thumb Code     0  libinit2.o(.ARM.Collect$$libinit$$0000000C)
    __rt_lib_shutdown                        0x080001e9   Thumb Code     0  libshutdown.o(.ARM.Collect$$libshutdown$$00000000)
    __rt_lib_shutdown_cpp_1                  0x080001eb   Thumb Code     0  libshutdown2.o(.ARM.Collect$$libshutdown$$00000004)
    __rt_lib_shutdown_fini_1                 0x080001eb   Thumb Code     0  libshutdown2.o(.ARM.Collect$$libshutdown$$00000002)
    __rt_lib_shutdown_fp_trap_1              0x080001eb   Thumb Code     0  libshutdown2.o(.ARM.Collect$$libshutdown$$00000009)
    __rt_lib_shutdown_heap_1                 0x080001eb   Thumb Code     0  libshutdown2.o(.ARM.Collect$$libshutdown$$00000011)
    __rt_lib_shutdown_return                 0x080001eb   Thumb Code     0  libshutdown2.o(.ARM.Collect$$libshutdown$$00000012)
    __rt_lib_shutdown_signal_1               0x080001eb   Thumb Code     0  libshutdown2.o(.ARM.Collect$$libshutdown$$0000000C)
    __rt_lib_shutdown_stdio_1                0x080001eb   Thumb Code     0  libshutdown2.o(.ARM.Collect$$libshutdown$$00000006)
    __rt_lib_shutdown_user_alloc_1           0x080001eb   Thumb Code     0  libshutdown2.o(.ARM.Collect$$libshutdown$$0000000E)
    __rt_entry                               0x080001ed   Thumb Code     0  __rtentry.o(.ARM.Collect$$rtentry$$00000000)
    __rt_entry_presh_1                       0x080001ed   Thumb Code     0  __rtentry2.o(.ARM.Collect$$rtentry$$00000002)
    __rt_entry_sh                            0x080001ed   Thumb Code     0  __rtentry4.o(.ARM.Collect$$rtentry$$00000004)
    __rt_entry_li                            0x080001f3   Thumb Code     0  __rtentry2.o(.ARM.Collect$$rtentry$$0000000A)
    __rt_entry_postsh_1                      0x080001f3   Thumb Code     0  __rtentry2.o(.ARM.Collect$$rtentry$$00000009)
    __rt_entry_main                          0x080001f7   Thumb Code     0  __rtentry2.o(.ARM.Collect$$rtentry$$0000000D)
    __rt_entry_postli_1                      0x080001f7   Thumb Code     0  __rtentry2.o(.ARM.Collect$$rtentry$$0000000C)
    __rt_exit                                0x080001ff   Thumb Code     0  rtexit.o(.ARM.Collect$$rtexit$$00000000)
    __rt_exit_ls                             0x08000201   Thumb Code     0  rtexit2.o(.ARM.Collect$$rtexit$$00000003)
    __rt_exit_prels_1                        0x08000201   Thumb Code     0  rtexit2.o(.ARM.Collect$$rtexit$$00000002)
    __rt_exit_exit                           0x08000205   Thumb Code     0  rtexit2.o(.ARM.Collect$$rtexit$$00000004)
    Task_Test_1_task                         0x0800020d   Thumb Code    44  main.o(.text)
    Task_Test_2_task                         0x08000239   Thumb Code    24  main.o(.text)
    Task_Test_3_task                         0x08000251   Thumb Code    24  main.o(.text)
    Check_Stack_Cup_task                     0x08000269   Thumb Code    24  main.o(.text)
    start_task                               0x08000281   Thumb Code   366  main.o(.text)
    main                                     0x080003ef   Thumb Code   210  main.o(.text)
    NMI_Handler                              0x08000551   Thumb Code     2  stm32f10x_it.o(.text)
    HardFault_Handler                        0x08000553   Thumb Code     4  stm32f10x_it.o(.text)
    MemManage_Handler                        0x08000557   Thumb Code     4  stm32f10x_it.o(.text)
    BusFault_Handler                         0x0800055b   Thumb Code     4  stm32f10x_it.o(.text)
    UsageFault_Handler                       0x0800055f   Thumb Code     4  stm32f10x_it.o(.text)
    SVC_Handler                              0x08000563   Thumb Code     2  stm32f10x_it.o(.text)
    DebugMon_Handler                         0x08000565   Thumb Code     2  stm32f10x_it.o(.text)
    SystemInit                               0x08000647   Thumb Code    78  system_stm32f10x.o(.text)
    SystemCoreClockUpdate                    0x08000695   Thumb Code   142  system_stm32f10x.o(.text)
    delay_osschedlock                        0x08000749   Thumb Code    10  delay.o(.text)
    delay_osschedunlock                      0x08000753   Thumb Code    10  delay.o(.text)
    delay_ostimedly                          0x0800075d   Thumb Code    16  delay.o(.text)
    SysTick_Handler                          0x0800076d   Thumb Code    24  delay.o(.text)
    delay_init                               0x08000785   Thumb Code    92  delay.o(.text)
    delay_us                                 0x080007e1   Thumb Code    86  delay.o(.text)
    delay_ms                                 0x08000837   Thumb Code    66  delay.o(.text)
    Reset_Handler                            0x08000895   Thumb Code     8  startup_stm32f10x_hd.o(.text)
    ADC1_2_IRQHandler                        0x080008af   Thumb Code     0  startup_stm32f10x_hd.o(.text)
    ADC3_IRQHandler                          0x080008af   Thumb Code     0  startup_stm32f10x_hd.o(.text)
    CAN1_RX1_IRQHandler                      0x080008af   Thumb Code     0  startup_stm32f10x_hd.o(.text)
    CAN1_SCE_IRQHandler                      0x080008af   Thumb Code     0  startup_stm32f10x_hd.o(.text)
    DMA1_Channel1_IRQHandler                 0x080008af   Thumb Code     0  startup_stm32f10x_hd.o(.text)
    DMA1_Channel2_IRQHandler                 0x080008af   Thumb Code     0  startup_stm32f10x_hd.o(.text)
    DMA1_Channel3_IRQHandler                 0x080008af   Thumb Code     0  startup_stm32f10x_hd.o(.text)
    DMA1_Channel4_IRQHandler                 0x080008af   Thumb Code     0  startup_stm32f10x_hd.o(.text)
    DMA1_Channel5_IRQHandler                 0x080008af   Thumb Code     0  startup_stm32f10x_hd.o(.text)
    DMA1_Channel6_IRQHandler                 0x080008af   Thumb Code     0  startup_stm32f10x_hd.o(.text)
    DMA1_Channel7_IRQHandler                 0x080008af   Thumb Code     0  startup_stm32f10x_hd.o(.text)
    DMA2_Channel1_IRQHandler                 0x080008af   Thumb Code     0  startup_stm32f10x_hd.o(.text)
    DMA2_Channel2_IRQHandler                 0x080008af   Thumb Code     0  startup_stm32f10x_hd.o(.text)
    DMA2_Channel3_IRQHandler                 0x080008af   Thumb Code     0  startup_stm32f10x_hd.o(.text)
    DMA2_Channel4_5_IRQHandler               0x080008af   Thumb Code     0  startup_stm32f10x_hd.o(.text)
    EXTI0_IRQHandler                         0x080008af   Thumb Code     0  startup_stm32f10x_hd.o(.text)
    EXTI15_10_IRQHandler                     0x080008af   Thumb Code     0  startup_stm32f10x_hd.o(.text)
    EXTI1_IRQHandler                         0x080008af   Thumb Code     0  startup_stm32f10x_hd.o(.text)
    EXTI2_IRQHandler                         0x080008af   Thumb Code     0  startup_stm32f10x_hd.o(.text)
    EXTI3_IRQHandler                         0x080008af   Thumb Code     0  startup_stm32f10x_hd.o(.text)
    EXTI4_IRQHandler                         0x080008af   Thumb Code     0  startup_stm32f10x_hd.o(.text)
    EXTI9_5_IRQHandler                       0x080008af   Thumb Code     0  startup_stm32f10x_hd.o(.text)
    FLASH_IRQHandler                         0x080008af   Thumb Code     0  startup_stm32f10x_hd.o(.text)
    FSMC_IRQHandler                          0x080008af   Thumb Code     0  startup_stm32f10x_hd.o(.text)
    I2C1_ER_IRQHandler                       0x080008af   Thumb Code     0  startup_stm32f10x_hd.o(.text)
    I2C1_EV_IRQHandler                       0x080008af   Thumb Code     0  startup_stm32f10x_hd.o(.text)
    I2C2_ER_IRQHandler                       0x080008af   Thumb Code     0  startup_stm32f10x_hd.o(.text)
    I2C2_EV_IRQHandler                       0x080008af   Thumb Code     0  startup_stm32f10x_hd.o(.text)
    PVD_IRQHandler                           0x080008af   Thumb Code     0  startup_stm32f10x_hd.o(.text)
    RCC_IRQHandler                           0x080008af   Thumb Code     0  startup_stm32f10x_hd.o(.text)
    RTCAlarm_IRQHandler                      0x080008af   Thumb Code     0  startup_stm32f10x_hd.o(.text)
    RTC_IRQHandler                           0x080008af   Thumb Code     0  startup_stm32f10x_hd.o(.text)
    SDIO_IRQHandler                          0x080008af   Thumb Code     0  startup_stm32f10x_hd.o(.text)
    SPI1_IRQHandler                          0x080008af   Thumb Code     0  startup_stm32f10x_hd.o(.text)
    SPI2_IRQHandler                          0x080008af   Thumb Code     0  startup_stm32f10x_hd.o(.text)
    SPI3_IRQHandler                          0x080008af   Thumb Code     0  startup_stm32f10x_hd.o(.text)
    TAMPER_IRQHandler                        0x080008af   Thumb Code     0  startup_stm32f10x_hd.o(.text)
    TIM1_BRK_IRQHandler                      0x080008af   Thumb Code     0  startup_stm32f10x_hd.o(.text)
    TIM1_CC_IRQHandler                       0x080008af   Thumb Code     0  startup_stm32f10x_hd.o(.text)
    TIM1_TRG_COM_IRQHandler                  0x080008af   Thumb Code     0  startup_stm32f10x_hd.o(.text)
    TIM1_UP_IRQHandler                       0x080008af   Thumb Code     0  startup_stm32f10x_hd.o(.text)
    TIM2_IRQHandler                          0x080008af   Thumb Code     0  startup_stm32f10x_hd.o(.text)
    TIM3_IRQHandler                          0x080008af   Thumb Code     0  startup_stm32f10x_hd.o(.text)
    TIM4_IRQHandler                          0x080008af   Thumb Code     0  startup_stm32f10x_hd.o(.text)
    TIM5_IRQHandler                          0x080008af   Thumb Code     0  startup_stm32f10x_hd.o(.text)
    TIM6_IRQHandler                          0x080008af   Thumb Code     0  startup_stm32f10x_hd.o(.text)
    TIM7_IRQHandler                          0x080008af   Thumb Code     0  startup_stm32f10x_hd.o(.text)
    TIM8_BRK_IRQHandler                      0x080008af   Thumb Code     0  startup_stm32f10x_hd.o(.text)
    TIM8_CC_IRQHandler                       0x080008af   Thumb Code     0  startup_stm32f10x_hd.o(.text)
    TIM8_TRG_COM_IRQHandler                  0x080008af   Thumb Code     0  startup_stm32f10x_hd.o(.text)
    TIM8_UP_IRQHandler                       0x080008af   Thumb Code     0  startup_stm32f10x_hd.o(.text)
    UART4_IRQHandler                         0x080008af   Thumb Code     0  startup_stm32f10x_hd.o(.text)
    UART5_IRQHandler                         0x080008af   Thumb Code     0  startup_stm32f10x_hd.o(.text)
    USART1_IRQHandler                        0x080008af   Thumb Code     0  startup_stm32f10x_hd.o(.text)
    USART2_IRQHandler                        0x080008af   Thumb Code     0  startup_stm32f10x_hd.o(.text)
    USART3_IRQHandler                        0x080008af   Thumb Code     0  startup_stm32f10x_hd.o(.text)
    USBWakeUp_IRQHandler                     0x080008af   Thumb Code     0  startup_stm32f10x_hd.o(.text)
    USB_HP_CAN1_TX_IRQHandler                0x080008af   Thumb Code     0  startup_stm32f10x_hd.o(.text)
    USB_LP_CAN1_RX0_IRQHandler               0x080008af   Thumb Code     0  startup_stm32f10x_hd.o(.text)
    WWDG_IRQHandler                          0x080008af   Thumb Code     0  startup_stm32f10x_hd.o(.text)
    __user_initial_stackheap                 0x080008b1   Thumb Code     0  startup_stm32f10x_hd.o(.text)
    NVIC_PriorityGroupConfig                 0x080008d5   Thumb Code    10  misc.o(.text)
    NVIC_Init                                0x080008df   Thumb Code   100  misc.o(.text)
    NVIC_SetVectorTable                      0x08000943   Thumb Code    14  misc.o(.text)
    NVIC_SystemLPConfig                      0x08000951   Thumb Code    34  misc.o(.text)
    SysTick_CLKSourceConfig                  0x08000973   Thumb Code    40  misc.o(.text)
    RCC_DeInit                               0x080009b1   Thumb Code    64  stm32f10x_rcc.o(.text)
    RCC_HSEConfig                            0x080009f1   Thumb Code    70  stm32f10x_rcc.o(.text)
    RCC_GetFlagStatus                        0x08000a37   Thumb Code    56  stm32f10x_rcc.o(.text)
    RCC_WaitForHSEStartUp                    0x08000a6f   Thumb Code    56  stm32f10x_rcc.o(.text)
    RCC_AdjustHSICalibrationValue            0x08000aa7   Thumb Code    20  stm32f10x_rcc.o(.text)
    RCC_HSICmd                               0x08000abb   Thumb Code     6  stm32f10x_rcc.o(.text)
    RCC_PLLConfig                            0x08000ac1   Thumb Code    24  stm32f10x_rcc.o(.text)
    RCC_PLLCmd                               0x08000ad9   Thumb Code     6  stm32f10x_rcc.o(.text)
    RCC_SYSCLKConfig                         0x08000adf   Thumb Code    18  stm32f10x_rcc.o(.text)
    RCC_GetSYSCLKSource                      0x08000af1   Thumb Code    10  stm32f10x_rcc.o(.text)
    RCC_HCLKConfig                           0x08000afb   Thumb Code    18  stm32f10x_rcc.o(.text)
    RCC_PCLK1Config                          0x08000b0d   Thumb Code    18  stm32f10x_rcc.o(.text)
    RCC_PCLK2Config                          0x08000b1f   Thumb Code    20  stm32f10x_rcc.o(.text)
    RCC_ITConfig                             0x08000b33   Thumb Code    26  stm32f10x_rcc.o(.text)
    RCC_USBCLKConfig                         0x08000b4d   Thumb Code     8  stm32f10x_rcc.o(.text)
    RCC_ADCCLKConfig                         0x08000b55   Thumb Code    18  stm32f10x_rcc.o(.text)
    RCC_LSEConfig                            0x08000b67   Thumb Code    50  stm32f10x_rcc.o(.text)
    RCC_LSICmd                               0x08000b99   Thumb Code     6  stm32f10x_rcc.o(.text)
    RCC_RTCCLKConfig                         0x08000b9f   Thumb Code    12  stm32f10x_rcc.o(.text)
    RCC_RTCCLKCmd                            0x08000bab   Thumb Code     8  stm32f10x_rcc.o(.text)
    RCC_GetClocksFreq                        0x08000bb3   Thumb Code   192  stm32f10x_rcc.o(.text)
    RCC_AHBPeriphClockCmd                    0x08000c73   Thumb Code    26  stm32f10x_rcc.o(.text)
    RCC_APB2PeriphClockCmd                   0x08000c8d   Thumb Code    26  stm32f10x_rcc.o(.text)
    RCC_APB1PeriphClockCmd                   0x08000ca7   Thumb Code    26  stm32f10x_rcc.o(.text)
    RCC_APB2PeriphResetCmd                   0x08000cc1   Thumb Code    26  stm32f10x_rcc.o(.text)
    RCC_APB1PeriphResetCmd                   0x08000cdb   Thumb Code    26  stm32f10x_rcc.o(.text)
    RCC_BackupResetCmd                       0x08000cf5   Thumb Code     8  stm32f10x_rcc.o(.text)
    RCC_ClockSecuritySystemCmd               0x08000cfd   Thumb Code     6  stm32f10x_rcc.o(.text)
    RCC_MCOConfig                            0x08000d03   Thumb Code     6  stm32f10x_rcc.o(.text)
    RCC_ClearFlag                            0x08000d09   Thumb Code    14  stm32f10x_rcc.o(.text)
    RCC_GetITStatus                          0x08000d17   Thumb Code    20  stm32f10x_rcc.o(.text)
    RCC_ClearITPendingBit                    0x08000d2b   Thumb Code     6  stm32f10x_rcc.o(.text)
    BSP_CPU_ClkFreq                          0x08000d55   Thumb Code    16  bsp.o(.text)
    CPU_TS_TmrInit                           0x08000d65   Thumb Code    44  bsp.o(.text)
    CPU_TS_TmrRd                             0x08000d91   Thumb Code     6  bsp.o(.text)
    CPU_TS32_to_uSec                         0x08000d97   Thumb Code    54  bsp.o(.text)
    CPU_NameClr                              0x08000dd9   Thumb Code    42  cpu_core.o(.text)
    CPU_Init                                 0x08000e19   Thumb Code    12  cpu_core.o(.text)
    CPU_SW_Exception                         0x08000e25   Thumb Code     4  cpu_core.o(.text)
    CPU_NameGet                              0x08000e29   Thumb Code    70  cpu_core.o(.text)
    CPU_NameSet                              0x08000e6f   Thumb Code    96  cpu_core.o(.text)
    CPU_TS_Get32                             0x08000ecf   Thumb Code    12  cpu_core.o(.text)
    CPU_TS_Update                            0x08000edb   Thumb Code     2  cpu_core.o(.text)
    CPU_TS_TmrFreqGet                        0x08000edd   Thumb Code    30  cpu_core.o(.text)
    CPU_TS_TmrFreqSet                        0x08000efb   Thumb Code     6  cpu_core.o(.text)
    CPU_CntLeadZeros08                       0x08000f01   Thumb Code    18  cpu_core.o(.text)
    CPU_CntLeadZeros16                       0x08000f13   Thumb Code    18  cpu_core.o(.text)
    CPU_CntLeadZeros32                       0x08000f25   Thumb Code    18  cpu_core.o(.text)
    CPU_CntLeadZeros64                       0x08000f37   Thumb Code   188  cpu_core.o(.text)
    CPU_CntTrailZeros08                      0x08000ff3   Thumb Code    22  cpu_core.o(.text)
    CPU_CntTrailZeros16                      0x08001009   Thumb Code    22  cpu_core.o(.text)
    CPU_CntTrailZeros32                      0x0800101f   Thumb Code    22  cpu_core.o(.text)
    CPU_CntTrailZeros64                      0x08001035   Thumb Code    62  cpu_core.o(.text)
    CPU_IntDis                               0x08001081   Thumb Code     0  cpu_a.o(.text)
    CPU_IntEn                                0x08001085   Thumb Code     0  cpu_a.o(.text)
    CPU_SR_Save                              0x08001089   Thumb Code     0  cpu_a.o(.text)
    CPU_SR_Restore                           0x08001091   Thumb Code     0  cpu_a.o(.text)
    CPU_WaitForInt                           0x08001097   Thumb Code     0  cpu_a.o(.text)
    CPU_WaitForExcept                        0x0800109b   Thumb Code     0  cpu_a.o(.text)
    CPU_CntLeadZeros                         0x0800109f   Thumb Code     0  cpu_a.o(.text)
    CPU_CntTrailZeros                        0x080010a5   Thumb Code     0  cpu_a.o(.text)
    CPU_RevBits                              0x080010af   Thumb Code     0  cpu_a.o(.text)
    ASCII_IsAlpha                            0x080010b5   Thumb Code    48  lib_ascii.o(.text)
    ASCII_IsAlphaNum                         0x080010e5   Thumb Code    76  lib_ascii.o(.text)
    ASCII_IsLower                            0x08001131   Thumb Code    20  lib_ascii.o(.text)
    ASCII_IsUpper                            0x08001145   Thumb Code    20  lib_ascii.o(.text)
    ASCII_IsDig                              0x08001159   Thumb Code    20  lib_ascii.o(.text)
    ASCII_IsDigOct                           0x0800116d   Thumb Code    20  lib_ascii.o(.text)
    ASCII_IsDigHex                           0x08001181   Thumb Code    36  lib_ascii.o(.text)
    ASCII_IsBlank                            0x080011a5   Thumb Code    20  lib_ascii.o(.text)
    ASCII_IsSpace                            0x080011b9   Thumb Code    36  lib_ascii.o(.text)
    ASCII_IsPrint                            0x080011dd   Thumb Code    20  lib_ascii.o(.text)
    ASCII_IsGraph                            0x080011f1   Thumb Code    20  lib_ascii.o(.text)
    ASCII_IsPunct                            0x08001205   Thumb Code   134  lib_ascii.o(.text)
    ASCII_IsCtrl                             0x0800128b   Thumb Code    26  lib_ascii.o(.text)
    ASCII_ToLower                            0x080012a5   Thumb Code    32  lib_ascii.o(.text)
    ASCII_ToUpper                            0x080012c5   Thumb Code    32  lib_ascii.o(.text)
    ASCII_Cmp                                0x080012e5   Thumb Code    38  lib_ascii.o(.text)
    Mem_Init                                 0x0800130d   Thumb Code    54  lib_mem.o(.text)
    Mem_Set                                  0x08001343   Thumb Code    84  lib_mem.o(.text)
    Mem_Clr                                  0x08001397   Thumb Code    18  lib_mem.o(.text)
    Mem_Move                                 0x080013a9   Thumb Code   186  lib_mem.o(.text)
    Mem_Cmp                                  0x08001463   Thumb Code   192  lib_mem.o(.text)
    Mem_HeapAlloc                            0x0800159b   Thumb Code   168  lib_mem.o(.text)
    Mem_SegGetSizeRem                        0x08001643   Thumb Code   108  lib_mem.o(.text)
    Mem_HeapGetSizeRem                       0x080016af   Thumb Code    22  lib_mem.o(.text)
    Mem_PoolClr                              0x080016c5   Thumb Code    80  lib_mem.o(.text)
    Mem_PoolCreate                           0x08001715   Thumb Code   838  lib_mem.o(.text)
    Mem_PoolBlkGetNbrAvail                   0x08001a5b   Thumb Code    52  lib_mem.o(.text)
    Mem_PoolBlkGet                           0x08001a8f   Thumb Code   126  lib_mem.o(.text)
    Mem_PoolBlkGetUsedAtIx                   0x08001b0d   Thumb Code   140  lib_mem.o(.text)
    Mem_PoolBlkFree                          0x08001b99   Thumb Code   152  lib_mem.o(.text)
    Mem_PoolBlkIxGet                         0x08001c31   Thumb Code   162  lib_mem.o(.text)
    Str_Len_N                                0x08001cd5   Thumb Code    28  lib_str.o(.text)
    Str_Len                                  0x08001cf1   Thumb Code    20  lib_str.o(.text)
    Str_Copy_N                               0x08001d05   Thumb Code    70  lib_str.o(.text)
    Str_Copy                                 0x08001d4b   Thumb Code    24  lib_str.o(.text)
    Str_Cat_N                                0x08001d63   Thumb Code    90  lib_str.o(.text)
    Str_Cat                                  0x08001dbd   Thumb Code    24  lib_str.o(.text)
    Str_Cmp_N                                0x08001dd5   Thumb Code   156  lib_str.o(.text)
    Str_Cmp                                  0x08001e71   Thumb Code    24  lib_str.o(.text)
    Str_CmpIgnoreCase_N                      0x08001e89   Thumb Code   264  lib_str.o(.text)
    Str_CmpIgnoreCase                        0x08001f91   Thumb Code    24  lib_str.o(.text)
    Str_Char_N                               0x08001fa9   Thumb Code    74  lib_str.o(.text)
    Str_Char                                 0x08001ff3   Thumb Code    24  lib_str.o(.text)
    Str_Char_Last_N                          0x0800200b   Thumb Code    76  lib_str.o(.text)
    Str_Char_Last                            0x08002057   Thumb Code    24  lib_str.o(.text)
    Str_Char_Replace_N                       0x0800206f   Thumb Code    52  lib_str.o(.text)
    Str_Char_Replace                         0x080020a3   Thumb Code    28  lib_str.o(.text)
    Str_Str_N                                0x080020bf   Thumb Code   182  lib_str.o(.text)
    Str_Str                                  0x08002175   Thumb Code    24  lib_str.o(.text)
    Str_FmtNbr_Int32U                        0x08002369   Thumb Code    46  lib_str.o(.text)
    Str_FmtNbr_Int32S                        0x08002397   Thumb Code    62  lib_str.o(.text)
    Str_ParseNbr_Int32U                      0x08002593   Thumb Code    30  lib_str.o(.text)
    Str_ParseNbr_Int32S                      0x080025b1   Thumb Code    74  lib_str.o(.text)
    Mem_Copy                                 0x08002601   Thumb Code     0  lib_mem_a.o(.text)
    OSCfg_Init                               0x08002821   Thumb Code    86  os_cfg_app.o(.text)
    OS_IdleTask                              0x0800291d   Thumb Code    60  os_core.o(.text)
    OS_IdleTaskInit                          0x08002959   Thumb Code    68  os_core.o(.text)
    OS_RdyListInit                           0x0800299d   Thumb Code    32  os_core.o(.text)
    OSInit                                   0x080029bd   Thumb Code   300  os_core.o(.text)
    OSIntEnter                               0x08002ae9   Thumb Code    34  os_core.o(.text)
    OSIntExit                                0x08002b0b   Thumb Code   192  os_core.o(.text)
    OSSched                                  0x08002bcb   Thumb Code   134  os_core.o(.text)
    OS_SchedLockTimeMeasStart                0x08002c51   Thumb Code    20  os_core.o(.text)
    OSSchedLock                              0x08002c65   Thumb Code   104  os_core.o(.text)
    OS_SchedLockTimeMeasStop                 0x08002ccd   Thumb Code    44  os_core.o(.text)
    OSSchedUnlock                            0x08002cf9   Thumb Code   290  os_core.o(.text)
    OSSchedRoundRobinCfg                     0x08002e1b   Thumb Code    88  os_core.o(.text)
    OS_RdyListMoveHeadToTail                 0x08002e73   Thumb Code    68  os_core.o(.text)
    OSSchedRoundRobinYield                   0x08002eb7   Thumb Code   164  os_core.o(.text)
    OSStart                                  0x08002f5b   Thumb Code    78  os_core.o(.text)
    OSVersion                                0x08002fa9   Thumb Code    12  os_core.o(.text)
    OS_PendDbgNameAdd                        0x08002fb5   Thumb Code    66  os_core.o(.text)
    OS_PendListInsertPrio                    0x08002ff7   Thumb Code   102  os_core.o(.text)
    OS_PendDataInit                          0x0800305d   Thumb Code    38  os_core.o(.text)
    OS_RdyListRemove                         0x08003083   Thumb Code    86  os_core.o(.text)
    OS_TaskBlock                             0x080030d9   Thumb Code    56  os_core.o(.text)
    OS_Pend                                  0x08003111   Thumb Code    98  os_core.o(.text)
    OS_PendListRemove1                       0x08003173   Thumb Code   134  os_core.o(.text)
    OS_PendListRemove                        0x080031f9   Thumb Code    48  os_core.o(.text)
    OS_PendAbort1                            0x08003229   Thumb Code    36  os_core.o(.text)
    OS_RdyListInsertHead                     0x0800324d   Thumb Code    58  os_core.o(.text)
    OS_RdyListInsertTail                     0x08003287   Thumb Code    56  os_core.o(.text)
    OS_RdyListInsert                         0x080032bf   Thumb Code    40  os_core.o(.text)
    OS_TaskRdy                               0x080032e7   Thumb Code    28  os_core.o(.text)
    OS_PendAbort                             0x08003303   Thumb Code   166  os_core.o(.text)
    OS_PendDbgNameRemove                     0x080033a9   Thumb Code    34  os_core.o(.text)
    OS_PendListChangePrio                    0x080033cb   Thumb Code    70  os_core.o(.text)
    OS_PendListInit                          0x08003411   Thumb Code    10  os_core.o(.text)
    OS_PendListInsertHead                    0x0800341b   Thumb Code    32  os_core.o(.text)
    OS_PendObjDel1                           0x0800343b   Thumb Code    36  os_core.o(.text)
    OS_PendObjDel                            0x0800345f   Thumb Code   162  os_core.o(.text)
    OS_Post1                                 0x08003501   Thumb Code    42  os_core.o(.text)
    OS_Post                                  0x0800352b   Thumb Code   192  os_core.o(.text)
    OS_Sched0                                0x080035eb   Thumb Code   102  os_core.o(.text)
    OS_SchedRoundRobin                       0x08003651   Thumb Code   190  os_core.o(.text)
    OS_Dbg_Init                              0x08003721   Thumb Code   146  os_dbg.o(.text)
    OS_FlagDbgListAdd                        0x080038d1   Thumb Code    38  os_flag.o(.text)
    OSFlagCreate                             0x080038f7   Thumb Code   172  os_flag.o(.text)
    OS_FlagClr                               0x080039a3   Thumb Code    28  os_flag.o(.text)
    OS_FlagDbgListRemove                     0x080039bf   Thumb Code    44  os_flag.o(.text)
    OSFlagDel                                0x080039eb   Thumb Code   594  os_flag.o(.text)
    OS_FlagBlock                             0x08003c3d   Thumb Code    58  os_flag.o(.text)
    OSFlagPend                               0x08003c77   Thumb Code  1488  os_flag.o(.text)
    OSFlagPendAbort                          0x08004247   Thumb Code   292  os_flag.o(.text)
    OSFlagPendGetFlagsRdy                    0x0800436b   Thumb Code    68  os_flag.o(.text)
    OS_FlagTaskRdy                           0x080043af   Thumb Code    86  os_flag.o(.text)
    OS_FlagPost                              0x08004405   Thumb Code   570  os_flag.o(.text)
    OSFlagPost                               0x0800463f   Thumb Code   146  os_flag.o(.text)
    OS_FlagInit                              0x080046d1   Thumb Code    14  os_flag.o(.text)
    OS_IntQPost                              0x080046f9   Thumb Code   216  os_int.o(.text)
    OS_IntQRePost                            0x080047d1   Thumb Code   360  os_int.o(.text)
    OS_IntQTask                              0x08004939   Thumb Code   162  os_int.o(.text)
    OS_IntQTaskInit                          0x080049db   Thumb Code   208  os_int.o(.text)
    OS_MemDbgListAdd                         0x08004b3d   Thumb Code    34  os_mem.o(.text)
    OSMemCreate                              0x08004b5f   Thumb Code   288  os_mem.o(.text)
    OSMemGet                                 0x08004c7f   Thumb Code   100  os_mem.o(.text)
    OSMemPut                                 0x08004ce3   Thumb Code   112  os_mem.o(.text)
    OS_MemInit                               0x08004d53   Thumb Code    14  os_mem.o(.text)
    OS_MsgPoolCreate                         0x08004d75   Thumb Code    54  os_msg.o(.text)
    OS_MsgPoolInit                           0x08004dab   Thumb Code    70  os_msg.o(.text)
    OS_MsgQFreeAll                           0x08004df1   Thumb Code    62  os_msg.o(.text)
    OS_MsgQInit                              0x08004e2f   Thumb Code    14  os_msg.o(.text)
    OS_MsgQGet                               0x08004e3d   Thumb Code    98  os_msg.o(.text)
    OS_MsgQPut                               0x08004e9f   Thumb Code   246  os_msg.o(.text)
    OS_MutexDbgListAdd                       0x08004fa1   Thumb Code    38  os_mutex.o(.text)
    OSMutexCreate                            0x08004fc7   Thumb Code   178  os_mutex.o(.text)
    OS_MutexClr                              0x08005079   Thumb Code    38  os_mutex.o(.text)
    OS_MutexDbgListRemove                    0x0800509f   Thumb Code    44  os_mutex.o(.text)
    OSMutexDel                               0x080050cb   Thumb Code   842  os_mutex.o(.text)
    OSMutexPend                              0x08005415   Thumb Code   706  os_mutex.o(.text)
    OSMutexPendAbort                         0x080056d7   Thumb Code   314  os_mutex.o(.text)
    OSMutexPost                              0x08005811   Thumb Code   564  os_mutex.o(.text)
    OS_MutexInit                             0x08005a45   Thumb Code    14  os_mutex.o(.text)
    OS_PrioInit                              0x08005a75   Thumb Code    20  os_prio.o(.text)
    OS_PrioGetHighest                        0x08005a89   Thumb Code    36  os_prio.o(.text)
    OS_PrioInsert                            0x08005aad   Thumb Code    32  os_prio.o(.text)
    OS_PrioRemove                            0x08005acd   Thumb Code    32  os_prio.o(.text)
    OS_QDbgListAdd                           0x08005af1   Thumb Code    38  os_q.o(.text)
    OSQCreate                                0x08005b17   Thumb Code   186  os_q.o(.text)
    OS_QClr                                  0x08005bd1   Thumb Code    40  os_q.o(.text)
    OS_QDbgListRemove                        0x08005bf9   Thumb Code    44  os_q.o(.text)
    OSQDel                                   0x08005c25   Thumb Code   362  os_q.o(.text)
    OSQFlush                                 0x08005d8f   Thumb Code   210  os_q.o(.text)
    OSQPend                                  0x08005e61   Thumb Code   538  os_q.o(.text)
    OSQPendAbort                             0x0800607b   Thumb Code   292  os_q.o(.text)
    OS_QPost                                 0x0800619f   Thumb Code   324  os_q.o(.text)
    OSQPost                                  0x080062e3   Thumb Code   198  os_q.o(.text)
    OS_QInit                                 0x080063a9   Thumb Code    14  os_q.o(.text)
    OS_SemDbgListAdd                         0x080063c9   Thumb Code    38  os_sem.o(.text)
    OSSemCreate                              0x080063ef   Thumb Code   172  os_sem.o(.text)
    OS_SemClr                                0x0800649b   Thumb Code    28  os_sem.o(.text)
    OS_SemDbgListRemove                      0x080064b7   Thumb Code    44  os_sem.o(.text)
    OSSemDel                                 0x080064e3   Thumb Code   362  os_sem.o(.text)
    OSSemPend                                0x0800664d   Thumb Code   504  os_sem.o(.text)
    OSSemPendAbort                           0x08006845   Thumb Code   292  os_sem.o(.text)
    OS_SemPost                               0x08006969   Thumb Code   350  os_sem.o(.text)
    OSSemPost                                0x08006ac7   Thumb Code   144  os_sem.o(.text)
    OSSemSet                                 0x08006b57   Thumb Code   138  os_sem.o(.text)
    OS_SemInit                               0x08006be1   Thumb Code    14  os_sem.o(.text)
    OSStatReset                              0x08006bf9   Thumb Code   270  os_stat.o(.text)
    OSStatTaskCPUUsageInit                   0x08006d07   Thumb Code   212  os_stat.o(.text)
    OS_StatTask                              0x08006ddb   Thumb Code   888  os_stat.o(.text)
    OS_StatTaskInit                          0x08007153   Thumb Code   138  os_stat.o(.text)
    OSTaskChangePrio                         0x08007231   Thumb Code   416  os_task.o(.text)
    OS_TaskDbgListAdd                        0x080073d1   Thumb Code    42  os_task.o(.text)
    OS_TaskInitTCB                           0x080073fb   Thumb Code   186  os_task.o(.text)
    OSTaskCreate                             0x080074b5   Thumb Code   616  os_task.o(.text)
    OS_TaskDbgListRemove                     0x0800771d   Thumb Code    64  os_task.o(.text)
    OSTaskDel                                0x0800775d   Thumb Code   424  os_task.o(.text)
    OSTaskQFlush                             0x08007905   Thumb Code   214  os_task.o(.text)
    OSTaskQPend                              0x080079db   Thumb Code   554  os_task.o(.text)
    OSTaskQPendAbort                         0x08007c05   Thumb Code   242  os_task.o(.text)
    OS_TaskQPost                             0x08007cf7   Thumb Code   526  os_task.o(.text)
    OSTaskQPost                              0x08007f05   Thumb Code   114  os_task.o(.text)
    OSTaskRegGet                             0x08007f77   Thumb Code    78  os_task.o(.text)
    OSTaskRegGetID                           0x08007fc5   Thumb Code    84  os_task.o(.text)
    OSTaskRegSet                             0x08008019   Thumb Code    78  os_task.o(.text)
    OS_TaskResume                            0x08008067   Thumb Code   314  os_task.o(.text)
    OSTaskResume                             0x080081a1   Thumb Code   112  os_task.o(.text)
    OSTaskSemPend                            0x08008211   Thumb Code   550  os_task.o(.text)
    OSTaskSemPendAbort                       0x08008437   Thumb Code   270  os_task.o(.text)
    OS_TaskSemPost                           0x08008545   Thumb Code  1224  os_task.o(.text)
    OSTaskSemPost                            0x08008a0d   Thumb Code    98  os_task.o(.text)
    OSTaskSemSet                             0x08008a6f   Thumb Code    80  os_task.o(.text)
    OSTaskStkChk                             0x08008abf   Thumb Code   224  os_task.o(.text)
    OS_TaskSuspend                           0x08008b9f   Thumb Code   328  os_task.o(.text)
    OSTaskSuspend                            0x08008ce7   Thumb Code    78  os_task.o(.text)
    OSTaskTimeQuantaSet                      0x08008d35   Thumb Code    96  os_task.o(.text)
    OS_TaskInit                              0x08008d95   Thumb Code    18  os_task.o(.text)
    OS_TaskReturn                            0x08008da7   Thumb Code    20  os_task.o(.text)
    OS_TickListRemove                        0x08008de5   Thumb Code    56  os_tick.o(.text)
    OS_TickListUpdate                        0x08008e1d   Thumb Code   480  os_tick.o(.text)
    OS_TickTask                              0x08008ffd   Thumb Code    38  os_tick.o(.text)
    OS_TickListInit                          0x08009023   Thumb Code    32  os_tick.o(.text)
    OS_TickTaskInit                          0x08009043   Thumb Code   130  os_tick.o(.text)
    OS_TickListInsert                        0x080090c5   Thumb Code   502  os_tick.o(.text)
    OS_TickListResetPeak                     0x080092bb   Thumb Code    28  os_tick.o(.text)
    OSTimeDly                                0x080092e1   Thumb Code   266  os_time.o(.text)
    OSTimeDlyHMSM                            0x080093eb   Thumb Code   480  os_time.o(.text)
    OSTimeDlyResume                          0x080095cb   Thumb Code   466  os_time.o(.text)
    OSTimeGet                                0x0800979d   Thumb Code    46  os_time.o(.text)
    OSTimeSet                                0x080097cb   Thumb Code    46  os_time.o(.text)
    OSTimeTick                               0x080097f9   Thumb Code    54  os_time.o(.text)
    OS_TmrDbgListAdd                         0x08009845   Thumb Code    34  os_tmr.o(.text)
    OSTmrCreate                              0x08009867   Thumb Code   248  os_tmr.o(.text)
    OS_TmrClr                                0x0800995f   Thumb Code    36  os_tmr.o(.text)
    OS_TmrUnlink                             0x08009983   Thumb Code    72  os_tmr.o(.text)
    OS_TmrDbgListRemove                      0x080099cb   Thumb Code    44  os_tmr.o(.text)
    OSTmrDel                                 0x080099f7   Thumb Code   176  os_tmr.o(.text)
    OSTmrRemainGet                           0x08009aa7   Thumb Code   184  os_tmr.o(.text)
    OS_TmrLink                               0x08009b5f   Thumb Code   196  os_tmr.o(.text)
    OSTmrStart                               0x08009c23   Thumb Code   210  os_tmr.o(.text)
    OSTmrStateGet                            0x08009cf5   Thumb Code   134  os_tmr.o(.text)
    OSTmrStop                                0x08009d7b   Thumb Code   232  os_tmr.o(.text)
    OS_TmrTask                               0x08009e63   Thumb Code   176  os_tmr.o(.text)
    OS_TmrInit                               0x08009f13   Thumb Code   208  os_tmr.o(.text)
    OS_TmrResetPeak                          0x08009fe3   Thumb Code    28  os_tmr.o(.text)
    OSIdleTaskHook                           0x0800a05d   Thumb Code    16  os_cpu_c.o(.text)
    OSInitHook                               0x0800a06d   Thumb Code    42  os_cpu_c.o(.text)
    OSStatTaskHook                           0x0800a097   Thumb Code    16  os_cpu_c.o(.text)
    OSTaskCreateHook                         0x0800a0a7   Thumb Code    20  os_cpu_c.o(.text)
    OSTaskDelHook                            0x0800a0bb   Thumb Code    20  os_cpu_c.o(.text)
    OSTaskReturnHook                         0x0800a0cf   Thumb Code    20  os_cpu_c.o(.text)
    OSTaskStkInit                            0x0800a0e3   Thumb Code   188  os_cpu_c.o(.text)
    OSTaskSwHook                             0x0800a19f   Thumb Code   120  os_cpu_c.o(.text)
    OSTimeTickHook                           0x0800a217   Thumb Code    16  os_cpu_c.o(.text)
    OS_CPU_SysTickHandler                    0x0800a227   Thumb Code    52  os_cpu_c.o(.text)
    OS_CPU_SysTickInit                       0x0800a25b   Thumb Code    44  os_cpu_c.o(.text)
    IsOverFaultDiagnosePro                   0x0800a2c9   Thumb Code    78  bms_faultdiagnose.o(.text)
    IsUnderFaultDiagnosePro                  0x0800a317   Thumb Code    78  bms_faultdiagnose.o(.text)
    IsOutFaultDiagnosePro                    0x0800a365   Thumb Code    96  bms_faultdiagnose.o(.text)
    FaultDiagnosePro                         0x0800a3c5   Thumb Code   450  bms_faultdiagnose.o(.text)
    ResetFaultDiagDefaultPara                0x0800a587   Thumb Code   944  bms_faultdiagnose.o(.text)
    IsCheckToNormal                          0x0800a95d   Thumb Code     2  bms_systemstateswitching.o(.text)
    IsNormalToDeepSleep                      0x0800a95f   Thumb Code    18  bms_systemstateswitching.o(.text)
    IsNormalToLightSleep                     0x0800a971   Thumb Code    18  bms_systemstateswitching.o(.text)
    IsNormalToLock                           0x0800a983   Thumb Code    18  bms_systemstateswitching.o(.text)
    IsNormalToChging                         0x0800a995   Thumb Code    60  bms_systemstateswitching.o(.text)
    IsNormalToPrechg                         0x0800a9d1   Thumb Code     2  bms_systemstateswitching.o(.text)
    IsPrechgToDchging                        0x0800a9d3   Thumb Code    62  bms_systemstateswitching.o(.text)
    IsChgingToNormal                         0x0800aa11   Thumb Code    60  bms_systemstateswitching.o(.text)
    IsDchgingToNormal                        0x0800aa4d   Thumb Code    62  bms_systemstateswitching.o(.text)
    SystemStateSwitchingPro                  0x0800aa8b   Thumb Code    84  bms_systemstateswitching.o(.text)
    WriteOneRecord                           0x0800aaf9   Thumb Code    74  bms_record.o(.text)
    WriteOneRecordForAlarm                   0x0800ab43   Thumb Code    14  bms_record.o(.text)
    WriteOneRecordForRun                     0x0800ab51   Thumb Code    14  bms_record.o(.text)
    IsRecord_AlarmTotalVol_Over              0x0800ab5f   Thumb Code    46  bms_record.o(.text)
    IsRecord_ProtectTotalVol_Over            0x0800ab8d   Thumb Code    46  bms_record.o(.text)
    IsRecord_AlarmTotalVol_Under             0x0800abbb   Thumb Code    46  bms_record.o(.text)
    IsRecord_ProtectTotalVol_Under           0x0800abe9   Thumb Code    46  bms_record.o(.text)
    IsRecord_AlarmCellVol_Over               0x0800ac17   Thumb Code    46  bms_record.o(.text)
    IsRecord_ProtectCellVol_Over             0x0800ac45   Thumb Code    46  bms_record.o(.text)
    IsRecord_AlarmCellVol_Under              0x0800ac73   Thumb Code    46  bms_record.o(.text)
    IsRecord_ProtectCellVol_Under            0x0800aca1   Thumb Code    46  bms_record.o(.text)
    IsRecord_AlarmChgTemp_Over               0x0800accf   Thumb Code    46  bms_record.o(.text)
    IsRecord_ProtectChgTemp_Over             0x0800acfd   Thumb Code    46  bms_record.o(.text)
    IsRecord_AlarmChgTemp_Under              0x0800ad2b   Thumb Code    46  bms_record.o(.text)
    IsRecord_ProtectChgTemp_Under            0x0800ad59   Thumb Code    46  bms_record.o(.text)
    IsRecord_AlarmDchgTemp_Over              0x0800ad87   Thumb Code    46  bms_record.o(.text)
    IsRecord_ProtectDchgTemp_Over            0x0800adb5   Thumb Code    46  bms_record.o(.text)
    IsRecord_AlarmDchgTemp_Under             0x0800ade3   Thumb Code    46  bms_record.o(.text)
    IsRecord_ProtectDchgTemp_Under           0x0800ae11   Thumb Code    46  bms_record.o(.text)
    IsRecord_AlarmEnvirTemp_Over             0x0800ae3f   Thumb Code    46  bms_record.o(.text)
    IsRecord_ProtectEnvirTemp_Over           0x0800ae6d   Thumb Code    46  bms_record.o(.text)
    IsRecord_AlarmEnvirTemp_Under            0x0800ae9b   Thumb Code    46  bms_record.o(.text)
    IsRecord_ProtectEnvirTemp_Under          0x0800aec9   Thumb Code   216  bms_record.o(.text)
    IsRecord_AlarmMOSTempOver                0x0800afa1   Thumb Code    46  bms_record.o(.text)
    IsRecord_ProtectMOSTemp_Over             0x0800afcf   Thumb Code    46  bms_record.o(.text)
    IsRecord_AlarmChgCurOver                 0x0800affd   Thumb Code    46  bms_record.o(.text)
    IsRecord_ProtectChgCur_Over              0x0800b02b   Thumb Code    46  bms_record.o(.text)
    IsRecord_AlarmDchgCur_Over               0x0800b059   Thumb Code    46  bms_record.o(.text)
    IsRecord_ProtectDchgCur_L1_Over          0x0800b087   Thumb Code    46  bms_record.o(.text)
    IsRecord_ProtectDchgCur_L2_Over          0x0800b0b5   Thumb Code    46  bms_record.o(.text)
    IsRecord_AlarmDiffVol_Over               0x0800b0e3   Thumb Code    46  bms_record.o(.text)
    IsRecord_ProtectDiffVol_Over             0x0800b111   Thumb Code    46  bms_record.o(.text)
    IsRecord_SystemStateChange               0x0800b13f   Thumb Code   124  bms_record.o(.text)
    IsRecord_Timing                          0x0800b1bb   Thumb Code     2  bms_record.o(.text)
    WriteRecordForAlarm                      0x0800b1bd   Thumb Code   120  bms_record.o(.text)
    WriteRecordForRun                        0x0800b235   Thumb Code    12  bms_record.o(.text)
    ResetRecord                              0x0800b241   Thumb Code    20  bms_record.o(.text)
    UpdateTemperaturePro                     0x0800b2ad   Thumb Code   134  bms_temperature.o(.text)
    UpdateVoltagePro                         0x0800b339   Thumb Code   116  bms_voltage.o(.text)
    __aeabi_uldivmod                         0x0800b3b1   Thumb Code     0  lludivv7m.o(.text)
    _ll_udiv                                 0x0800b3b1   Thumb Code   238  lludivv7m.o(.text)
    __use_two_region_memory                  0x0800b49f   Thumb Code     2  heapauxi.o(.text)
    __rt_heap_escrow$2region                 0x0800b4a1   Thumb Code     2  heapauxi.o(.text)
    __rt_heap_expand$2region                 0x0800b4a3   Thumb Code     2  heapauxi.o(.text)
    __user_setup_stackheap                   0x0800b4a5   Thumb Code    74  sys_stackheap_outer.o(.text)
    exit                                     0x0800b4ef   Thumb Code    18  exit.o(.text)
    __user_libspace                          0x0800b501   Thumb Code     8  libspace.o(.text)
    __user_perproc_libspace                  0x0800b501   Thumb Code     0  libspace.o(.text)
    __user_perthread_libspace                0x0800b501   Thumb Code     0  libspace.o(.text)
    _sys_exit                                0x0800b509   Thumb Code     8  sys_exit.o(.text)
    __I$use$semihosting                      0x0800b515   Thumb Code     0  use_no_semi.o(.text)
    __use_no_semihosting_swi                 0x0800b515   Thumb Code     2  use_no_semi.o(.text)
    __semihosting_library_function           0x0800b517   Thumb Code     0  indicate_semi.o(.text)
    OSStartHighRdy                           0x0800b519   Thumb Code     0  os_cpu_a.o(CODE)
    PendSV_Handler                           0x0800b54f   Thumb Code     0  os_cpu_a.o(CODE)
    CPU_EndiannessTest                       0x0800b6b0   Data           4  cpu_core.o(.constdata)
    OSCfg_IdleTaskStkBasePtr                 0x0800b748   Data           4  os_cfg_app.o(.constdata)
    OSCfg_IdleTaskStkLimit                   0x0800b74c   Data           4  os_cfg_app.o(.constdata)
    OSCfg_IdleTaskStkSize                    0x0800b750   Data           4  os_cfg_app.o(.constdata)
    OSCfg_IdleTaskStkSizeRAM                 0x0800b754   Data           4  os_cfg_app.o(.constdata)
    OSCfg_IntQBasePtr                        0x0800b758   Data           4  os_cfg_app.o(.constdata)
    OSCfg_IntQSize                           0x0800b75c   Data           2  os_cfg_app.o(.constdata)
    OSCfg_IntQSizeRAM                        0x0800b760   Data           4  os_cfg_app.o(.constdata)
    OSCfg_IntQTaskStkBasePtr                 0x0800b764   Data           4  os_cfg_app.o(.constdata)
    OSCfg_IntQTaskStkLimit                   0x0800b768   Data           4  os_cfg_app.o(.constdata)
    OSCfg_IntQTaskStkSize                    0x0800b76c   Data           4  os_cfg_app.o(.constdata)
    OSCfg_IntQTaskStkSizeRAM                 0x0800b770   Data           4  os_cfg_app.o(.constdata)
    OSCfg_ISRStkBasePtr                      0x0800b774   Data           4  os_cfg_app.o(.constdata)
    OSCfg_ISRStkSize                         0x0800b778   Data           4  os_cfg_app.o(.constdata)
    OSCfg_ISRStkSizeRAM                      0x0800b77c   Data           4  os_cfg_app.o(.constdata)
    OSCfg_MsgPoolSize                        0x0800b780   Data           2  os_cfg_app.o(.constdata)
    OSCfg_MsgPoolSizeRAM                     0x0800b784   Data           4  os_cfg_app.o(.constdata)
    OSCfg_MsgPoolBasePtr                     0x0800b788   Data           4  os_cfg_app.o(.constdata)
    OSCfg_StatTaskPrio                       0x0800b78c   Data           1  os_cfg_app.o(.constdata)
    OSCfg_StatTaskRate_Hz                    0x0800b790   Data           4  os_cfg_app.o(.constdata)
    OSCfg_StatTaskStkBasePtr                 0x0800b794   Data           4  os_cfg_app.o(.constdata)
    OSCfg_StatTaskStkLimit                   0x0800b798   Data           4  os_cfg_app.o(.constdata)
    OSCfg_StatTaskStkSize                    0x0800b79c   Data           4  os_cfg_app.o(.constdata)
    OSCfg_StatTaskStkSizeRAM                 0x0800b7a0   Data           4  os_cfg_app.o(.constdata)
    OSCfg_StkSizeMin                         0x0800b7a4   Data           4  os_cfg_app.o(.constdata)
    OSCfg_TickRate_Hz                        0x0800b7a8   Data           4  os_cfg_app.o(.constdata)
    OSCfg_TickTaskPrio                       0x0800b7ac   Data           1  os_cfg_app.o(.constdata)
    OSCfg_TickTaskStkBasePtr                 0x0800b7b0   Data           4  os_cfg_app.o(.constdata)
    OSCfg_TickTaskStkLimit                   0x0800b7b4   Data           4  os_cfg_app.o(.constdata)
    OSCfg_TickTaskStkSize                    0x0800b7b8   Data           4  os_cfg_app.o(.constdata)
    OSCfg_TickTaskStkSizeRAM                 0x0800b7bc   Data           4  os_cfg_app.o(.constdata)
    OSCfg_TickWheelSize                      0x0800b7c0   Data           2  os_cfg_app.o(.constdata)
    OSCfg_TickWheelSizeRAM                   0x0800b7c4   Data           4  os_cfg_app.o(.constdata)
    OSCfg_TmrTaskPrio                        0x0800b7c8   Data           1  os_cfg_app.o(.constdata)
    OSCfg_TmrTaskRate_Hz                     0x0800b7cc   Data           4  os_cfg_app.o(.constdata)
    OSCfg_TmrTaskStkBasePtr                  0x0800b7d0   Data           4  os_cfg_app.o(.constdata)
    OSCfg_TmrTaskStkLimit                    0x0800b7d4   Data           4  os_cfg_app.o(.constdata)
    OSCfg_TmrTaskStkSize                     0x0800b7d8   Data           4  os_cfg_app.o(.constdata)
    OSCfg_TmrTaskStkSizeRAM                  0x0800b7dc   Data           4  os_cfg_app.o(.constdata)
    OSCfg_TmrWheelSize                       0x0800b7e0   Data           2  os_cfg_app.o(.constdata)
    OSCfg_TmrWheelSizeRAM                    0x0800b7e4   Data           4  os_cfg_app.o(.constdata)
    OSCfg_DataSizeRAM                        0x0800b7e8   Data           4  os_cfg_app.o(.constdata)
    OSDbg_DbgEn                              0x0800b7ec   Data           2  os_dbg.o(.constdata)
    OSDbg_ArgChkEn                           0x0800b7ee   Data           1  os_dbg.o(.constdata)
    OSDbg_AppHooksEn                         0x0800b7ef   Data           1  os_dbg.o(.constdata)
    OSDbg_EndiannessTest                     0x0800b7f0   Data           4  os_dbg.o(.constdata)
    OSDbg_CalledFromISRChkEn                 0x0800b7f4   Data           1  os_dbg.o(.constdata)
    OSDbg_FlagEn                             0x0800b7f5   Data           1  os_dbg.o(.constdata)
    OSDbg_FlagGrp                            0x0800b7f8   Data          40  os_dbg.o(.constdata)
    OSDbg_FlagDelEn                          0x0800b820   Data           1  os_dbg.o(.constdata)
    OSDbg_FlagModeClrEn                      0x0800b821   Data           1  os_dbg.o(.constdata)
    OSDbg_FlagPendAbortEn                    0x0800b822   Data           1  os_dbg.o(.constdata)
    OSDbg_FlagGrpSize                        0x0800b824   Data           2  os_dbg.o(.constdata)
    OSDbg_FlagWidth                          0x0800b826   Data           2  os_dbg.o(.constdata)
    OSDbg_IntQ                               0x0800b828   Data           2  os_dbg.o(.constdata)
    OSDbg_ISRPostDeferredEn                  0x0800b82a   Data           1  os_dbg.o(.constdata)
    OSDbg_Mem                                0x0800b82c   Data          32  os_dbg.o(.constdata)
    OSDbg_MemEn                              0x0800b84c   Data           1  os_dbg.o(.constdata)
    OSDbg_MemSize                            0x0800b84e   Data           2  os_dbg.o(.constdata)
    OSDbg_MsgEn                              0x0800b850   Data           1  os_dbg.o(.constdata)
    OSDbg_MsgSize                            0x0800b852   Data           2  os_dbg.o(.constdata)
    OSDbg_MsgPoolSize                        0x0800b854   Data           2  os_dbg.o(.constdata)
    OSDbg_MsgQSize                           0x0800b856   Data           2  os_dbg.o(.constdata)
    OSDbg_Mutex                              0x0800b858   Data          44  os_dbg.o(.constdata)
    OSDbg_MutexEn                            0x0800b884   Data           1  os_dbg.o(.constdata)
    OSDbg_MutexDelEn                         0x0800b885   Data           1  os_dbg.o(.constdata)
    OSDbg_MutexPendAbortEn                   0x0800b886   Data           1  os_dbg.o(.constdata)
    OSDbg_MutexSize                          0x0800b888   Data           2  os_dbg.o(.constdata)
    OSDbg_ObjTypeChkEn                       0x0800b88a   Data           1  os_dbg.o(.constdata)
    OSDbg_PendMultiEn                        0x0800b88b   Data           1  os_dbg.o(.constdata)
    OSDbg_PendDataSize                       0x0800b88c   Data           2  os_dbg.o(.constdata)
    OSDbg_PendListSize                       0x0800b88e   Data           2  os_dbg.o(.constdata)
    OSDbg_PendObjSize                        0x0800b890   Data           2  os_dbg.o(.constdata)
    OSDbg_PrioMax                            0x0800b892   Data           2  os_dbg.o(.constdata)
    OSDbg_PrioTblSize                        0x0800b894   Data           2  os_dbg.o(.constdata)
    OSDbg_PtrSize                            0x0800b896   Data           2  os_dbg.o(.constdata)
    OSDbg_Q                                  0x0800b898   Data          48  os_dbg.o(.constdata)
    OSDbg_QEn                                0x0800b8c8   Data           1  os_dbg.o(.constdata)
    OSDbg_QDelEn                             0x0800b8c9   Data           1  os_dbg.o(.constdata)
    OSDbg_QFlushEn                           0x0800b8ca   Data           1  os_dbg.o(.constdata)
    OSDbg_QPendAbortEn                       0x0800b8cb   Data           1  os_dbg.o(.constdata)
    OSDbg_QSize                              0x0800b8cc   Data           2  os_dbg.o(.constdata)
    OSDbg_SchedRoundRobinEn                  0x0800b8ce   Data           1  os_dbg.o(.constdata)
    OSDbg_Sem                                0x0800b8d0   Data          40  os_dbg.o(.constdata)
    OSDbg_SemEn                              0x0800b8f8   Data           1  os_dbg.o(.constdata)
    OSDbg_SemDelEn                           0x0800b8f9   Data           1  os_dbg.o(.constdata)
    OSDbg_SemPendAbortEn                     0x0800b8fa   Data           1  os_dbg.o(.constdata)
    OSDbg_SemSetEn                           0x0800b8fb   Data           1  os_dbg.o(.constdata)
    OSDbg_SemSize                            0x0800b8fc   Data           2  os_dbg.o(.constdata)
    OSDbg_RdyList                            0x0800b8fe   Data           2  os_dbg.o(.constdata)
    OSDbg_RdyListSize                        0x0800b900   Data           4  os_dbg.o(.constdata)
    OSDbg_StkWidth                           0x0800b904   Data           1  os_dbg.o(.constdata)
    OSDbg_StatTaskEn                         0x0800b905   Data           1  os_dbg.o(.constdata)
    OSDbg_StatTaskStkChkEn                   0x0800b906   Data           1  os_dbg.o(.constdata)
    OSDbg_TaskChangePrioEn                   0x0800b907   Data           1  os_dbg.o(.constdata)
    OSDbg_TaskDelEn                          0x0800b908   Data           1  os_dbg.o(.constdata)
    OSDbg_TaskQEn                            0x0800b909   Data           1  os_dbg.o(.constdata)
    OSDbg_TaskQPendAbortEn                   0x0800b90a   Data           1  os_dbg.o(.constdata)
    OSDbg_TaskProfileEn                      0x0800b90b   Data           1  os_dbg.o(.constdata)
    OSDbg_TaskRegTblSize                     0x0800b90c   Data           2  os_dbg.o(.constdata)
    OSDbg_TaskSemPendAbortEn                 0x0800b90e   Data           1  os_dbg.o(.constdata)
    OSDbg_TaskSuspendEn                      0x0800b90f   Data           1  os_dbg.o(.constdata)
    OSDbg_TCBSize                            0x0800b910   Data           2  os_dbg.o(.constdata)
    OSDbg_TickSpokeSize                      0x0800b912   Data           2  os_dbg.o(.constdata)
    OSDbg_TimeDlyHMSMEn                      0x0800b914   Data           1  os_dbg.o(.constdata)
    OSDbg_TimeDlyResumeEn                    0x0800b915   Data           1  os_dbg.o(.constdata)
    OSDbg_TLS_TblSize                        0x0800b916   Data           2  os_dbg.o(.constdata)
    OSDbg_Tmr                                0x0800b918   Data          52  os_dbg.o(.constdata)
    OSDbg_TmrEn                              0x0800b94c   Data           1  os_dbg.o(.constdata)
    OSDbg_TmrDelEn                           0x0800b94d   Data           1  os_dbg.o(.constdata)
    OSDbg_TmrSize                            0x0800b94e   Data           2  os_dbg.o(.constdata)
    OSDbg_TmrSpokeSize                       0x0800b950   Data           2  os_dbg.o(.constdata)
    OSDbg_VersionNbr                         0x0800b952   Data           2  os_dbg.o(.constdata)
    OSDbg_DataSize                           0x0800b954   Data           4  os_dbg.o(.constdata)
    Region$$Table$$Base                      0x0800b958   Number         0  anon$$obj.o(Region$$Table)
    Region$$Table$$Limit                     0x0800b978   Number         0  anon$$obj.o(Region$$Table)
    SystemCoreClock                          0x20000000   Data           4  system_stm32f10x.o(.data)
    AHBPrescTable                            0x20000004   Data          16  system_stm32f10x.o(.data)
    CPU_TS_TmrFreq_Hz                        0x2000002c   Data           4  cpu_core.o(.data)
    Mem_PoolTbl                              0x20000030   Data           4  lib_mem.o(.data)
    OSPrioTbl                                0x20000034   Data           8  os_prio.o(.data)
    OS_AppTaskCreateHookPtr                  0x2000003c   Data           4  os_var.o(.data)
    OS_AppTaskDelHookPtr                     0x20000040   Data           4  os_var.o(.data)
    OS_AppTaskReturnHookPtr                  0x20000044   Data           4  os_var.o(.data)
    OS_AppIdleTaskHookPtr                    0x20000048   Data           4  os_var.o(.data)
    OS_AppStatTaskHookPtr                    0x2000004c   Data           4  os_var.o(.data)
    OS_AppTaskSwHookPtr                      0x20000050   Data           4  os_var.o(.data)
    OS_AppTimeTickHookPtr                    0x20000054   Data           4  os_var.o(.data)
    OSIdleTaskCtr                            0x20000058   Data           4  os_var.o(.data)
    OSIntNestingCtr                          0x2000005c   Data           1  os_var.o(.data)
    OSRunning                                0x2000005d   Data           1  os_var.o(.data)
    OSIntQInPtr                              0x20000060   Data           4  os_var.o(.data)
    OSIntQOutPtr                             0x20000064   Data           4  os_var.o(.data)
    OSIntQNbrEntries                         0x20000068   Data           2  os_var.o(.data)
    OSIntQNbrEntriesMax                      0x2000006a   Data           2  os_var.o(.data)
    OSIntQOvfCtr                             0x2000006c   Data           2  os_var.o(.data)
    OSIntQTaskTimeMax                        0x20000070   Data           4  os_var.o(.data)
    OSFlagDbgListPtr                         0x20000074   Data           4  os_var.o(.data)
    OSFlagQty                                0x20000078   Data           2  os_var.o(.data)
    OSMemDbgListPtr                          0x2000007c   Data           4  os_var.o(.data)
    OSMemQty                                 0x20000080   Data           2  os_var.o(.data)
    OSMutexDbgListPtr                        0x20000084   Data           4  os_var.o(.data)
    OSMutexQty                               0x20000088   Data           2  os_var.o(.data)
    OSPrioCur                                0x2000008a   Data           1  os_var.o(.data)
    OSPrioHighRdy                            0x2000008b   Data           1  os_var.o(.data)
    OSPrioSaved                              0x2000008c   Data           1  os_var.o(.data)
    OSQDbgListPtr                            0x20000090   Data           4  os_var.o(.data)
    OSQQty                                   0x20000094   Data           2  os_var.o(.data)
    OSSchedLockTimeBegin                     0x20000098   Data           4  os_var.o(.data)
    OSSchedLockTimeMax                       0x2000009c   Data           4  os_var.o(.data)
    OSSchedLockTimeMaxCur                    0x200000a0   Data           4  os_var.o(.data)
    OSSchedLockNestingCtr                    0x200000a4   Data           1  os_var.o(.data)
    OSSchedRoundRobinDfltTimeQuanta          0x200000a8   Data           4  os_var.o(.data)
    OSSchedRoundRobinEn                      0x200000ac   Data           1  os_var.o(.data)
    OSSemDbgListPtr                          0x200000b0   Data           4  os_var.o(.data)
    OSSemQty                                 0x200000b4   Data           2  os_var.o(.data)
    OSStatResetFlag                          0x200000b6   Data           1  os_var.o(.data)
    OSStatTaskCPUUsage                       0x200000b8   Data           2  os_var.o(.data)
    OSStatTaskCPUUsageMax                    0x200000ba   Data           2  os_var.o(.data)
    OSStatTaskCtr                            0x200000bc   Data           4  os_var.o(.data)
    OSStatTaskCtrMax                         0x200000c0   Data           4  os_var.o(.data)
    OSStatTaskCtrRun                         0x200000c4   Data           4  os_var.o(.data)
    OSStatTaskRdy                            0x200000c8   Data           1  os_var.o(.data)
    OSStatTaskTimeMax                        0x200000cc   Data           4  os_var.o(.data)
    OSTaskCtxSwCtr                           0x200000d0   Data           4  os_var.o(.data)
    OSTaskDbgListPtr                         0x200000d4   Data           4  os_var.o(.data)
    OSTaskQty                                0x200000d8   Data           2  os_var.o(.data)
    OSTaskRegNextAvailID                     0x200000da   Data           1  os_var.o(.data)
    OSTickCtr                                0x200000dc   Data           4  os_var.o(.data)
    OSTickTaskTimeMax                        0x200000e0   Data           4  os_var.o(.data)
    OSTmrDbgListPtr                          0x200000e4   Data           4  os_var.o(.data)
    OSTmrQty                                 0x200000e8   Data           2  os_var.o(.data)
    OSTmrTaskTimeMax                         0x200000ec   Data           4  os_var.o(.data)
    OSTmrTickCtr                             0x200000f0   Data           4  os_var.o(.data)
    OSTmrUpdateCnt                           0x200000f4   Data           4  os_var.o(.data)
    OSTmrUpdateCtr                           0x200000f8   Data           4  os_var.o(.data)
    OSTCBCurPtr                              0x200000fc   Data           4  os_var.o(.data)
    OSTCBHighRdyPtr                          0x20000100   Data           4  os_var.o(.data)
    OS_CPU_ExceptStkBase                     0x20000104   Data           4  os_cpu_c.o(.data)
    AlarmRecordInfo                          0x20000110   Data           8  bms_record.o(.data)
    RunRecordInfo                            0x20000118   Data           8  bms_record.o(.data)
    StartTaskTCB                             0x20000140   Data         196  main.o(.bss)
    START_TASK_STK                           0x20000204   Data        2048  main.o(.bss)
    Task_Test_1_task_TCB                     0x20000a04   Data         196  main.o(.bss)
    Task_Test_1_task_STK                     0x20000ac8   Data         512  main.o(.bss)
    Task_Test_2_task_TCB                     0x20000cc8   Data         196  main.o(.bss)
    Task_Test_2_task_STK                     0x20000d8c   Data         512  main.o(.bss)
    Task_Test_3_task_TCB                     0x20000f8c   Data         196  main.o(.bss)
    Task_Test_3_task_STK                     0x20001050   Data         512  main.o(.bss)
    Check_Stack_Cup_task_TCB                 0x20001250   Data         196  main.o(.bss)
    Check_Stack_Cup_task_STK                 0x20001314   Data         512  main.o(.bss)
    CPU_Name                                 0x20001514   Data          16  cpu_core.o(.bss)
    Mem_PoolHeap                             0x20001524   Data          72  lib_mem.o(.bss)
    Mem_Heap                                 0x2000156c   Data        1024  lib_mem.o(.bss)
    OSCfg_IdleTaskStk                        0x2000196c   Data         512  os_cfg_app.o(.bss)
    OSCfg_IntQ                               0x20001b6c   Data         320  os_cfg_app.o(.bss)
    OSCfg_IntQTaskStk                        0x20001cac   Data         512  os_cfg_app.o(.bss)
    OSCfg_ISRStk                             0x20001eac   Data         512  os_cfg_app.o(.bss)
    OSCfg_MsgPool                            0x200020ac   Data        1600  os_cfg_app.o(.bss)
    OSCfg_StatTaskStk                        0x200026ec   Data         512  os_cfg_app.o(.bss)
    OSCfg_TickTaskStk                        0x200028ec   Data         512  os_cfg_app.o(.bss)
    OSCfg_TickWheel                          0x20002aec   Data         136  os_cfg_app.o(.bss)
    OSCfg_TmrTaskStk                         0x20002b74   Data         512  os_cfg_app.o(.bss)
    OSCfg_TmrWheel                           0x20002d74   Data         136  os_cfg_app.o(.bss)
    OSIdleTaskTCB                            0x20002dfc   Data         196  os_var.o(.bss)
    OSIntQTaskTCB                            0x20002ec0   Data         196  os_var.o(.bss)
    OSMsgPool                                0x20002f84   Data          12  os_var.o(.bss)
    OSRdyList                                0x20002f90   Data         768  os_var.o(.bss)
    OSStatTaskTCB                            0x20003290   Data         196  os_var.o(.bss)
    OSTickTaskTCB                            0x20003354   Data         196  os_var.o(.bss)
    OSTmrTaskTCB                             0x20003418   Data         196  os_var.o(.bss)
    BMSInfo                                  0x200034e0   Data         120  bms_globalvariable.o(.bss)
    AlarmTotalVol_Over                       0x20003558   Data          12  bms_faultdiagnose.o(.bss)
    ProtectTotalVol_Over                     0x20003564   Data          12  bms_faultdiagnose.o(.bss)
    AlarmTotalVol_Under                      0x20003570   Data          12  bms_faultdiagnose.o(.bss)
    ProtectTotalVol_Under                    0x2000357c   Data          12  bms_faultdiagnose.o(.bss)
    AlarmCellVol_Over                        0x20003588   Data          12  bms_faultdiagnose.o(.bss)
    ProtectCellVol_Over                      0x20003594   Data          12  bms_faultdiagnose.o(.bss)
    AlarmCellVol_Under                       0x200035a0   Data          12  bms_faultdiagnose.o(.bss)
    ProtectCellVol_Under                     0x200035ac   Data          12  bms_faultdiagnose.o(.bss)
    AlarmChgTemp_Over                        0x200035b8   Data          12  bms_faultdiagnose.o(.bss)
    ProtectChgTemp_Over                      0x200035c4   Data          12  bms_faultdiagnose.o(.bss)
    AlarmChgTemp_Under                       0x200035d0   Data          12  bms_faultdiagnose.o(.bss)
    ProtectChgTemp_Under                     0x200035dc   Data          12  bms_faultdiagnose.o(.bss)
    AlarmDchgTemp_Over                       0x200035e8   Data          12  bms_faultdiagnose.o(.bss)
    ProtectDchgTemp_Over                     0x200035f4   Data          12  bms_faultdiagnose.o(.bss)
    AlarmDchgTemp_Under                      0x20003600   Data          12  bms_faultdiagnose.o(.bss)
    ProtectDchgTemp_Under                    0x2000360c   Data          12  bms_faultdiagnose.o(.bss)
    AlarmEnvirTemp_Over                      0x20003618   Data          12  bms_faultdiagnose.o(.bss)
    ProtectEnvirTemp_Over                    0x20003624   Data          12  bms_faultdiagnose.o(.bss)
    AlarmEnvirTemp_Under                     0x20003630   Data          12  bms_faultdiagnose.o(.bss)
    ProtectEnvirTemp_Under                   0x2000363c   Data          12  bms_faultdiagnose.o(.bss)
    AlarmMOSTempOver                         0x20003648   Data          12  bms_faultdiagnose.o(.bss)
    ProtectMOSTemp_Over                      0x20003654   Data          12  bms_faultdiagnose.o(.bss)
    AlarmChgCurOver                          0x20003660   Data          12  bms_faultdiagnose.o(.bss)
    ProtectChgCur_Over                       0x2000366c   Data          12  bms_faultdiagnose.o(.bss)
    AlarmDchgCur_Over                        0x20003678   Data          12  bms_faultdiagnose.o(.bss)
    ProtectDchgCur_L1_Over                   0x20003684   Data          12  bms_faultdiagnose.o(.bss)
    ProtectDchgCur_L2_Over                   0x20003690   Data          12  bms_faultdiagnose.o(.bss)
    AlarmDiffVol_Over                        0x2000369c   Data          12  bms_faultdiagnose.o(.bss)
    ProtectDiffVol_Over                      0x200036a8   Data          12  bms_faultdiagnose.o(.bss)
    FaultCellInvalid_Out                     0x200036b4   Data          12  bms_faultdiagnose.o(.bss)
    __libspace_start                         0x200036c0   Data          96  libspace.o(.bss)
    __temporary_stack_top$libspace           0x20003720   Data           0  libspace.o(.bss)



==============================================================================

Memory Map of the image

  Image Entry point : 0x08000131

  Load Region LR_IROM1 (Base: 0x08000000, Size: 0x0000bab8, Max: 0x00040000, ABSOLUTE, COMPRESSED[0x0000b994])

    Execution Region ER_IROM1 (Exec base: 0x08000000, Load base: 0x08000000, Size: 0x0000b978, Max: 0x00040000, ABSOLUTE)

    Exec Addr    Load Addr    Size         Type   Attr      Idx    E Section Name        Object

    0x08000000   0x08000000   0x00000130   Data   RO          307    RESET               startup_stm32f10x_hd.o
    0x08000130   0x08000130   0x00000008   Code   RO          860  * !!!main             c_w.l(__main.o)
    0x08000138   0x08000138   0x00000034   Code   RO         1033    !!!scatter          c_w.l(__scatter.o)
    0x0800016c   0x0800016c   0x0000005a   Code   RO         1031    !!dczerorl2         c_w.l(__dczerorl2.o)
    0x080001c6   0x080001c6   0x00000002   PAD
    0x080001c8   0x080001c8   0x0000001c   Code   RO         1035    !!handler_zi        c_w.l(__scatter_zi.o)
    0x080001e4   0x080001e4   0x00000002   Code   RO          899    .ARM.Collect$$libinit$$00000000  c_w.l(libinit.o)
    0x080001e6   0x080001e6   0x00000000   Code   RO          912    .ARM.Collect$$libinit$$00000002  c_w.l(libinit2.o)
    0x080001e6   0x080001e6   0x00000000   Code   RO          914    .ARM.Collect$$libinit$$00000004  c_w.l(libinit2.o)
    0x080001e6   0x080001e6   0x00000000   Code   RO          917    .ARM.Collect$$libinit$$0000000A  c_w.l(libinit2.o)
    0x080001e6   0x080001e6   0x00000000   Code   RO          919    .ARM.Collect$$libinit$$0000000C  c_w.l(libinit2.o)
    0x080001e6   0x080001e6   0x00000000   Code   RO          921    .ARM.Collect$$libinit$$0000000E  c_w.l(libinit2.o)
    0x080001e6   0x080001e6   0x00000000   Code   RO          924    .ARM.Collect$$libinit$$00000011  c_w.l(libinit2.o)
    0x080001e6   0x080001e6   0x00000000   Code   RO          926    .ARM.Collect$$libinit$$00000013  c_w.l(libinit2.o)
    0x080001e6   0x080001e6   0x00000000   Code   RO          928    .ARM.Collect$$libinit$$00000015  c_w.l(libinit2.o)
    0x080001e6   0x080001e6   0x00000000   Code   RO          930    .ARM.Collect$$libinit$$00000017  c_w.l(libinit2.o)
    0x080001e6   0x080001e6   0x00000000   Code   RO          932    .ARM.Collect$$libinit$$00000019  c_w.l(libinit2.o)
    0x080001e6   0x080001e6   0x00000000   Code   RO          934    .ARM.Collect$$libinit$$0000001B  c_w.l(libinit2.o)
    0x080001e6   0x080001e6   0x00000000   Code   RO          936    .ARM.Collect$$libinit$$0000001D  c_w.l(libinit2.o)
    0x080001e6   0x080001e6   0x00000000   Code   RO          938    .ARM.Collect$$libinit$$0000001F  c_w.l(libinit2.o)
    0x080001e6   0x080001e6   0x00000000   Code   RO          940    .ARM.Collect$$libinit$$00000021  c_w.l(libinit2.o)
    0x080001e6   0x080001e6   0x00000000   Code   RO          942    .ARM.Collect$$libinit$$00000023  c_w.l(libinit2.o)
    0x080001e6   0x080001e6   0x00000000   Code   RO          944    .ARM.Collect$$libinit$$00000025  c_w.l(libinit2.o)
    0x080001e6   0x080001e6   0x00000000   Code   RO          948    .ARM.Collect$$libinit$$0000002C  c_w.l(libinit2.o)
    0x080001e6   0x080001e6   0x00000000   Code   RO          950    .ARM.Collect$$libinit$$0000002E  c_w.l(libinit2.o)
    0x080001e6   0x080001e6   0x00000000   Code   RO          952    .ARM.Collect$$libinit$$00000030  c_w.l(libinit2.o)
    0x080001e6   0x080001e6   0x00000000   Code   RO          954    .ARM.Collect$$libinit$$00000032  c_w.l(libinit2.o)
    0x080001e6   0x080001e6   0x00000002   Code   RO          955    .ARM.Collect$$libinit$$00000033  c_w.l(libinit2.o)
    0x080001e8   0x080001e8   0x00000002   Code   RO          986    .ARM.Collect$$libshutdown$$00000000  c_w.l(libshutdown.o)
    0x080001ea   0x080001ea   0x00000000   Code   RO         1012    .ARM.Collect$$libshutdown$$00000002  c_w.l(libshutdown2.o)
    0x080001ea   0x080001ea   0x00000000   Code   RO         1014    .ARM.Collect$$libshutdown$$00000004  c_w.l(libshutdown2.o)
    0x080001ea   0x080001ea   0x00000000   Code   RO         1016    .ARM.Collect$$libshutdown$$00000006  c_w.l(libshutdown2.o)
    0x080001ea   0x080001ea   0x00000000   Code   RO         1019    .ARM.Collect$$libshutdown$$00000009  c_w.l(libshutdown2.o)
    0x080001ea   0x080001ea   0x00000000   Code   RO         1022    .ARM.Collect$$libshutdown$$0000000C  c_w.l(libshutdown2.o)
    0x080001ea   0x080001ea   0x00000000   Code   RO         1024    .ARM.Collect$$libshutdown$$0000000E  c_w.l(libshutdown2.o)
    0x080001ea   0x080001ea   0x00000000   Code   RO         1027    .ARM.Collect$$libshutdown$$00000011  c_w.l(libshutdown2.o)
    0x080001ea   0x080001ea   0x00000002   Code   RO         1028    .ARM.Collect$$libshutdown$$00000012  c_w.l(libshutdown2.o)
    0x080001ec   0x080001ec   0x00000000   Code   RO          862    .ARM.Collect$$rtentry$$00000000  c_w.l(__rtentry.o)
    0x080001ec   0x080001ec   0x00000000   Code   RO          870    .ARM.Collect$$rtentry$$00000002  c_w.l(__rtentry2.o)
    0x080001ec   0x080001ec   0x00000006   Code   RO          882    .ARM.Collect$$rtentry$$00000004  c_w.l(__rtentry4.o)
    0x080001f2   0x080001f2   0x00000000   Code   RO          872    .ARM.Collect$$rtentry$$00000009  c_w.l(__rtentry2.o)
    0x080001f2   0x080001f2   0x00000004   Code   RO          873    .ARM.Collect$$rtentry$$0000000A  c_w.l(__rtentry2.o)
    0x080001f6   0x080001f6   0x00000000   Code   RO          875    .ARM.Collect$$rtentry$$0000000C  c_w.l(__rtentry2.o)
    0x080001f6   0x080001f6   0x00000008   Code   RO          876    .ARM.Collect$$rtentry$$0000000D  c_w.l(__rtentry2.o)
    0x080001fe   0x080001fe   0x00000002   Code   RO          903    .ARM.Collect$$rtexit$$00000000  c_w.l(rtexit.o)
    0x08000200   0x08000200   0x00000000   Code   RO          959    .ARM.Collect$$rtexit$$00000002  c_w.l(rtexit2.o)
    0x08000200   0x08000200   0x00000004   Code   RO          960    .ARM.Collect$$rtexit$$00000003  c_w.l(rtexit2.o)
    0x08000204   0x08000204   0x00000006   Code   RO          961    .ARM.Collect$$rtexit$$00000004  c_w.l(rtexit2.o)
    0x0800020a   0x0800020a   0x00000002   PAD
    0x0800020c   0x0800020c   0x00000344   Code   RO            1    .text               main.o
    0x08000550   0x08000550   0x00000016   Code   RO          168    .text               stm32f10x_it.o
    0x08000566   0x08000566   0x00000002   PAD
    0x08000568   0x08000568   0x000001e0   Code   RO          200    .text               system_stm32f10x.o
    0x08000748   0x08000748   0x0000014c   Code   RO          218    .text               delay.o
    0x08000894   0x08000894   0x00000040   Code   RO          308    .text               startup_stm32f10x_hd.o
    0x080008d4   0x080008d4   0x000000dc   Code   RO          312    .text               misc.o
    0x080009b0   0x080009b0   0x000003a4   Code   RO          348    .text               stm32f10x_rcc.o
    0x08000d54   0x08000d54   0x00000084   Code   RO          362    .text               bsp.o
    0x08000dd8   0x08000dd8   0x000002a8   Code   RO          377    .text               cpu_core.o
    0x08001080   0x08001080   0x00000034   Code   RO          415    .text               cpu_a.o
    0x080010b4   0x080010b4   0x00000256   Code   RO          418    .text               lib_ascii.o
    0x0800130a   0x0800130a   0x00000002   PAD
    0x0800130c   0x0800130c   0x000009c6   Code   RO          451    .text               lib_mem.o
    0x08001cd2   0x08001cd2   0x00000002   PAD
    0x08001cd4   0x08001cd4   0x0000092c   Code   RO          470    .text               lib_str.o
    0x08002600   0x08002600   0x00000220   Code   RO          487    .text               lib_mem_a.o
    0x08002820   0x08002820   0x000000fc   Code   RO          490    .text               os_cfg_app.o
    0x0800291c   0x0800291c   0x00000e04   Code   RO          513    .text               os_core.o
    0x08003720   0x08003720   0x000001b0   Code   RO          525    .text               os_dbg.o
    0x080038d0   0x080038d0   0x00000e28   Code   RO          540    .text               os_flag.o
    0x080046f8   0x080046f8   0x00000444   Code   RO          552    .text               os_int.o
    0x08004b3c   0x08004b3c   0x00000238   Code   RO          564    .text               os_mem.o
    0x08004d74   0x08004d74   0x0000022c   Code   RO          576    .text               os_msg.o
    0x08004fa0   0x08004fa0   0x00000ad4   Code   RO          588    .text               os_mutex.o
    0x08005a74   0x08005a74   0x0000007c   Code   RO          606    .text               os_prio.o
    0x08005af0   0x08005af0   0x000008d8   Code   RO          625    .text               os_q.o
    0x080063c8   0x080063c8   0x00000830   Code   RO          637    .text               os_sem.o
    0x08006bf8   0x08006bf8   0x00000638   Code   RO          649    .text               os_stat.o
    0x08007230   0x08007230   0x00001bb4   Code   RO          661    .text               os_task.o
    0x08008de4   0x08008de4   0x000004fc   Code   RO          673    .text               os_tick.o
    0x080092e0   0x080092e0   0x00000564   Code   RO          685    .text               os_time.o
    0x08009844   0x08009844   0x00000818   Code   RO          697    .text               os_tmr.o
    0x0800a05c   0x0800a05c   0x0000026c   Code   RO          726    .text               os_cpu_c.o
    0x0800a2c8   0x0800a2c8   0x00000694   Code   RO          777    .text               bms_faultdiagnose.o
    0x0800a95c   0x0800a95c   0x0000019c   Code   RO          795    .text               bms_systemstateswitching.o
    0x0800aaf8   0x0800aaf8   0x000007b4   Code   RO          808    .text               bms_record.o
    0x0800b2ac   0x0800b2ac   0x0000008c   Code   RO          826    .text               bms_temperature.o
    0x0800b338   0x0800b338   0x00000078   Code   RO          838    .text               bms_voltage.o
    0x0800b3b0   0x0800b3b0   0x000000ee   Code   RO          852    .text               c_w.l(lludivv7m.o)
    0x0800b49e   0x0800b49e   0x00000006   Code   RO          858    .text               c_w.l(heapauxi.o)
    0x0800b4a4   0x0800b4a4   0x0000004a   Code   RO          886    .text               c_w.l(sys_stackheap_outer.o)
    0x0800b4ee   0x0800b4ee   0x00000012   Code   RO          888    .text               c_w.l(exit.o)
    0x0800b500   0x0800b500   0x00000008   Code   RO          900    .text               c_w.l(libspace.o)
    0x0800b508   0x0800b508   0x0000000c   Code   RO          956    .text               c_w.l(sys_exit.o)
    0x0800b514   0x0800b514   0x00000002   Code   RO          975    .text               c_w.l(use_no_semi.o)
    0x0800b516   0x0800b516   0x00000000   Code   RO          977    .text               c_w.l(indicate_semi.o)
    0x0800b516   0x0800b516   0x00000002   PAD
    0x0800b518   0x0800b518   0x00000098   Code   RO          723    CODE                os_cpu_a.o
    0x0800b5b0   0x0800b5b0   0x00000104   Data   RO          379    .constdata          cpu_core.o
    0x0800b6b4   0x0800b6b4   0x00000094   Data   RO          471    .constdata          lib_str.o
    0x0800b748   0x0800b748   0x000000a4   Data   RO          492    .constdata          os_cfg_app.o
    0x0800b7ec   0x0800b7ec   0x0000016c   Data   RO          526    .constdata          os_dbg.o
    0x0800b958   0x0800b958   0x00000020   Data   RO         1029    Region$$Table       anon$$obj.o


    Execution Region RW_IRAM1 (Exec base: 0x20000000, Load base: 0x0800b978, Size: 0x00004120, Max: 0x0000c000, ABSOLUTE, COMPRESSED[0x0000001c])

    Exec Addr    Load Addr    Size         Type   Attr      Idx    E Section Name        Object

    0x20000000   COMPRESSED   0x00000014   Data   RW          201    .data               system_stm32f10x.o
    0x20000014   COMPRESSED   0x00000004   Data   RW          219    .data               delay.o
    0x20000018   COMPRESSED   0x00000014   Data   RW          349    .data               stm32f10x_rcc.o
    0x2000002c   COMPRESSED   0x00000004   Data   RW          380    .data               cpu_core.o
    0x20000030   COMPRESSED   0x00000004   Data   RW          453    .data               lib_mem.o
    0x20000034   COMPRESSED   0x00000008   Data   RW          607    .data               os_prio.o
    0x2000003c   COMPRESSED   0x000000c8   Data   RW          710    .data               os_var.o
    0x20000104   COMPRESSED   0x00000004   Data   RW          727    .data               os_cpu_c.o
    0x20000108   COMPRESSED   0x00000008   Data   RW          796    .data               bms_systemstateswitching.o
    0x20000110   COMPRESSED   0x0000002e   Data   RW          809    .data               bms_record.o
    0x2000013e   COMPRESSED   0x00000002   PAD
    0x20000140        -       0x000013d4   Zero   RW            2    .bss                main.o
    0x20001514        -       0x00000010   Zero   RW          378    .bss                cpu_core.o
    0x20001524        -       0x00000448   Zero   RW          452    .bss                lib_mem.o
    0x2000196c        -       0x00001490   Zero   RW          491    .bss                os_cfg_app.o
    0x20002dfc        -       0x000006e0   Zero   RW          709    .bss                os_var.o
    0x200034dc   COMPRESSED   0x00000004   PAD
    0x200034e0        -       0x00000078   Zero   RW          759    .bss                bms_globalvariable.o
    0x20003558        -       0x00000168   Zero   RW          778    .bss                bms_faultdiagnose.o
    0x200036c0        -       0x00000060   Zero   RW          901    .bss                c_w.l(libspace.o)
    0x20003720        -       0x00000200   Zero   RW          306    HEAP                startup_stm32f10x_hd.o
    0x20003920        -       0x00000800   Zero   RW          305    STACK               startup_stm32f10x_hd.o


==============================================================================

Image component sizes


      Code (inc. data)   RO Data    RW Data    ZI Data      Debug   Object Name

      1684        162          0          0        360       5049   bms_faultdiagnose.o
         0          0          0          0        120       1658   bms_globalvariable.o
      1972        258          0         46          0      11011   bms_record.o
       412         36          0          8          0       1753   bms_systemstateswitching.o
       140          6          0          0          0        699   bms_temperature.o
       120          4          0          0          0        639   bms_voltage.o
       132         12          0          0          0       1131   bsp.o
        52          0          0          0          0        320   cpu_a.o
       680         14        260          4         16      14311   cpu_core.o
       332         28          0          4          0       1777   delay.o
       598          0          0          0          0       3868   lib_ascii.o
      2502         32          0          4       1096      22148   lib_mem.o
       544          0          0          0          0        468   lib_mem_a.o
      2348          6        148          0          0      13734   lib_str.o
       836        144          0          0       5076     261798   main.o
       220         22          0          0          0       1789   misc.o
       252        166        164          0       5264      20834   os_cfg_app.o
      3588        294          0          0          0      12425   os_core.o
       152         32          0          0          0        380   os_cpu_a.o
       620         66          0          4          0       3741   os_cpu_c.o
       432        286        364          0          0       4701   os_dbg.o
      3624        110          0          0          0       8007   os_flag.o
      1092        146          0          0          0       2312   os_int.o
       568         20          0          0          0       2736   os_mem.o
       556         12          0          0          0       2771   os_msg.o
      2772        114          0          0          0       5542   os_mutex.o
       124          4          0          8          0       1696   os_prio.o
      2264         76          0          0          0       6304   os_q.o
      2096         70          0          0          0       6324   os_sem.o
      1592        180          0          0          0       2793   os_stat.o
      7092        270          0          0          0      14150   os_task.o
      1276         90          0          0          0       3261   os_tick.o
      1380         46          0          0          0       3265   os_time.o
      2072        140          0          0          0       6450   os_tmr.o
         0          0          0        200       1760      19325   os_var.o
        64         26        304          0       2560        780   startup_stm32f10x_hd.o
        22          0          0          0          0        979   stm32f10x_it.o
       932         36          0         20          0       8892   stm32f10x_rcc.o
         0          0          0          0          0         32   sys.o
       480         38          0         20          0       1683   system_stm32f10x.o

    ----------------------------------------------------------------------
     45628       2946       1272        320      16256     481536   Object Totals
         0          0         32          0          0          0   (incl. Generated)
         6          0          0          2          4          0   (incl. Padding)

    ----------------------------------------------------------------------

      Code (inc. data)   RO Data    RW Data    ZI Data      Debug   Library Member Name

        90          0          0          0          0          0   __dczerorl2.o
         8          0          0          0          0         68   __main.o
         0          0          0          0          0          0   __rtentry.o
        12          0          0          0          0          0   __rtentry2.o
         6          0          0          0          0          0   __rtentry4.o
        52          8          0          0          0          0   __scatter.o
        28          0          0          0          0          0   __scatter_zi.o
        18          0          0          0          0         80   exit.o
         6          0          0          0          0        152   heapauxi.o
         0          0          0          0          0          0   indicate_semi.o
         2          0          0          0          0          0   libinit.o
         2          0          0          0          0          0   libinit2.o
         2          0          0          0          0          0   libshutdown.o
         2          0          0          0          0          0   libshutdown2.o
         8          4          0          0         96         68   libspace.o
       238          0          0          0          0        100   lludivv7m.o
         2          0          0          0          0          0   rtexit.o
        10          0          0          0          0          0   rtexit2.o
        12          4          0          0          0         68   sys_exit.o
        74          0          0          0          0         80   sys_stackheap_outer.o
         2          0          0          0          0         68   use_no_semi.o

    ----------------------------------------------------------------------
       580         16          0          0         96        684   Library Totals
         6          0          0          0          0          0   (incl. Padding)

    ----------------------------------------------------------------------

      Code (inc. data)   RO Data    RW Data    ZI Data      Debug   Library Name

       574         16          0          0         96        684   c_w.l

    ----------------------------------------------------------------------
       580         16          0          0         96        684   Library Totals

    ----------------------------------------------------------------------

==============================================================================


      Code (inc. data)   RO Data    RW Data    ZI Data      Debug   

     46208       2962       1272        320      16352     478836   Grand Totals
     46208       2962       1272         28      16352     478836   ELF Image Totals (compressed)
     46208       2962       1272         28          0          0   ROM Totals

==============================================================================

    Total RO  Size (Code + RO Data)                47480 (  46.37kB)
    Total RW  Size (RW Data + ZI Data)             16672 (  16.28kB)
    Total ROM Size (Code + RO Data + RW Data)      47508 (  46.39kB)

==============================================================================

