Component: ARM Compiler 5.06 update 7 (build 960) Tool: armlink [4d3601]

==============================================================================

Section Cross References

    main.o(.text) refers to bms_faultdiagnose.o(.text) for FaultDiagnosePro
    main.o(.text) refers to bms_systemstateswitching.o(.text) for SystemStateSwitchingPro
    main.o(.text) refers to bms_record.o(.text) for WriteRecordForRun
    main.o(.text) refers to bms_temperature.o(.text) for UpdateTemperaturePro
    main.o(.text) refers to bms_voltage.o(.text) for UpdateVoltagePro
    main.o(.text) refers to bms_balance.o(.text) for BalancePro
    main.o(.text) refers to bms_485.o(.text) for Comm485Pro
    main.o(.text) refers to os_time.o(.text) for OSTimeDlyHMSM
    main.o(.text) refers to cpu_core.o(.text) for CPU_Init
    main.o(.text) refers to os_stat.o(.text) for OSStatTaskCPUUsageInit
    main.o(.text) refers to os_core.o(.text) for OSSchedRoundRobinCfg
    main.o(.text) refers to cpu_a.o(.text) for CPU_SR_Save
    main.o(.text) refers to os_task.o(.text) for OSTaskCreate
    main.o(.text) refers to misc.o(.text) for NVIC_PriorityGroupConfig
    main.o(.text) refers to os_var.o(.data) for OSSchedLockNestingCtr
    main.o(.text) refers to main.o(.bss) for Task_Test_1_task_STK
    system_stm32f10x.o(.text) refers to system_stm32f10x.o(.data) for SystemCoreClock
    delay.o(.text) refers to os_core.o(.text) for OSSchedLock
    delay.o(.text) refers to os_time.o(.text) for OSTimeDly
    delay.o(.text) refers to misc.o(.text) for SysTick_CLKSourceConfig
    delay.o(.text) refers to os_var.o(.data) for OSRunning
    delay.o(.text) refers to system_stm32f10x.o(.data) for SystemCoreClock
    delay.o(.text) refers to delay.o(.data) for fac_us
    delay.o(.text) refers to os_cfg_app.o(.constdata) for OSCfg_TickRate_Hz
    segger_rtt.o(.text) refers to rt_memcpy_v6.o(.text) for __aeabi_memcpy
    segger_rtt.o(.text) refers to segger_rtt.o(.bss) for _SEGGER_RTT
    segger_rtt.o(.text) refers to segger_rtt.o(.constdata) for _aInitStr
    segger_rtt.o(.text) refers to segger_rtt.o(.data) for _aTerminalId
    segger_rtt.o(.text) refers to strlen.o(.text) for strlen
    segger_rtt_printf.o(.text) refers to segger_rtt.o(.text) for SEGGER_RTT_Write
    segger_rtt_printf.o(.text) refers to segger_rtt_printf.o(.constdata) for _aV2C
    startup_stm32f10x_hd.o(STACK) refers (Special) to heapauxi.o(.text) for __use_two_region_memory
    startup_stm32f10x_hd.o(HEAP) refers (Special) to heapauxi.o(.text) for __use_two_region_memory
    startup_stm32f10x_hd.o(RESET) refers (Special) to heapauxi.o(.text) for __use_two_region_memory
    startup_stm32f10x_hd.o(RESET) refers to startup_stm32f10x_hd.o(STACK) for __initial_sp
    startup_stm32f10x_hd.o(RESET) refers to startup_stm32f10x_hd.o(.text) for Reset_Handler
    startup_stm32f10x_hd.o(RESET) refers to stm32f10x_it.o(.text) for NMI_Handler
    startup_stm32f10x_hd.o(RESET) refers to os_cpu_a.o(CODE) for PendSV_Handler
    startup_stm32f10x_hd.o(RESET) refers to delay.o(.text) for SysTick_Handler
    startup_stm32f10x_hd.o(.text) refers (Special) to heapauxi.o(.text) for __use_two_region_memory
    startup_stm32f10x_hd.o(.text) refers to system_stm32f10x.o(.text) for SystemInit
    startup_stm32f10x_hd.o(.text) refers to __main.o(!!!main) for __main
    startup_stm32f10x_hd.o(.text) refers to startup_stm32f10x_hd.o(HEAP) for Heap_Mem
    startup_stm32f10x_hd.o(.text) refers to startup_stm32f10x_hd.o(STACK) for Stack_Mem
    stm32f10x_gpio.o(.text) refers to stm32f10x_rcc.o(.text) for RCC_APB2PeriphResetCmd
    stm32f10x_usart.o(.text) refers to stm32f10x_rcc.o(.text) for RCC_APB2PeriphResetCmd
    stm32f10x_rcc.o(.text) refers to stm32f10x_rcc.o(.data) for APBAHBPrescTable
    bsp.o(.text) refers to stm32f10x_rcc.o(.text) for RCC_GetClocksFreq
    bsp.o(.text) refers to cpu_core.o(.text) for CPU_TS_TmrFreqSet
    bsp.o(.text) refers to lludivv7m.o(.text) for __aeabi_uldivmod
    cpu_core.o(.text) refers to cpu_a.o(.text) for CPU_SR_Save
    cpu_core.o(.text) refers to lib_mem.o(.text) for Mem_Clr
    cpu_core.o(.text) refers to bsp.o(.text) for CPU_TS_TmrInit
    cpu_core.o(.text) refers to lib_str.o(.text) for Str_Copy_N
    cpu_core.o(.text) refers to cpu_core.o(.bss) for CPU_Name
    cpu_core.o(.text) refers to cpu_core.o(.data) for CPU_TS_TmrFreq_Hz
    cpu_core.o(.text) refers to cpu_core.o(.constdata) for CPU_CntLeadZerosTbl
    cpu_c.o(.text) refers to cpu_a.o(.text) for CPU_SR_Save
    lib_math.o(.text) refers to cpu_a.o(.text) for CPU_SR_Save
    lib_math.o(.text) refers to lib_math.o(.data) for Math_RandSeedCur
    lib_mem.o(.text) refers to lib_mem_a.o(.text) for Mem_Copy
    lib_mem.o(.text) refers to cpu_a.o(.text) for CPU_SR_Save
    lib_mem.o(.text) refers to lib_mem.o(.bss) for Mem_PoolHeap
    lib_mem.o(.text) refers to lib_mem.o(.data) for Mem_PoolTbl
    lib_str.o(.text) refers to lib_ascii.o(.text) for ASCII_ToLower
[...]
    __rt_lib_init_fp_trap_1                  0x080001e7   Thumb Code     0  libinit2.o(.ARM.Collect$$libinit$$0000001F)
    __rt_lib_init_getenv_1                   0x080001e7   Thumb Code     0  libinit2.o(.ARM.Collect$$libinit$$00000023)
    __rt_lib_init_heap_1                     0x080001e7   Thumb Code     0  libinit2.o(.ARM.Collect$$libinit$$0000000A)
    __rt_lib_init_lc_collate_1               0x080001e7   Thumb Code     0  libinit2.o(.ARM.Collect$$libinit$$00000011)
    __rt_lib_init_lc_ctype_1                 0x080001e7   Thumb Code     0  libinit2.o(.ARM.Collect$$libinit$$00000013)
    __rt_lib_init_lc_monetary_1              0x080001e7   Thumb Code     0  libinit2.o(.ARM.Collect$$libinit$$00000015)
    __rt_lib_init_lc_numeric_1               0x080001e7   Thumb Code     0  libinit2.o(.ARM.Collect$$libinit$$00000017)
    __rt_lib_init_lc_time_1                  0x080001e7   Thumb Code     0  libinit2.o(.ARM.Collect$$libinit$$00000019)
    __rt_lib_init_preinit_1                  0x080001e7   Thumb Code     0  libinit2.o(.ARM.Collect$$libinit$$00000004)
    __rt_lib_init_rand_1                     0x080001e7   Thumb Code     0  libinit2.o(.ARM.Collect$$libinit$$0000000E)
    __rt_lib_init_return                     0x080001e7   Thumb Code     0  libinit2.o(.ARM.Collect$$libinit$$00000033)
    __rt_lib_init_signal_1                   0x080001e7   Thumb Code     0  libinit2.o(.ARM.Collect$$libinit$$0000001D)
    __rt_lib_init_stdio_1                    0x080001e7   Thumb Code     0  libinit2.o(.ARM.Collect$$libinit$$00000025)
    __rt_lib_init_user_alloc_1               0x080001e7   Thumb Code     0  libinit2.o(.ARM.Collect$$libinit$$0000000C)
    __rt_lib_shutdown                        0x080001e9   Thumb Code     0  libshutdown.o(.ARM.Collect$$libshutdown$$00000000)
    __rt_lib_shutdown_cpp_1                  0x080001eb   Thumb Code     0  libshutdown2.o(.ARM.Collect$$libshutdown$$00000004)
    __rt_lib_shutdown_fini_1                 0x080001eb   Thumb Code     0  libshutdown2.o(.ARM.Collect$$libshutdown$$00000002)
    __rt_lib_shutdown_fp_trap_1              0x080001eb   Thumb Code     0  libshutdown2.o(.ARM.Collect$$libshutdown$$00000009)
    __rt_lib_shutdown_heap_1                 0x080001eb   Thumb Code     0  libshutdown2.o(.ARM.Collect$$libshutdown$$00000011)
    __rt_lib_shutdown_return                 0x080001eb   Thumb Code     0  libshutdown2.o(.ARM.Collect$$libshutdown$$00000012)
    __rt_lib_shutdown_signal_1               0x080001eb   Thumb Code     0  libshutdown2.o(.ARM.Collect$$libshutdown$$0000000C)
    __rt_lib_shutdown_stdio_1                0x080001eb   Thumb Code     0  libshutdown2.o(.ARM.Collect$$libshutdown$$00000006)
    __rt_lib_shutdown_user_alloc_1           0x080001eb   Thumb Code     0  libshutdown2.o(.ARM.Collect$$libshutdown$$0000000E)
    __rt_entry                               0x080001ed   Thumb Code     0  __rtentry.o(.ARM.Collect$$rtentry$$00000000)
    __rt_entry_presh_1                       0x080001ed   Thumb Code     0  __rtentry2.o(.ARM.Collect$$rtentry$$00000002)
    __rt_entry_sh                            0x080001ed   Thumb Code     0  __rtentry4.o(.ARM.Collect$$rtentry$$00000004)
    __rt_entry_li                            0x080001f3   Thumb Code     0  __rtentry2.o(.ARM.Collect$$rtentry$$0000000A)
    __rt_entry_postsh_1                      0x080001f3   Thumb Code     0  __rtentry2.o(.ARM.Collect$$rtentry$$00000009)
    __rt_entry_main                          0x080001f7   Thumb Code     0  __rtentry2.o(.ARM.Collect$$rtentry$$0000000D)
    __rt_entry_postli_1                      0x080001f7   Thumb Code     0  __rtentry2.o(.ARM.Collect$$rtentry$$0000000C)
    __rt_exit                                0x080001ff   Thumb Code     0  rtexit.o(.ARM.Collect$$rtexit$$00000000)
    __rt_exit_ls                             0x08000201   Thumb Code     0  rtexit2.o(.ARM.Collect$$rtexit$$00000003)
    __rt_exit_prels_1                        0x08000201   Thumb Code     0  rtexit2.o(.ARM.Collect$$rtexit$$00000002)
    __rt_exit_exit                           0x08000205   Thumb Code     0  rtexit2.o(.ARM.Collect$$rtexit$$00000004)
    Task_Test_1_task                         0x0800020d   Thumb Code    52  main.o(.text)
    Task_Test_2_task                         0x08000241   Thumb Code    24  main.o(.text)
    Task_Test_3_task                         0x08000259   Thumb Code    24  main.o(.text)
    Check_Stack_Cup_task                     0x08000271   Thumb Code    24  main.o(.text)
    start_task                               0x08000289   Thumb Code   366  main.o(.text)
    main                                     0x080003f7   Thumb Code   210  main.o(.text)
    NMI_Handler                              0x08000559   Thumb Code     2  stm32f10x_it.o(.text)
    HardFault_Handler                        0x0800055b   Thumb Code     4  stm32f10x_it.o(.text)
    MemManage_Handler                        0x0800055f   Thumb Code     4  stm32f10x_it.o(.text)
    BusFault_Handler                         0x08000563   Thumb Code     4  stm32f10x_it.o(.text)
    UsageFault_Handler                       0x08000567   Thumb Code     4  stm32f10x_it.o(.text)
    SVC_Handler                              0x0800056b   Thumb Code     2  stm32f10x_it.o(.text)
    DebugMon_Handler                         0x0800056d   Thumb Code     2  stm32f10x_it.o(.text)
    SystemInit                               0x0800064f   Thumb Code    78  system_stm32f10x.o(.text)
    SystemCoreClockUpdate                    0x0800069d   Thumb Code   142  system_stm32f10x.o(.text)
    delay_osschedlock                        0x08000751   Thumb Code    10  delay.o(.text)
    delay_osschedunlock                      0x0800075b   Thumb Code    10  delay.o(.text)
    delay_ostimedly                          0x08000765   Thumb Code    16  delay.o(.text)
    SysTick_Handler                          0x08000775   Thumb Code    24  delay.o(.text)
    delay_init                               0x0800078d   Thumb Code    92  delay.o(.text)
    delay_us                                 0x080007e9   Thumb Code    86  delay.o(.text)
    delay_ms                                 0x0800083f   Thumb Code    66  delay.o(.text)
    Reset_Handler                            0x0800089d   Thumb Code     8  startup_stm32f10x_hd.o(.text)
    ADC1_2_IRQHandler                        0x080008b7   Thumb Code     0  startup_stm32f10x_hd.o(.text)
    ADC3_IRQHandler                          0x080008b7   Thumb Code     0  startup_stm32f10x_hd.o(.text)
    CAN1_RX1_IRQHandler                      0x080008b7   Thumb Code     0  startup_stm32f10x_hd.o(.text)
    CAN1_SCE_IRQHandler                      0x080008b7   Thumb Code     0  startup_stm32f10x_hd.o(.text)
    DMA1_Channel1_IRQHandler                 0x080008b7   Thumb Code     0  startup_stm32f10x_hd.o(.text)
    DMA1_Channel2_IRQHandler                 0x080008b7   Thumb Code     0  startup_stm32f10x_hd.o(.text)
    DMA1_Channel3_IRQHandler                 0x080008b7   Thumb Code     0  startup_stm32f10x_hd.o(.text)
    DMA1_Channel4_IRQHandler                 0x080008b7   Thumb Code     0  startup_stm32f10x_hd.o(.text)
    DMA1_Channel5_IRQHandler                 0x080008b7   Thumb Code     0  startup_stm32f10x_hd.o(.text)
    DMA1_Channel6_IRQHandler                 0x080008b7   Thumb Code     0  startup_stm32f10x_hd.o(.text)
    DMA1_Channel7_IRQHandler                 0x080008b7   Thumb Code     0  startup_stm32f10x_hd.o(.text)
    DMA2_Channel1_IRQHandler                 0x080008b7   Thumb Code     0  startup_stm32f10x_hd.o(.text)
    DMA2_Channel2_IRQHandler                 0x080008b7   Thumb Code     0  startup_stm32f10x_hd.o(.text)
    DMA2_Channel3_IRQHandler                 0x080008b7   Thumb Code     0  startup_stm32f10x_hd.o(.text)
    DMA2_Channel4_5_IRQHandler               0x080008b7   Thumb Code     0  startup_stm32f10x_hd.o(.text)
    EXTI0_IRQHandler                         0x080008b7   Thumb Code     0  startup_stm32f10x_hd.o(.text)
    EXTI15_10_IRQHandler                     0x080008b7   Thumb Code     0  startup_stm32f10x_hd.o(.text)
    EXTI1_IRQHandler                         0x080008b7   Thumb Code     0  startup_stm32f10x_hd.o(.text)
    EXTI2_IRQHandler                         0x080008b7   Thumb Code     0  startup_stm32f10x_hd.o(.text)
    EXTI3_IRQHandler                         0x080008b7   Thumb Code     0  startup_stm32f10x_hd.o(.text)
    EXTI4_IRQHandler                         0x080008b7   Thumb Code     0  startup_stm32f10x_hd.o(.text)
    EXTI9_5_IRQHandler                       0x080008b7   Thumb Code     0  startup_stm32f10x_hd.o(.text)
    FLASH_IRQHandler                         0x080008b7   Thumb Code     0  startup_stm32f10x_hd.o(.text)
    FSMC_IRQHandler                          0x080008b7   Thumb Code     0  startup_stm32f10x_hd.o(.text)
    I2C1_ER_IRQHandler                       0x080008b7   Thumb Code     0  startup_stm32f10x_hd.o(.text)
    I2C1_EV_IRQHandler                       0x080008b7   Thumb Code     0  startup_stm32f10x_hd.o(.text)
    I2C2_ER_IRQHandler                       0x080008b7   Thumb Code     0  startup_stm32f10x_hd.o(.text)
    I2C2_EV_IRQHandler                       0x080008b7   Thumb Code     0  startup_stm32f10x_hd.o(.text)
    PVD_IRQHandler                           0x080008b7   Thumb Code     0  startup_stm32f10x_hd.o(.text)
    RCC_IRQHandler                           0x080008b7   Thumb Code     0  startup_stm32f10x_hd.o(.text)
    RTCAlarm_IRQHandler                      0x080008b7   Thumb Code     0  startup_stm32f10x_hd.o(.text)
    RTC_IRQHandler                           0x080008b7   Thumb Code     0  startup_stm32f10x_hd.o(.text)
    SDIO_IRQHandler                          0x080008b7   Thumb Code     0  startup_stm32f10x_hd.o(.text)
    SPI1_IRQHandler                          0x080008b7   Thumb Code     0  startup_stm32f10x_hd.o(.text)
    SPI2_IRQHandler                          0x080008b7   Thumb Code     0  startup_stm32f10x_hd.o(.text)
    SPI3_IRQHandler                          0x080008b7   Thumb Code     0  startup_stm32f10x_hd.o(.text)
    TAMPER_IRQHandler                        0x080008b7   Thumb Code     0  startup_stm32f10x_hd.o(.text)
    TIM1_BRK_IRQHandler                      0x080008b7   Thumb Code     0  startup_stm32f10x_hd.o(.text)
    TIM1_CC_IRQHandler                       0x080008b7   Thumb Code     0  startup_stm32f10x_hd.o(.text)
    TIM1_TRG_COM_IRQHandler                  0x080008b7   Thumb Code     0  startup_stm32f10x_hd.o(.text)
    TIM1_UP_IRQHandler                       0x080008b7   Thumb Code     0  startup_stm32f10x_hd.o(.text)
    TIM2_IRQHandler                          0x080008b7   Thumb Code     0  startup_stm32f10x_hd.o(.text)
    TIM3_IRQHandler                          0x080008b7   Thumb Code     0  startup_stm32f10x_hd.o(.text)
    TIM4_IRQHandler                          0x080008b7   Thumb Code     0  startup_stm32f10x_hd.o(.text)
    TIM5_IRQHandler                          0x080008b7   Thumb Code     0  startup_stm32f10x_hd.o(.text)
    TIM6_IRQHandler                          0x080008b7   Thumb Code     0  startup_stm32f10x_hd.o(.text)
    TIM7_IRQHandler                          0x080008b7   Thumb Code     0  startup_stm32f10x_hd.o(.text)
    TIM8_BRK_IRQHandler                      0x080008b7   Thumb Code     0  startup_stm32f10x_hd.o(.text)
    TIM8_CC_IRQHandler                       0x080008b7   Thumb Code     0  startup_stm32f10x_hd.o(.text)
    TIM8_TRG_COM_IRQHandler                  0x080008b7   Thumb Code     0  startup_stm32f10x_hd.o(.text)
    TIM8_UP_IRQHandler                       0x080008b7   Thumb Code     0  startup_stm32f10x_hd.o(.text)
    UART4_IRQHandler                         0x080008b7   Thumb Code     0  startup_stm32f10x_hd.o(.text)
    UART5_IRQHandler                         0x080008b7   Thumb Code     0  startup_stm32f10x_hd.o(.text)
    USART1_IRQHandler                        0x080008b7   Thumb Code     0  startup_stm32f10x_hd.o(.text)
    USART2_IRQHandler                        0x080008b7   Thumb Code     0  startup_stm32f10x_hd.o(.text)
    USART3_IRQHandler                        0x080008b7   Thumb Code     0  startup_stm32f10x_hd.o(.text)
    USBWakeUp_IRQHandler                     0x080008b7   Thumb Code     0  startup_stm32f10x_hd.o(.text)
    USB_HP_CAN1_TX_IRQHandler                0x080008b7   Thumb Code     0  startup_stm32f10x_hd.o(.text)
    USB_LP_CAN1_RX0_IRQHandler               0x080008b7   Thumb Code     0  startup_stm32f10x_hd.o(.text)
    WWDG_IRQHandler                          0x080008b7   Thumb Code     0  startup_stm32f10x_hd.o(.text)
    __user_initial_stackheap                 0x080008b9   Thumb Code     0  startup_stm32f10x_hd.o(.text)
    NVIC_PriorityGroupConfig                 0x080008dd   Thumb Code    10  misc.o(.text)
    NVIC_Init                                0x080008e7   Thumb Code   100  misc.o(.text)
    NVIC_SetVectorTable                      0x0800094b   Thumb Code    14  misc.o(.text)
    NVIC_SystemLPConfig                      0x08000959   Thumb Code    34  misc.o(.text)
    SysTick_CLKSourceConfig                  0x0800097b   Thumb Code    40  misc.o(.text)
    RCC_DeInit                               0x080009b9   Thumb Code    64  stm32f10x_rcc.o(.text)
    RCC_HSEConfig                            0x080009f9   Thumb Code    70  stm32f10x_rcc.o(.text)
    RCC_GetFlagStatus                        0x08000a3f   Thumb Code    56  stm32f10x_rcc.o(.text)
    RCC_WaitForHSEStartUp                    0x08000a77   Thumb Code    56  stm32f10x_rcc.o(.text)
    RCC_AdjustHSICalibrationValue            0x08000aaf   Thumb Code    20  stm32f10x_rcc.o(.text)
    RCC_HSICmd                               0x08000ac3   Thumb Code     6  stm32f10x_rcc.o(.text)
    RCC_PLLConfig                            0x08000ac9   Thumb Code    24  stm32f10x_rcc.o(.text)
    RCC_PLLCmd                               0x08000ae1   Thumb Code     6  stm32f10x_rcc.o(.text)
    RCC_SYSCLKConfig                         0x08000ae7   Thumb Code    18  stm32f10x_rcc.o(.text)
    RCC_GetSYSCLKSource                      0x08000af9   Thumb Code    10  stm32f10x_rcc.o(.text)
    RCC_HCLKConfig                           0x08000b03   Thumb Code    18  stm32f10x_rcc.o(.text)
    RCC_PCLK1Config                          0x08000b15   Thumb Code    18  stm32f10x_rcc.o(.text)
    RCC_PCLK2Config                          0x08000b27   Thumb Code    20  stm32f10x_rcc.o(.text)
    RCC_ITConfig                             0x08000b3b   Thumb Code    26  stm32f10x_rcc.o(.text)
    RCC_USBCLKConfig                         0x08000b55   Thumb Code     8  stm32f10x_rcc.o(.text)
    RCC_ADCCLKConfig                         0x08000b5d   Thumb Code    18  stm32f10x_rcc.o(.text)
    RCC_LSEConfig                            0x08000b6f   Thumb Code    50  stm32f10x_rcc.o(.text)
    RCC_LSICmd                               0x08000ba1   Thumb Code     6  stm32f10x_rcc.o(.text)
    RCC_RTCCLKConfig                         0x08000ba7   Thumb Code    12  stm32f10x_rcc.o(.text)
    RCC_RTCCLKCmd                            0x08000bb3   Thumb Code     8  stm32f10x_rcc.o(.text)
    RCC_GetClocksFreq                        0x08000bbb   Thumb Code   192  stm32f10x_rcc.o(.text)
    RCC_AHBPeriphClockCmd                    0x08000c7b   Thumb Code    26  stm32f10x_rcc.o(.text)
    RCC_APB2PeriphClockCmd                   0x08000c95   Thumb Code    26  stm32f10x_rcc.o(.text)
    RCC_APB1PeriphClockCmd                   0x08000caf   Thumb Code    26  stm32f10x_rcc.o(.text)
    RCC_APB2PeriphResetCmd                   0x08000cc9   Thumb Code    26  stm32f10x_rcc.o(.text)
    RCC_APB1PeriphResetCmd                   0x08000ce3   Thumb Code    26  stm32f10x_rcc.o(.text)
    RCC_BackupResetCmd                       0x08000cfd   Thumb Code     8  stm32f10x_rcc.o(.text)
    RCC_ClockSecuritySystemCmd               0x08000d05   Thumb Code     6  stm32f10x_rcc.o(.text)
    RCC_MCOConfig                            0x08000d0b   Thumb Code     6  stm32f10x_rcc.o(.text)
    RCC_ClearFlag                            0x08000d11   Thumb Code    14  stm32f10x_rcc.o(.text)
    RCC_GetITStatus                          0x08000d1f   Thumb Code    20  stm32f10x_rcc.o(.text)
    RCC_ClearITPendingBit                    0x08000d33   Thumb Code     6  stm32f10x_rcc.o(.text)
    BSP_CPU_ClkFreq                          0x08000d5d   Thumb Code    16  bsp.o(.text)
    CPU_TS_TmrInit                           0x08000d6d   Thumb Code    44  bsp.o(.text)
    CPU_TS_TmrRd                             0x08000d99   Thumb Code     6  bsp.o(.text)
    CPU_TS32_to_uSec                         0x08000d9f   Thumb Code    54  bsp.o(.text)
    CPU_NameClr                              0x08000de1   Thumb Code    42  cpu_core.o(.text)
    CPU_Init                                 0x08000e21   Thumb Code    12  cpu_core.o(.text)
    CPU_SW_Exception                         0x08000e2d   Thumb Code     4  cpu_core.o(.text)
    CPU_NameGet                              0x08000e31   Thumb Code    70  cpu_core.o(.text)
    CPU_NameSet                              0x08000e77   Thumb Code    96  cpu_core.o(.text)
    CPU_TS_Get32                             0x08000ed7   Thumb Code    12  cpu_core.o(.text)
    CPU_TS_Update                            0x08000ee3   Thumb Code     2  cpu_core.o(.text)
    CPU_TS_TmrFreqGet                        0x08000ee5   Thumb Code    30  cpu_core.o(.text)
    CPU_TS_TmrFreqSet                        0x08000f03   Thumb Code     6  cpu_core.o(.text)
    CPU_CntLeadZeros08                       0x08000f09   Thumb Code    18  cpu_core.o(.text)
    CPU_CntLeadZeros16                       0x08000f1b   Thumb Code    18  cpu_core.o(.text)
    CPU_CntLeadZeros32                       0x08000f2d   Thumb Code    18  cpu_core.o(.text)
    CPU_CntLeadZeros64                       0x08000f3f   Thumb Code   188  cpu_core.o(.text)
    CPU_CntTrailZeros08                      0x08000ffb   Thumb Code    22  cpu_core.o(.text)
    CPU_CntTrailZeros16                      0x08001011   Thumb Code    22  cpu_core.o(.text)
    CPU_CntTrailZeros32                      0x08001027   Thumb Code    22  cpu_core.o(.text)
    CPU_CntTrailZeros64                      0x0800103d   Thumb Code    62  cpu_core.o(.text)
    CPU_IntDis                               0x08001089   Thumb Code     0  cpu_a.o(.text)
    CPU_IntEn                                0x0800108d   Thumb Code     0  cpu_a.o(.text)
    CPU_SR_Save                              0x08001091   Thumb Code     0  cpu_a.o(.text)
    CPU_SR_Restore                           0x08001099   Thumb Code     0  cpu_a.o(.text)
    CPU_WaitForInt                           0x0800109f   Thumb Code     0  cpu_a.o(.text)
    CPU_WaitForExcept                        0x080010a3   Thumb Code     0  cpu_a.o(.text)
    CPU_CntLeadZeros                         0x080010a7   Thumb Code     0  cpu_a.o(.text)
    CPU_CntTrailZeros                        0x080010ad   Thumb Code     0  cpu_a.o(.text)
    CPU_RevBits                              0x080010b7   Thumb Code     0  cpu_a.o(.text)
    ASCII_IsAlpha                            0x080010bd   Thumb Code    48  lib_ascii.o(.text)
    ASCII_IsAlphaNum                         0x080010ed   Thumb Code    76  lib_ascii.o(.text)
    ASCII_IsLower                            0x08001139   Thumb Code    20  lib_ascii.o(.text)
    ASCII_IsUpper                            0x0800114d   Thumb Code    20  lib_ascii.o(.text)
    ASCII_IsDig                              0x08001161   Thumb Code    20  lib_ascii.o(.text)
    ASCII_IsDigOct                           0x08001175   Thumb Code    20  lib_ascii.o(.text)
    ASCII_IsDigHex                           0x08001189   Thumb Code    36  lib_ascii.o(.text)
    ASCII_IsBlank                            0x080011ad   Thumb Code    20  lib_ascii.o(.text)
    ASCII_IsSpace                            0x080011c1   Thumb Code    36  lib_ascii.o(.text)
    ASCII_IsPrint                            0x080011e5   Thumb Code    20  lib_ascii.o(.text)
    ASCII_IsGraph                            0x080011f9   Thumb Code    20  lib_ascii.o(.text)
    ASCII_IsPunct                            0x0800120d   Thumb Code   134  lib_ascii.o(.text)
    ASCII_IsCtrl                             0x08001293   Thumb Code    26  lib_ascii.o(.text)
    ASCII_ToLower                            0x080012ad   Thumb Code    32  lib_ascii.o(.text)
    ASCII_ToUpper                            0x080012cd   Thumb Code    32  lib_ascii.o(.text)
    ASCII_Cmp                                0x080012ed   Thumb Code    38  lib_ascii.o(.text)
    Mem_Init                                 0x08001315   Thumb Code    54  lib_mem.o(.text)
    Mem_Set                                  0x0800134b   Thumb Code    84  lib_mem.o(.text)
    Mem_Clr                                  0x0800139f   Thumb Code    18  lib_mem.o(.text)
    Mem_Move                                 0x080013b1   Thumb Code   186  lib_mem.o(.text)
    Mem_Cmp                                  0x0800146b   Thumb Code   192  lib_mem.o(.text)
    Mem_HeapAlloc                            0x080015a3   Thumb Code   168  lib_mem.o(.text)
    Mem_SegGetSizeRem                        0x0800164b   Thumb Code   108  lib_mem.o(.text)
    Mem_HeapGetSizeRem                       0x080016b7   Thumb Code    22  lib_mem.o(.text)
    Mem_PoolClr                              0x080016cd   Thumb Code    80  lib_mem.o(.text)
    Mem_PoolCreate                           0x0800171d   Thumb Code   838  lib_mem.o(.text)
    Mem_PoolBlkGetNbrAvail                   0x08001a63   Thumb Code    52  lib_mem.o(.text)
    Mem_PoolBlkGet                           0x08001a97   Thumb Code   126  lib_mem.o(.text)
    Mem_PoolBlkGetUsedAtIx                   0x08001b15   Thumb Code   140  lib_mem.o(.text)
    Mem_PoolBlkFree                          0x08001ba1   Thumb Code   152  lib_mem.o(.text)
    Mem_PoolBlkIxGet                         0x08001c39   Thumb Code   162  lib_mem.o(.text)
    Str_Len_N                                0x08001cdd   Thumb Code    28  lib_str.o(.text)
    Str_Len                                  0x08001cf9   Thumb Code    20  lib_str.o(.text)
    Str_Copy_N                               0x08001d0d   Thumb Code    70  lib_str.o(.text)
    Str_Copy                                 0x08001d53   Thumb Code    24  lib_str.o(.text)
    Str_Cat_N                                0x08001d6b   Thumb Code    90  lib_str.o(.text)
    Str_Cat                                  0x08001dc5   Thumb Code    24  lib_str.o(.text)
    Str_Cmp_N                                0x08001ddd   Thumb Code   156  lib_str.o(.text)
    Str_Cmp                                  0x08001e79   Thumb Code    24  lib_str.o(.text)
    Str_CmpIgnoreCase_N                      0x08001e91   Thumb Code   264  lib_str.o(.text)
    Str_CmpIgnoreCase                        0x08001f99   Thumb Code    24  lib_str.o(.text)
    Str_Char_N                               0x08001fb1   Thumb Code    74  lib_str.o(.text)
    Str_Char                                 0x08001ffb   Thumb Code    24  lib_str.o(.text)
    Str_Char_Last_N                          0x08002013   Thumb Code    76  lib_str.o(.text)
    Str_Char_Last                            0x0800205f   Thumb Code    24  lib_str.o(.text)
    Str_Char_Replace_N                       0x08002077   Thumb Code    52  lib_str.o(.text)
    Str_Char_Replace                         0x080020ab   Thumb Code    28  lib_str.o(.text)
    Str_Str_N                                0x080020c7   Thumb Code   182  lib_str.o(.text)
    Str_Str                                  0x0800217d   Thumb Code    24  lib_str.o(.text)
    Str_FmtNbr_Int32U                        0x08002371   Thumb Code    46  lib_str.o(.text)
    Str_FmtNbr_Int32S                        0x0800239f   Thumb Code    62  lib_str.o(.text)
    Str_ParseNbr_Int32U                      0x0800259b   Thumb Code    30  lib_str.o(.text)
    Str_ParseNbr_Int32S                      0x080025b9   Thumb Code    74  lib_str.o(.text)
    Mem_Copy                                 0x08002609   Thumb Code     0  lib_mem_a.o(.text)
    OSCfg_Init                               0x08002829   Thumb Code    86  os_cfg_app.o(.text)
    OS_IdleTask                              0x08002925   Thumb Code    60  os_core.o(.text)
    OS_IdleTaskInit                          0x08002961   Thumb Code    68  os_core.o(.text)
    OS_RdyListInit                           0x080029a5   Thumb Code    32  os_core.o(.text)
    OSInit                                   0x080029c5   Thumb Code   300  os_core.o(.text)
    OSIntEnter                               0x08002af1   Thumb Code    34  os_core.o(.text)
    OSIntExit                                0x08002b13   Thumb Code   192  os_core.o(.text)
    OSSched                                  0x08002bd3   Thumb Code   134  os_core.o(.text)
    OS_SchedLockTimeMeasStart                0x08002c59   Thumb Code    20  os_core.o(.text)
    OSSchedLock                              0x08002c6d   Thumb Code   104  os_core.o(.text)
    OS_SchedLockTimeMeasStop                 0x08002cd5   Thumb Code    44  os_core.o(.text)
    OSSchedUnlock                            0x08002d01   Thumb Code   290  os_core.o(.text)
    OSSchedRoundRobinCfg                     0x08002e23   Thumb Code    88  os_core.o(.text)
    OS_RdyListMoveHeadToTail                 0x08002e7b   Thumb Code    68  os_core.o(.text)
    OSSchedRoundRobinYield                   0x08002ebf   Thumb Code   164  os_core.o(.text)
    OSStart                                  0x08002f63   Thumb Code    78  os_core.o(.text)
    OSVersion                                0x08002fb1   Thumb Code    12  os_core.o(.text)
    OS_PendDbgNameAdd                        0x08002fbd   Thumb Code    66  os_core.o(.text)
    OS_PendListInsertPrio                    0x08002fff   Thumb Code   102  os_core.o(.text)
    OS_PendDataInit                          0x08003065   Thumb Code    38  os_core.o(.text)
    OS_RdyListRemove                         0x0800308b   Thumb Code    86  os_core.o(.text)
    OS_TaskBlock                             0x080030e1   Thumb Code    56  os_core.o(.text)
    OS_Pend                                  0x08003119   Thumb Code    98  os_core.o(.text)
    OS_PendListRemove1                       0x0800317b   Thumb Code   134  os_core.o(.text)
    OS_PendListRemove                        0x08003201   Thumb Code    48  os_core.o(.text)
    OS_PendAbort1                            0x08003231   Thumb Code    36  os_core.o(.text)
    OS_RdyListInsertHead                     0x08003255   Thumb Code    58  os_core.o(.text)
    OS_RdyListInsertTail                     0x0800328f   Thumb Code    56  os_core.o(.text)
    OS_RdyListInsert                         0x080032c7   Thumb Code    40  os_core.o(.text)
    OS_TaskRdy                               0x080032ef   Thumb Code    28  os_core.o(.text)
    OS_PendAbort                             0x0800330b   Thumb Code   166  os_core.o(.text)
    OS_PendDbgNameRemove                     0x080033b1   Thumb Code    34  os_core.o(.text)
    OS_PendListChangePrio                    0x080033d3   Thumb Code    70  os_core.o(.text)
    OS_PendListInit                          0x08003419   Thumb Code    10  os_core.o(.text)
    OS_PendListInsertHead                    0x08003423   Thumb Code    32  os_core.o(.text)
    OS_PendObjDel1                           0x08003443   Thumb Code    36  os_core.o(.text)
    OS_PendObjDel                            0x08003467   Thumb Code   162  os_core.o(.text)
    OS_Post1                                 0x08003509   Thumb Code    42  os_core.o(.text)
    OS_Post                                  0x08003533   Thumb Code   192  os_core.o(.text)
    OS_Sched0                                0x080035f3   Thumb Code   102  os_core.o(.text)
    OS_SchedRoundRobin                       0x08003659   Thumb Code   190  os_core.o(.text)
    OS_Dbg_Init                              0x08003729   Thumb Code   146  os_dbg.o(.text)
    OS_FlagDbgListAdd                        0x080038d9   Thumb Code    38  os_flag.o(.text)
    OSFlagCreate                             0x080038ff   Thumb Code   172  os_flag.o(.text)
    OS_FlagClr                               0x080039ab   Thumb Code    28  os_flag.o(.text)
    OS_FlagDbgListRemove                     0x080039c7   Thumb Code    44  os_flag.o(.text)
    OSFlagDel                                0x080039f3   Thumb Code   594  os_flag.o(.text)
    OS_FlagBlock                             0x08003c45   Thumb Code    58  os_flag.o(.text)
    OSFlagPend                               0x08003c7f   Thumb Code  1488  os_flag.o(.text)
    OSFlagPendAbort                          0x0800424f   Thumb Code   292  os_flag.o(.text)
    OSFlagPendGetFlagsRdy                    0x08004373   Thumb Code    68  os_flag.o(.text)
    OS_FlagTaskRdy                           0x080043b7   Thumb Code    86  os_flag.o(.text)
    OS_FlagPost                              0x0800440d   Thumb Code   570  os_flag.o(.text)
    OSFlagPost                               0x08004647   Thumb Code   146  os_flag.o(.text)
    OS_FlagInit                              0x080046d9   Thumb Code    14  os_flag.o(.text)
    OS_IntQPost                              0x08004701   Thumb Code   216  os_int.o(.text)
    OS_IntQRePost                            0x080047d9   Thumb Code   360  os_int.o(.text)
    OS_IntQTask                              0x08004941   Thumb Code   162  os_int.o(.text)
    OS_IntQTaskInit                          0x080049e3   Thumb Code   208  os_int.o(.text)
    OS_MemDbgListAdd                         0x08004b45   Thumb Code    34  os_mem.o(.text)
    OSMemCreate                              0x08004b67   Thumb Code   288  os_mem.o(.text)
    OSMemGet                                 0x08004c87   Thumb Code   100  os_mem.o(.text)
    OSMemPut                                 0x08004ceb   Thumb Code   112  os_mem.o(.text)
    OS_MemInit                               0x08004d5b   Thumb Code    14  os_mem.o(.text)
    OS_MsgPoolCreate                         0x08004d7d   Thumb Code    54  os_msg.o(.text)
    OS_MsgPoolInit                           0x08004db3   Thumb Code    70  os_msg.o(.text)
    OS_MsgQFreeAll                           0x08004df9   Thumb Code    62  os_msg.o(.text)
    OS_MsgQInit                              0x08004e37   Thumb Code    14  os_msg.o(.text)
    OS_MsgQGet                               0x08004e45   Thumb Code    98  os_msg.o(.text)
    OS_MsgQPut                               0x08004ea7   Thumb Code   246  os_msg.o(.text)
    OS_MutexDbgListAdd                       0x08004fa9   Thumb Code    38  os_mutex.o(.text)
    OSMutexCreate                            0x08004fcf   Thumb Code   178  os_mutex.o(.text)
    OS_MutexClr                              0x08005081   Thumb Code    38  os_mutex.o(.text)
    OS_MutexDbgListRemove                    0x080050a7   Thumb Code    44  os_mutex.o(.text)
    OSMutexDel                               0x080050d3   Thumb Code   842  os_mutex.o(.text)
    OSMutexPend                              0x0800541d   Thumb Code   706  os_mutex.o(.text)
    OSMutexPendAbort                         0x080056df   Thumb Code   314  os_mutex.o(.text)
    OSMutexPost                              0x08005819   Thumb Code   564  os_mutex.o(.text)
    OS_MutexInit                             0x08005a4d   Thumb Code    14  os_mutex.o(.text)
    OS_PrioInit                              0x08005a7d   Thumb Code    20  os_prio.o(.text)
    OS_PrioGetHighest                        0x08005a91   Thumb Code    36  os_prio.o(.text)
    OS_PrioInsert                            0x08005ab5   Thumb Code    32  os_prio.o(.text)
    OS_PrioRemove                            0x08005ad5   Thumb Code    32  os_prio.o(.text)
    OS_QDbgListAdd                           0x08005af9   Thumb Code    38  os_q.o(.text)
    OSQCreate                                0x08005b1f   Thumb Code   186  os_q.o(.text)
    OS_QClr                                  0x08005bd9   Thumb Code    40  os_q.o(.text)
    OS_QDbgListRemove                        0x08005c01   Thumb Code    44  os_q.o(.text)
    OSQDel                                   0x08005c2d   Thumb Code   362  os_q.o(.text)
    OSQFlush                                 0x08005d97   Thumb Code   210  os_q.o(.text)
    OSQPend                                  0x08005e69   Thumb Code   538  os_q.o(.text)
    OSQPendAbort                             0x08006083   Thumb Code   292  os_q.o(.text)
    OS_QPost                                 0x080061a7   Thumb Code   324  os_q.o(.text)
    OSQPost                                  0x080062eb   Thumb Code   198  os_q.o(.text)
    OS_QInit                                 0x080063b1   Thumb Code    14  os_q.o(.text)
    OS_SemDbgListAdd                         0x080063d1   Thumb Code    38  os_sem.o(.text)
    OSSemCreate                              0x080063f7   Thumb Code   172  os_sem.o(.text)
    OS_SemClr                                0x080064a3   Thumb Code    28  os_sem.o(.text)
    OS_SemDbgListRemove                      0x080064bf   Thumb Code    44  os_sem.o(.text)
    OSSemDel                                 0x080064eb   Thumb Code   362  os_sem.o(.text)
    OSSemPend                                0x08006655   Thumb Code   504  os_sem.o(.text)
    OSSemPendAbort                           0x0800684d   Thumb Code   292  os_sem.o(.text)
    OS_SemPost                               0x08006971   Thumb Code   350  os_sem.o(.text)
    OSSemPost                                0x08006acf   Thumb Code   144  os_sem.o(.text)
    OSSemSet                                 0x08006b5f   Thumb Code   138  os_sem.o(.text)
    OS_SemInit                               0x08006be9   Thumb Code    14  os_sem.o(.text)
    OSStatReset                              0x08006c01   Thumb Code   270  os_stat.o(.text)
    OSStatTaskCPUUsageInit                   0x08006d0f   Thumb Code   212  os_stat.o(.text)
    OS_StatTask                              0x08006de3   Thumb Code   888  os_stat.o(.text)
    OS_StatTaskInit                          0x0800715b   Thumb Code   138  os_stat.o(.text)
    OSTaskChangePrio                         0x08007239   Thumb Code   416  os_task.o(.text)
    OS_TaskDbgListAdd                        0x080073d9   Thumb Code    42  os_task.o(.text)
    OS_TaskInitTCB                           0x08007403   Thumb Code   186  os_task.o(.text)
    OSTaskCreate                             0x080074bd   Thumb Code   616  os_task.o(.text)
    OS_TaskDbgListRemove                     0x08007725   Thumb Code    64  os_task.o(.text)
    OSTaskDel                                0x08007765   Thumb Code   424  os_task.o(.text)
    OSTaskQFlush                             0x0800790d   Thumb Code   214  os_task.o(.text)
    OSTaskQPend                              0x080079e3   Thumb Code   554  os_task.o(.text)
    OSTaskQPendAbort                         0x08007c0d   Thumb Code   242  os_task.o(.text)
    OS_TaskQPost                             0x08007cff   Thumb Code   526  os_task.o(.text)
    OSTaskQPost                              0x08007f0d   Thumb Code   114  os_task.o(.text)
    OSTaskRegGet                             0x08007f7f   Thumb Code    78  os_task.o(.text)
    OSTaskRegGetID                           0x08007fcd   Thumb Code    84  os_task.o(.text)
    OSTaskRegSet                             0x08008021   Thumb Code    78  os_task.o(.text)
    OS_TaskResume                            0x0800806f   Thumb Code   314  os_task.o(.text)
    OSTaskResume                             0x080081a9   Thumb Code   112  os_task.o(.text)
    OSTaskSemPend                            0x08008219   Thumb Code   550  os_task.o(.text)
    OSTaskSemPendAbort                       0x0800843f   Thumb Code   270  os_task.o(.text)
    OS_TaskSemPost                           0x0800854d   Thumb Code  1224  os_task.o(.text)
    OSTaskSemPost                            0x08008a15   Thumb Code    98  os_task.o(.text)
    OSTaskSemSet                             0x08008a77   Thumb Code    80  os_task.o(.text)
    OSTaskStkChk                             0x08008ac7   Thumb Code   224  os_task.o(.text)
    OS_TaskSuspend                           0x08008ba7   Thumb Code   328  os_task.o(.text)
    OSTaskSuspend                            0x08008cef   Thumb Code    78  os_task.o(.text)
    OSTaskTimeQuantaSet                      0x08008d3d   Thumb Code    96  os_task.o(.text)
    OS_TaskInit                              0x08008d9d   Thumb Code    18  os_task.o(.text)
    OS_TaskReturn                            0x08008daf   Thumb Code    20  os_task.o(.text)
    OS_TickListRemove                        0x08008ded   Thumb Code    56  os_tick.o(.text)
    OS_TickListUpdate                        0x08008e25   Thumb Code   480  os_tick.o(.text)
    OS_TickTask                              0x08009005   Thumb Code    38  os_tick.o(.text)
    OS_TickListInit                          0x0800902b   Thumb Code    32  os_tick.o(.text)
    OS_TickTaskInit                          0x0800904b   Thumb Code   130  os_tick.o(.text)
    OS_TickListInsert                        0x080090cd   Thumb Code   502  os_tick.o(.text)
    OS_TickListResetPeak                     0x080092c3   Thumb Code    28  os_tick.o(.text)
    OSTimeDly                                0x080092e9   Thumb Code   266  os_time.o(.text)
    OSTimeDlyHMSM                            0x080093f3   Thumb Code   480  os_time.o(.text)
    OSTimeDlyResume                          0x080095d3   Thumb Code   466  os_time.o(.text)
    OSTimeGet                                0x080097a5   Thumb Code    46  os_time.o(.text)
    OSTimeSet                                0x080097d3   Thumb Code    46  os_time.o(.text)
    OSTimeTick                               0x08009801   Thumb Code    54  os_time.o(.text)
    OS_TmrDbgListAdd                         0x0800984d   Thumb Code    34  os_tmr.o(.text)
    OSTmrCreate                              0x0800986f   Thumb Code   248  os_tmr.o(.text)
    OS_TmrClr                                0x08009967   Thumb Code    36  os_tmr.o(.text)
    OS_TmrUnlink                             0x0800998b   Thumb Code    72  os_tmr.o(.text)
    OS_TmrDbgListRemove                      0x080099d3   Thumb Code    44  os_tmr.o(.text)
    OSTmrDel                                 0x080099ff   Thumb Code   176  os_tmr.o(.text)
    OSTmrRemainGet                           0x08009aaf   Thumb Code   184  os_tmr.o(.text)
    OS_TmrLink                               0x08009b67   Thumb Code   196  os_tmr.o(.text)
    OSTmrStart                               0x08009c2b   Thumb Code   210  os_tmr.o(.text)
    OSTmrStateGet                            0x08009cfd   Thumb Code   134  os_tmr.o(.text)
    OSTmrStop                                0x08009d83   Thumb Code   232  os_tmr.o(.text)
    OS_TmrTask                               0x08009e6b   Thumb Code   176  os_tmr.o(.text)
    OS_TmrInit                               0x08009f1b   Thumb Code   208  os_tmr.o(.text)
    OS_TmrResetPeak                          0x08009feb   Thumb Code    28  os_tmr.o(.text)
    OSIdleTaskHook                           0x0800a065   Thumb Code    16  os_cpu_c.o(.text)
    OSInitHook                               0x0800a075   Thumb Code    42  os_cpu_c.o(.text)
    OSStatTaskHook                           0x0800a09f   Thumb Code    16  os_cpu_c.o(.text)
    OSTaskCreateHook                         0x0800a0af   Thumb Code    20  os_cpu_c.o(.text)
    OSTaskDelHook                            0x0800a0c3   Thumb Code    20  os_cpu_c.o(.text)
    OSTaskReturnHook                         0x0800a0d7   Thumb Code    20  os_cpu_c.o(.text)
    OSTaskStkInit                            0x0800a0eb   Thumb Code   188  os_cpu_c.o(.text)
    OSTaskSwHook                             0x0800a1a7   Thumb Code   120  os_cpu_c.o(.text)
    OSTimeTickHook                           0x0800a21f   Thumb Code    16  os_cpu_c.o(.text)
    OS_CPU_SysTickHandler                    0x0800a22f   Thumb Code    52  os_cpu_c.o(.text)
    OS_CPU_SysTickInit                       0x0800a263   Thumb Code    44  os_cpu_c.o(.text)
    IsOverFaultDiagnosePro                   0x0800a2d1   Thumb Code    78  bms_faultdiagnose.o(.text)
    IsUnderFaultDiagnosePro                  0x0800a31f   Thumb Code    78  bms_faultdiagnose.o(.text)
    IsOutFaultDiagnosePro                    0x0800a36d   Thumb Code    96  bms_faultdiagnose.o(.text)
    FaultDiagnosePro                         0x0800a3cd   Thumb Code   450  bms_faultdiagnose.o(.text)
    ResetFaultDiagDefaultPara                0x0800a58f   Thumb Code   944  bms_faultdiagnose.o(.text)
    IsCheckToNormal                          0x0800a965   Thumb Code     2  bms_systemstateswitching.o(.text)
    IsNormalToDeepSleep                      0x0800a967   Thumb Code    18  bms_systemstateswitching.o(.text)
    IsNormalToLightSleep                     0x0800a979   Thumb Code    18  bms_systemstateswitching.o(.text)
    IsNormalToLock                           0x0800a98b   Thumb Code    18  bms_systemstateswitching.o(.text)
    IsNormalToChging                         0x0800a99d   Thumb Code    60  bms_systemstateswitching.o(.text)
    IsNormalToPrechg                         0x0800a9d9   Thumb Code     2  bms_systemstateswitching.o(.text)
    IsPrechgToDchging                        0x0800a9db   Thumb Code    62  bms_systemstateswitching.o(.text)
    IsChgingToNormal                         0x0800aa19   Thumb Code    60  bms_systemstateswitching.o(.text)
    IsDchgingToNormal                        0x0800aa55   Thumb Code    62  bms_systemstateswitching.o(.text)
    SystemStateSwitchingPro                  0x0800aa93   Thumb Code    84  bms_systemstateswitching.o(.text)
    WriteOneRecord                           0x0800ab01   Thumb Code    74  bms_record.o(.text)
    WriteOneRecordForAlarm                   0x0800ab4b   Thumb Code    14  bms_record.o(.text)
    WriteOneRecordForRun                     0x0800ab59   Thumb Code    14  bms_record.o(.text)
    IsRecord_AlarmTotalVol_Over              0x0800ab67   Thumb Code    46  bms_record.o(.text)
    IsRecord_ProtectTotalVol_Over            0x0800ab95   Thumb Code    46  bms_record.o(.text)
    IsRecord_AlarmTotalVol_Under             0x0800abc3   Thumb Code    46  bms_record.o(.text)
    IsRecord_ProtectTotalVol_Under           0x0800abf1   Thumb Code    46  bms_record.o(.text)
    IsRecord_AlarmCellVol_Over               0x0800ac1f   Thumb Code    46  bms_record.o(.text)
    IsRecord_ProtectCellVol_Over             0x0800ac4d   Thumb Code    46  bms_record.o(.text)
    IsRecord_AlarmCellVol_Under              0x0800ac7b   Thumb Code    46  bms_record.o(.text)
    IsRecord_ProtectCellVol_Under            0x0800aca9   Thumb Code    46  bms_record.o(.text)
    IsRecord_AlarmChgTemp_Over               0x0800acd7   Thumb Code    46  bms_record.o(.text)
    IsRecord_ProtectChgTemp_Over             0x0800ad05   Thumb Code    46  bms_record.o(.text)
    IsRecord_AlarmChgTemp_Under              0x0800ad33   Thumb Code    46  bms_record.o(.text)
    IsRecord_ProtectChgTemp_Under            0x0800ad61   Thumb Code    46  bms_record.o(.text)
    IsRecord_AlarmDchgTemp_Over              0x0800ad8f   Thumb Code    46  bms_record.o(.text)
    IsRecord_ProtectDchgTemp_Over            0x0800adbd   Thumb Code    46  bms_record.o(.text)
    IsRecord_AlarmDchgTemp_Under             0x0800adeb   Thumb Code    46  bms_record.o(.text)
    IsRecord_ProtectDchgTemp_Under           0x0800ae19   Thumb Code    46  bms_record.o(.text)
    IsRecord_AlarmEnvirTemp_Over             0x0800ae47   Thumb Code    46  bms_record.o(.text)
    IsRecord_ProtectEnvirTemp_Over           0x0800ae75   Thumb Code    46  bms_record.o(.text)
    IsRecord_AlarmEnvirTemp_Under            0x0800aea3   Thumb Code    46  bms_record.o(.text)
    IsRecord_ProtectEnvirTemp_Under          0x0800aed1   Thumb Code   216  bms_record.o(.text)
    IsRecord_AlarmMOSTempOver                0x0800afa9   Thumb Code    46  bms_record.o(.text)
    IsRecord_ProtectMOSTemp_Over             0x0800afd7   Thumb Code    46  bms_record.o(.text)
    IsRecord_AlarmChgCurOver                 0x0800b005   Thumb Code    46  bms_record.o(.text)
    IsRecord_ProtectChgCur_Over              0x0800b033   Thumb Code    46  bms_record.o(.text)
    IsRecord_AlarmDchgCur_Over               0x0800b061   Thumb Code    46  bms_record.o(.text)
    IsRecord_ProtectDchgCur_L1_Over          0x0800b08f   Thumb Code    46  bms_record.o(.text)
    IsRecord_ProtectDchgCur_L2_Over          0x0800b0bd   Thumb Code    46  bms_record.o(.text)
    IsRecord_AlarmDiffVol_Over               0x0800b0eb   Thumb Code    46  bms_record.o(.text)
    IsRecord_ProtectDiffVol_Over             0x0800b119   Thumb Code    46  bms_record.o(.text)
    IsRecord_SystemStateChange               0x0800b147   Thumb Code   124  bms_record.o(.text)
    IsRecord_Timing                          0x0800b1c3   Thumb Code     2  bms_record.o(.text)
    WriteRecordForAlarm                      0x0800b1c5   Thumb Code   120  bms_record.o(.text)
    WriteRecordForRun                        0x0800b23d   Thumb Code    12  bms_record.o(.text)
    ResetRecord                              0x0800b249   Thumb Code    20  bms_record.o(.text)
    UpdateTemperaturePro                     0x0800b2b5   Thumb Code   150  bms_temperature.o(.text)
    ResetTemperaturePara                     0x0800b34b   Thumb Code    10  bms_temperature.o(.text)
    UpdateVoltagePro                         0x0800b359   Thumb Code   134  bms_voltage.o(.text)
    ResetVoltagePara                         0x0800b3df   Thumb Code    10  bms_voltage.o(.text)
    BalancePro                               0x0800b3ed   Thumb Code   130  bms_balance.o(.text)
    ResetBalancePara                         0x0800b46f   Thumb Code    40  bms_balance.o(.text)
    IsUpperComputerProtocol                  0x0800b4e1   Thumb Code    84  bms_uppercomputerprotocol.o(.text)
    UpperComputerProtocolPro                 0x0800bd6f   Thumb Code    62  bms_uppercomputerprotocol.o(.text)
    Comm485Pro                               0x0800bdd1   Thumb Code    18  bms_485.o(.text)
    __aeabi_uldivmod                         0x0800bdf5   Thumb Code     0  lludivv7m.o(.text)
    _ll_udiv                                 0x0800bdf5   Thumb Code   238  lludivv7m.o(.text)
    __aeabi_memcpy                           0x0800bee3   Thumb Code     0  rt_memcpy_v6.o(.text)
    __rt_memcpy                              0x0800bee3   Thumb Code   138  rt_memcpy_v6.o(.text)
    _memcpy_lastbytes                        0x0800bf49   Thumb Code     0  rt_memcpy_v6.o(.text)
    __use_two_region_memory                  0x0800bf6d   Thumb Code     2  heapauxi.o(.text)
    __rt_heap_escrow$2region                 0x0800bf6f   Thumb Code     2  heapauxi.o(.text)
    __rt_heap_expand$2region                 0x0800bf71   Thumb Code     2  heapauxi.o(.text)
    __aeabi_memcpy4                          0x0800bf73   Thumb Code     0  rt_memcpy_w.o(.text)
    __aeabi_memcpy8                          0x0800bf73   Thumb Code     0  rt_memcpy_w.o(.text)
    __rt_memcpy_w                            0x0800bf73   Thumb Code   100  rt_memcpy_w.o(.text)
    _memcpy_lastbytes_aligned                0x0800bfbb   Thumb Code     0  rt_memcpy_w.o(.text)
    __user_setup_stackheap                   0x0800bfd7   Thumb Code    74  sys_stackheap_outer.o(.text)
    exit                                     0x0800c021   Thumb Code    18  exit.o(.text)
    __user_libspace                          0x0800c035   Thumb Code     8  libspace.o(.text)
    __user_perproc_libspace                  0x0800c035   Thumb Code     0  libspace.o(.text)
    __user_perthread_libspace                0x0800c035   Thumb Code     0  libspace.o(.text)
    _sys_exit                                0x0800c03d   Thumb Code     8  sys_exit.o(.text)
    __I$use$semihosting                      0x0800c049   Thumb Code     0  use_no_semi.o(.text)
    __use_no_semihosting_swi                 0x0800c049   Thumb Code     2  use_no_semi.o(.text)
    __semihosting_library_function           0x0800c04b   Thumb Code     0  indicate_semi.o(.text)
    OSStartHighRdy                           0x0800c04d   Thumb Code     0  os_cpu_a.o(CODE)
    PendSV_Handler                           0x0800c083   Thumb Code     0  os_cpu_a.o(CODE)
    CPU_EndiannessTest                       0x0800c1e4   Data           4  cpu_core.o(.constdata)
    OSCfg_IdleTaskStkBasePtr                 0x0800c27c   Data           4  os_cfg_app.o(.constdata)
    OSCfg_IdleTaskStkLimit                   0x0800c280   Data           4  os_cfg_app.o(.constdata)
    OSCfg_IdleTaskStkSize                    0x0800c284   Data           4  os_cfg_app.o(.constdata)
    OSCfg_IdleTaskStkSizeRAM                 0x0800c288   Data           4  os_cfg_app.o(.constdata)
    OSCfg_IntQBasePtr                        0x0800c28c   Data           4  os_cfg_app.o(.constdata)
    OSCfg_IntQSize                           0x0800c290   Data           2  os_cfg_app.o(.constdata)
    OSCfg_IntQSizeRAM                        0x0800c294   Data           4  os_cfg_app.o(.constdata)
    OSCfg_IntQTaskStkBasePtr                 0x0800c298   Data           4  os_cfg_app.o(.constdata)
    OSCfg_IntQTaskStkLimit                   0x0800c29c   Data           4  os_cfg_app.o(.constdata)
    OSCfg_IntQTaskStkSize                    0x0800c2a0   Data           4  os_cfg_app.o(.constdata)
    OSCfg_IntQTaskStkSizeRAM                 0x0800c2a4   Data           4  os_cfg_app.o(.constdata)
    OSCfg_ISRStkBasePtr                      0x0800c2a8   Data           4  os_cfg_app.o(.constdata)
    OSCfg_ISRStkSize                         0x0800c2ac   Data           4  os_cfg_app.o(.constdata)
    OSCfg_ISRStkSizeRAM                      0x0800c2b0   Data           4  os_cfg_app.o(.constdata)
    OSCfg_MsgPoolSize                        0x0800c2b4   Data           2  os_cfg_app.o(.constdata)
    OSCfg_MsgPoolSizeRAM                     0x0800c2b8   Data           4  os_cfg_app.o(.constdata)
    OSCfg_MsgPoolBasePtr                     0x0800c2bc   Data           4  os_cfg_app.o(.constdata)
    OSCfg_StatTaskPrio                       0x0800c2c0   Data           1  os_cfg_app.o(.constdata)
    OSCfg_StatTaskRate_Hz                    0x0800c2c4   Data           4  os_cfg_app.o(.constdata)
    OSCfg_StatTaskStkBasePtr                 0x0800c2c8   Data           4  os_cfg_app.o(.constdata)
    OSCfg_StatTaskStkLimit                   0x0800c2cc   Data           4  os_cfg_app.o(.constdata)
    OSCfg_StatTaskStkSize                    0x0800c2d0   Data           4  os_cfg_app.o(.constdata)
    OSCfg_StatTaskStkSizeRAM                 0x0800c2d4   Data           4  os_cfg_app.o(.constdata)
    OSCfg_StkSizeMin                         0x0800c2d8   Data           4  os_cfg_app.o(.constdata)
    OSCfg_TickRate_Hz                        0x0800c2dc   Data           4  os_cfg_app.o(.constdata)
    OSCfg_TickTaskPrio                       0x0800c2e0   Data           1  os_cfg_app.o(.constdata)
    OSCfg_TickTaskStkBasePtr                 0x0800c2e4   Data           4  os_cfg_app.o(.constdata)
    OSCfg_TickTaskStkLimit                   0x0800c2e8   Data           4  os_cfg_app.o(.constdata)
    OSCfg_TickTaskStkSize                    0x0800c2ec   Data           4  os_cfg_app.o(.constdata)
    OSCfg_TickTaskStkSizeRAM                 0x0800c2f0   Data           4  os_cfg_app.o(.constdata)
    OSCfg_TickWheelSize                      0x0800c2f4   Data           2  os_cfg_app.o(.constdata)
    OSCfg_TickWheelSizeRAM                   0x0800c2f8   Data           4  os_cfg_app.o(.constdata)
    OSCfg_TmrTaskPrio                        0x0800c2fc   Data           1  os_cfg_app.o(.constdata)
    OSCfg_TmrTaskRate_Hz                     0x0800c300   Data           4  os_cfg_app.o(.constdata)
    OSCfg_TmrTaskStkBasePtr                  0x0800c304   Data           4  os_cfg_app.o(.constdata)
    OSCfg_TmrTaskStkLimit                    0x0800c308   Data           4  os_cfg_app.o(.constdata)
    OSCfg_TmrTaskStkSize                     0x0800c30c   Data           4  os_cfg_app.o(.constdata)
    OSCfg_TmrTaskStkSizeRAM                  0x0800c310   Data           4  os_cfg_app.o(.constdata)
    OSCfg_TmrWheelSize                       0x0800c314   Data           2  os_cfg_app.o(.constdata)
    OSCfg_TmrWheelSizeRAM                    0x0800c318   Data           4  os_cfg_app.o(.constdata)
    OSCfg_DataSizeRAM                        0x0800c31c   Data           4  os_cfg_app.o(.constdata)
    OSDbg_DbgEn                              0x0800c320   Data           2  os_dbg.o(.constdata)
    OSDbg_ArgChkEn                           0x0800c322   Data           1  os_dbg.o(.constdata)
    OSDbg_AppHooksEn                         0x0800c323   Data           1  os_dbg.o(.constdata)
    OSDbg_EndiannessTest                     0x0800c324   Data           4  os_dbg.o(.constdata)
    OSDbg_CalledFromISRChkEn                 0x0800c328   Data           1  os_dbg.o(.constdata)
    OSDbg_FlagEn                             0x0800c329   Data           1  os_dbg.o(.constdata)
    OSDbg_FlagGrp                            0x0800c32c   Data          40  os_dbg.o(.constdata)
    OSDbg_FlagDelEn                          0x0800c354   Data           1  os_dbg.o(.constdata)
    OSDbg_FlagModeClrEn                      0x0800c355   Data           1  os_dbg.o(.constdata)
    OSDbg_FlagPendAbortEn                    0x0800c356   Data           1  os_dbg.o(.constdata)
    OSDbg_FlagGrpSize                        0x0800c358   Data           2  os_dbg.o(.constdata)
    OSDbg_FlagWidth                          0x0800c35a   Data           2  os_dbg.o(.constdata)
    OSDbg_IntQ                               0x0800c35c   Data           2  os_dbg.o(.constdata)
    OSDbg_ISRPostDeferredEn                  0x0800c35e   Data           1  os_dbg.o(.constdata)
    OSDbg_Mem                                0x0800c360   Data          32  os_dbg.o(.constdata)
    OSDbg_MemEn                              0x0800c380   Data           1  os_dbg.o(.constdata)
    OSDbg_MemSize                            0x0800c382   Data           2  os_dbg.o(.constdata)
    OSDbg_MsgEn                              0x0800c384   Data           1  os_dbg.o(.constdata)
    OSDbg_MsgSize                            0x0800c386   Data           2  os_dbg.o(.constdata)
    OSDbg_MsgPoolSize                        0x0800c388   Data           2  os_dbg.o(.constdata)
    OSDbg_MsgQSize                           0x0800c38a   Data           2  os_dbg.o(.constdata)
    OSDbg_Mutex                              0x0800c38c   Data          44  os_dbg.o(.constdata)
    OSDbg_MutexEn                            0x0800c3b8   Data           1  os_dbg.o(.constdata)
    OSDbg_MutexDelEn                         0x0800c3b9   Data           1  os_dbg.o(.constdata)
    OSDbg_MutexPendAbortEn                   0x0800c3ba   Data           1  os_dbg.o(.constdata)
    OSDbg_MutexSize                          0x0800c3bc   Data           2  os_dbg.o(.constdata)
    OSDbg_ObjTypeChkEn                       0x0800c3be   Data           1  os_dbg.o(.constdata)
    OSDbg_PendMultiEn                        0x0800c3bf   Data           1  os_dbg.o(.constdata)
    OSDbg_PendDataSize                       0x0800c3c0   Data           2  os_dbg.o(.constdata)
    OSDbg_PendListSize                       0x0800c3c2   Data           2  os_dbg.o(.constdata)
    OSDbg_PendObjSize                        0x0800c3c4   Data           2  os_dbg.o(.constdata)
    OSDbg_PrioMax                            0x0800c3c6   Data           2  os_dbg.o(.constdata)
    OSDbg_PrioTblSize                        0x0800c3c8   Data           2  os_dbg.o(.constdata)
    OSDbg_PtrSize                            0x0800c3ca   Data           2  os_dbg.o(.constdata)
    OSDbg_Q                                  0x0800c3cc   Data          48  os_dbg.o(.constdata)
    OSDbg_QEn                                0x0800c3fc   Data           1  os_dbg.o(.constdata)
    OSDbg_QDelEn                             0x0800c3fd   Data           1  os_dbg.o(.constdata)
    OSDbg_QFlushEn                           0x0800c3fe   Data           1  os_dbg.o(.constdata)
    OSDbg_QPendAbortEn                       0x0800c3ff   Data           1  os_dbg.o(.constdata)
    OSDbg_QSize                              0x0800c400   Data           2  os_dbg.o(.constdata)
    OSDbg_SchedRoundRobinEn                  0x0800c402   Data           1  os_dbg.o(.constdata)
    OSDbg_Sem                                0x0800c404   Data          40  os_dbg.o(.constdata)
    OSDbg_SemEn                              0x0800c42c   Data           1  os_dbg.o(.constdata)
    OSDbg_SemDelEn                           0x0800c42d   Data           1  os_dbg.o(.constdata)
    OSDbg_SemPendAbortEn                     0x0800c42e   Data           1  os_dbg.o(.constdata)
    OSDbg_SemSetEn                           0x0800c42f   Data           1  os_dbg.o(.constdata)
    OSDbg_SemSize                            0x0800c430   Data           2  os_dbg.o(.constdata)
    OSDbg_RdyList                            0x0800c432   Data           2  os_dbg.o(.constdata)
    OSDbg_RdyListSize                        0x0800c434   Data           4  os_dbg.o(.constdata)
    OSDbg_StkWidth                           0x0800c438   Data           1  os_dbg.o(.constdata)
    OSDbg_StatTaskEn                         0x0800c439   Data           1  os_dbg.o(.constdata)
    OSDbg_StatTaskStkChkEn                   0x0800c43a   Data           1  os_dbg.o(.constdata)
    OSDbg_TaskChangePrioEn                   0x0800c43b   Data           1  os_dbg.o(.constdata)
    OSDbg_TaskDelEn                          0x0800c43c   Data           1  os_dbg.o(.constdata)
    OSDbg_TaskQEn                            0x0800c43d   Data           1  os_dbg.o(.constdata)
    OSDbg_TaskQPendAbortEn                   0x0800c43e   Data           1  os_dbg.o(.constdata)
    OSDbg_TaskProfileEn                      0x0800c43f   Data           1  os_dbg.o(.constdata)
    OSDbg_TaskRegTblSize                     0x0800c440   Data           2  os_dbg.o(.constdata)
    OSDbg_TaskSemPendAbortEn                 0x0800c442   Data           1  os_dbg.o(.constdata)
    OSDbg_TaskSuspendEn                      0x0800c443   Data           1  os_dbg.o(.constdata)
    OSDbg_TCBSize                            0x0800c444   Data           2  os_dbg.o(.constdata)
    OSDbg_TickSpokeSize                      0x0800c446   Data           2  os_dbg.o(.constdata)
    OSDbg_TimeDlyHMSMEn                      0x0800c448   Data           1  os_dbg.o(.constdata)
    OSDbg_TimeDlyResumeEn                    0x0800c449   Data           1  os_dbg.o(.constdata)
    OSDbg_TLS_TblSize                        0x0800c44a   Data           2  os_dbg.o(.constdata)
    OSDbg_Tmr                                0x0800c44c   Data          52  os_dbg.o(.constdata)
    OSDbg_TmrEn                              0x0800c480   Data           1  os_dbg.o(.constdata)
    OSDbg_TmrDelEn                           0x0800c481   Data           1  os_dbg.o(.constdata)
    OSDbg_TmrSize                            0x0800c482   Data           2  os_dbg.o(.constdata)
    OSDbg_TmrSpokeSize                       0x0800c484   Data           2  os_dbg.o(.constdata)
    OSDbg_VersionNbr                         0x0800c486   Data           2  os_dbg.o(.constdata)
    OSDbg_DataSize                           0x0800c488   Data           4  os_dbg.o(.constdata)
    Region$$Table$$Base                      0x0800c48c   Number         0  anon$$obj.o(Region$$Table)
    Region$$Table$$Limit                     0x0800c4ac   Number         0  anon$$obj.o(Region$$Table)
    SystemCoreClock                          0x20000000   Data           4  system_stm32f10x.o(.data)
    AHBPrescTable                            0x20000004   Data          16  system_stm32f10x.o(.data)
    CPU_TS_TmrFreq_Hz                        0x2000002c   Data           4  cpu_core.o(.data)
    Mem_PoolTbl                              0x20000030   Data           4  lib_mem.o(.data)
    OSPrioTbl                                0x20000034   Data           8  os_prio.o(.data)
    OS_AppTaskCreateHookPtr                  0x2000003c   Data           4  os_var.o(.data)
    OS_AppTaskDelHookPtr                     0x20000040   Data           4  os_var.o(.data)
    OS_AppTaskReturnHookPtr                  0x20000044   Data           4  os_var.o(.data)
    OS_AppIdleTaskHookPtr                    0x20000048   Data           4  os_var.o(.data)
    OS_AppStatTaskHookPtr                    0x2000004c   Data           4  os_var.o(.data)
    OS_AppTaskSwHookPtr                      0x20000050   Data           4  os_var.o(.data)
    OS_AppTimeTickHookPtr                    0x20000054   Data           4  os_var.o(.data)
    OSIdleTaskCtr                            0x20000058   Data           4  os_var.o(.data)
    OSIntNestingCtr                          0x2000005c   Data           1  os_var.o(.data)
    OSRunning                                0x2000005d   Data           1  os_var.o(.data)
    OSIntQInPtr                              0x20000060   Data           4  os_var.o(.data)
    OSIntQOutPtr                             0x20000064   Data           4  os_var.o(.data)
    OSIntQNbrEntries                         0x20000068   Data           2  os_var.o(.data)
    OSIntQNbrEntriesMax                      0x2000006a   Data           2  os_var.o(.data)
    OSIntQOvfCtr                             0x2000006c   Data           2  os_var.o(.data)
    OSIntQTaskTimeMax                        0x20000070   Data           4  os_var.o(.data)
    OSFlagDbgListPtr                         0x20000074   Data           4  os_var.o(.data)
    OSFlagQty                                0x20000078   Data           2  os_var.o(.data)
    OSMemDbgListPtr                          0x2000007c   Data           4  os_var.o(.data)
    OSMemQty                                 0x20000080   Data           2  os_var.o(.data)
    OSMutexDbgListPtr                        0x20000084   Data           4  os_var.o(.data)
    OSMutexQty                               0x20000088   Data           2  os_var.o(.data)
    OSPrioCur                                0x2000008a   Data           1  os_var.o(.data)
    OSPrioHighRdy                            0x2000008b   Data           1  os_var.o(.data)
    OSPrioSaved                              0x2000008c   Data           1  os_var.o(.data)
    OSQDbgListPtr                            0x20000090   Data           4  os_var.o(.data)
    OSQQty                                   0x20000094   Data           2  os_var.o(.data)
    OSSchedLockTimeBegin                     0x20000098   Data           4  os_var.o(.data)
    OSSchedLockTimeMax                       0x2000009c   Data           4  os_var.o(.data)
    OSSchedLockTimeMaxCur                    0x200000a0   Data           4  os_var.o(.data)
    OSSchedLockNestingCtr                    0x200000a4   Data           1  os_var.o(.data)
    OSSchedRoundRobinDfltTimeQuanta          0x200000a8   Data           4  os_var.o(.data)
    OSSchedRoundRobinEn                      0x200000ac   Data           1  os_var.o(.data)
    OSSemDbgListPtr                          0x200000b0   Data           4  os_var.o(.data)
    OSSemQty                                 0x200000b4   Data           2  os_var.o(.data)
    OSStatResetFlag                          0x200000b6   Data           1  os_var.o(.data)
    OSStatTaskCPUUsage                       0x200000b8   Data           2  os_var.o(.data)
    OSStatTaskCPUUsageMax                    0x200000ba   Data           2  os_var.o(.data)
    OSStatTaskCtr                            0x200000bc   Data           4  os_var.o(.data)
    OSStatTaskCtrMax                         0x200000c0   Data           4  os_var.o(.data)
    OSStatTaskCtrRun                         0x200000c4   Data           4  os_var.o(.data)
    OSStatTaskRdy                            0x200000c8   Data           1  os_var.o(.data)
    OSStatTaskTimeMax                        0x200000cc   Data           4  os_var.o(.data)
    OSTaskCtxSwCtr                           0x200000d0   Data           4  os_var.o(.data)
    OSTaskDbgListPtr                         0x200000d4   Data           4  os_var.o(.data)
    OSTaskQty                                0x200000d8   Data           2  os_var.o(.data)
    OSTaskRegNextAvailID                     0x200000da   Data           1  os_var.o(.data)
    OSTickCtr                                0x200000dc   Data           4  os_var.o(.data)
    OSTickTaskTimeMax                        0x200000e0   Data           4  os_var.o(.data)
    OSTmrDbgListPtr                          0x200000e4   Data           4  os_var.o(.data)
    OSTmrQty                                 0x200000e8   Data           2  os_var.o(.data)
    OSTmrTaskTimeMax                         0x200000ec   Data           4  os_var.o(.data)
    OSTmrTickCtr                             0x200000f0   Data           4  os_var.o(.data)
    OSTmrUpdateCnt                           0x200000f4   Data           4  os_var.o(.data)
    OSTmrUpdateCtr                           0x200000f8   Data           4  os_var.o(.data)
    OSTCBCurPtr                              0x200000fc   Data           4  os_var.o(.data)
    OSTCBHighRdyPtr                          0x20000100   Data           4  os_var.o(.data)
    OS_CPU_ExceptStkBase                     0x20000104   Data           4  os_cpu_c.o(.data)
    AlarmRecordInfo                          0x20000110   Data           8  bms_record.o(.data)
    RunRecordInfo                            0x20000118   Data           8  bms_record.o(.data)
    txlen                                    0x2000013e   Data           2  bms_485.o(.data)
    rxlen                                    0x20000140   Data           2  bms_485.o(.data)
    StartTaskTCB                             0x20000144   Data         196  main.o(.bss)
    START_TASK_STK                           0x20000208   Data        2048  main.o(.bss)
    Task_Test_1_task_TCB                     0x20000a08   Data         196  main.o(.bss)
    Task_Test_1_task_STK                     0x20000acc   Data         512  main.o(.bss)
    Task_Test_2_task_TCB                     0x20000ccc   Data         196  main.o(.bss)
    Task_Test_2_task_STK                     0x20000d90   Data         512  main.o(.bss)
    Task_Test_3_task_TCB                     0x20000f90   Data         196  main.o(.bss)
    Task_Test_3_task_STK                     0x20001054   Data         512  main.o(.bss)
    Check_Stack_Cup_task_TCB                 0x20001254   Data         196  main.o(.bss)
    Check_Stack_Cup_task_STK                 0x20001318   Data         512  main.o(.bss)
    CPU_Name                                 0x20001518   Data          16  cpu_core.o(.bss)
    Mem_PoolHeap                             0x20001528   Data          72  lib_mem.o(.bss)
    Mem_Heap                                 0x20001570   Data        1024  lib_mem.o(.bss)
    OSCfg_IdleTaskStk                        0x20001970   Data         512  os_cfg_app.o(.bss)
    OSCfg_IntQ                               0x20001b70   Data         320  os_cfg_app.o(.bss)
    OSCfg_IntQTaskStk                        0x20001cb0   Data         512  os_cfg_app.o(.bss)
    OSCfg_ISRStk                             0x20001eb0   Data         512  os_cfg_app.o(.bss)
    OSCfg_MsgPool                            0x200020b0   Data        1600  os_cfg_app.o(.bss)
    OSCfg_StatTaskStk                        0x200026f0   Data         512  os_cfg_app.o(.bss)
    OSCfg_TickTaskStk                        0x200028f0   Data         512  os_cfg_app.o(.bss)
    OSCfg_TickWheel                          0x20002af0   Data         136  os_cfg_app.o(.bss)
    OSCfg_TmrTaskStk                         0x20002b78   Data         512  os_cfg_app.o(.bss)
    OSCfg_TmrWheel                           0x20002d78   Data         136  os_cfg_app.o(.bss)
    OSIdleTaskTCB                            0x20002e00   Data         196  os_var.o(.bss)
    OSIntQTaskTCB                            0x20002ec4   Data         196  os_var.o(.bss)
    OSMsgPool                                0x20002f88   Data          12  os_var.o(.bss)
    OSRdyList                                0x20002f94   Data         768  os_var.o(.bss)
    OSStatTaskTCB                            0x20003294   Data         196  os_var.o(.bss)
    OSTickTaskTCB                            0x20003358   Data         196  os_var.o(.bss)
    OSTmrTaskTCB                             0x2000341c   Data         196  os_var.o(.bss)
    BMSInfo                                  0x200034e0   Data         232  bms_globalvariable.o(.bss)
    AlarmTotalVol_Over                       0x200035c8   Data          12  bms_faultdiagnose.o(.bss)
    ProtectTotalVol_Over                     0x200035d4   Data          12  bms_faultdiagnose.o(.bss)
    AlarmTotalVol_Under                      0x200035e0   Data          12  bms_faultdiagnose.o(.bss)
    ProtectTotalVol_Under                    0x200035ec   Data          12  bms_faultdiagnose.o(.bss)
    AlarmCellVol_Over                        0x200035f8   Data          12  bms_faultdiagnose.o(.bss)
    ProtectCellVol_Over                      0x20003604   Data          12  bms_faultdiagnose.o(.bss)
    AlarmCellVol_Under                       0x20003610   Data          12  bms_faultdiagnose.o(.bss)
    ProtectCellVol_Under                     0x2000361c   Data          12  bms_faultdiagnose.o(.bss)
    AlarmChgTemp_Over                        0x20003628   Data          12  bms_faultdiagnose.o(.bss)
    ProtectChgTemp_Over                      0x20003634   Data          12  bms_faultdiagnose.o(.bss)
    AlarmChgTemp_Under                       0x20003640   Data          12  bms_faultdiagnose.o(.bss)
    ProtectChgTemp_Under                     0x2000364c   Data          12  bms_faultdiagnose.o(.bss)
    AlarmDchgTemp_Over                       0x20003658   Data          12  bms_faultdiagnose.o(.bss)
    ProtectDchgTemp_Over                     0x20003664   Data          12  bms_faultdiagnose.o(.bss)
    AlarmDchgTemp_Under                      0x20003670   Data          12  bms_faultdiagnose.o(.bss)
    ProtectDchgTemp_Under                    0x2000367c   Data          12  bms_faultdiagnose.o(.bss)
    AlarmEnvirTemp_Over                      0x20003688   Data          12  bms_faultdiagnose.o(.bss)
    ProtectEnvirTemp_Over                    0x20003694   Data          12  bms_faultdiagnose.o(.bss)
    AlarmEnvirTemp_Under                     0x200036a0   Data          12  bms_faultdiagnose.o(.bss)
    ProtectEnvirTemp_Under                   0x200036ac   Data          12  bms_faultdiagnose.o(.bss)
    AlarmMOSTempOver                         0x200036b8   Data          12  bms_faultdiagnose.o(.bss)
    ProtectMOSTemp_Over                      0x200036c4   Data          12  bms_faultdiagnose.o(.bss)
    AlarmChgCurOver                          0x200036d0   Data          12  bms_faultdiagnose.o(.bss)
    ProtectChgCur_Over                       0x200036dc   Data          12  bms_faultdiagnose.o(.bss)
    AlarmDchgCur_Over                        0x200036e8   Data          12  bms_faultdiagnose.o(.bss)
    ProtectDchgCur_L1_Over                   0x200036f4   Data          12  bms_faultdiagnose.o(.bss)
    ProtectDchgCur_L2_Over                   0x20003700   Data          12  bms_faultdiagnose.o(.bss)
    AlarmDiffVol_Over                        0x2000370c   Data          12  bms_faultdiagnose.o(.bss)
    ProtectDiffVol_Over                      0x20003718   Data          12  bms_faultdiagnose.o(.bss)
    FaultCellInvalid_Out                     0x20003724   Data          12  bms_faultdiagnose.o(.bss)
    Balance                                  0x20003730   Data          12  bms_balance.o(.bss)
    tx485                                    0x2000373c   Data         256  bms_485.o(.bss)
    rx485                                    0x2000383c   Data         256  bms_485.o(.bss)
    __libspace_start                         0x2000393c   Data          96  libspace.o(.bss)
    __temporary_stack_top$libspace           0x2000399c   Data           0  libspace.o(.bss)



==============================================================================

Memory Map of the image

  Image Entry point : 0x08000131

  Load Region LR_IROM1 (Base: 0x08000000, Size: 0x0000c5f0, Max: 0x00040000, ABSOLUTE, COMPRESSED[0x0000c4c8])

    Execution Region ER_IROM1 (Exec base: 0x08000000, Load base: 0x08000000, Size: 0x0000c4ac, Max: 0x00040000, ABSOLUTE)

    Exec Addr    Load Addr    Size         Type   Attr      Idx    E Section Name        Object

    0x08000000   0x08000000   0x00000130   Data   RO          314    RESET               startup_stm32f10x_hd.o
    0x08000130   0x08000130   0x00000008   Code   RO          919  * !!!main             c_w.l(__main.o)
    0x08000138   0x08000138   0x00000034   Code   RO         1092    !!!scatter          c_w.l(__scatter.o)
    0x0800016c   0x0800016c   0x0000005a   Code   RO         1090    !!dczerorl2         c_w.l(__dczerorl2.o)
    0x080001c6   0x080001c6   0x00000002   PAD
    0x080001c8   0x080001c8   0x0000001c   Code   RO         1094    !!handler_zi        c_w.l(__scatter_zi.o)
    0x080001e4   0x080001e4   0x00000002   Code   RO          958    .ARM.Collect$$libinit$$00000000  c_w.l(libinit.o)
    0x080001e6   0x080001e6   0x00000000   Code   RO          971    .ARM.Collect$$libinit$$00000002  c_w.l(libinit2.o)
    0x080001e6   0x080001e6   0x00000000   Code   RO          973    .ARM.Collect$$libinit$$00000004  c_w.l(libinit2.o)
    0x080001e6   0x080001e6   0x00000000   Code   RO          976    .ARM.Collect$$libinit$$0000000A  c_w.l(libinit2.o)
    0x080001e6   0x080001e6   0x00000000   Code   RO          978    .ARM.Collect$$libinit$$0000000C  c_w.l(libinit2.o)
    0x080001e6   0x080001e6   0x00000000   Code   RO          980    .ARM.Collect$$libinit$$0000000E  c_w.l(libinit2.o)
    0x080001e6   0x080001e6   0x00000000   Code   RO          983    .ARM.Collect$$libinit$$00000011  c_w.l(libinit2.o)
    0x080001e6   0x080001e6   0x00000000   Code   RO          985    .ARM.Collect$$libinit$$00000013  c_w.l(libinit2.o)
    0x080001e6   0x080001e6   0x00000000   Code   RO          987    .ARM.Collect$$libinit$$00000015  c_w.l(libinit2.o)
    0x080001e6   0x080001e6   0x00000000   Code   RO          989    .ARM.Collect$$libinit$$00000017  c_w.l(libinit2.o)
    0x080001e6   0x080001e6   0x00000000   Code   RO          991    .ARM.Collect$$libinit$$00000019  c_w.l(libinit2.o)
    0x080001e6   0x080001e6   0x00000000   Code   RO          993    .ARM.Collect$$libinit$$0000001B  c_w.l(libinit2.o)
    0x080001e6   0x080001e6   0x00000000   Code   RO          995    .ARM.Collect$$libinit$$0000001D  c_w.l(libinit2.o)
    0x080001e6   0x080001e6   0x00000000   Code   RO          997    .ARM.Collect$$libinit$$0000001F  c_w.l(libinit2.o)
    0x080001e6   0x080001e6   0x00000000   Code   RO          999    .ARM.Collect$$libinit$$00000021  c_w.l(libinit2.o)
    0x080001e6   0x080001e6   0x00000000   Code   RO         1001    .ARM.Collect$$libinit$$00000023  c_w.l(libinit2.o)
    0x080001e6   0x080001e6   0x00000000   Code   RO         1003    .ARM.Collect$$libinit$$00000025  c_w.l(libinit2.o)
    0x080001e6   0x080001e6   0x00000000   Code   RO         1007    .ARM.Collect$$libinit$$0000002C  c_w.l(libinit2.o)
    0x080001e6   0x080001e6   0x00000000   Code   RO         1009    .ARM.Collect$$libinit$$0000002E  c_w.l(libinit2.o)
    0x080001e6   0x080001e6   0x00000000   Code   RO         1011    .ARM.Collect$$libinit$$00000030  c_w.l(libinit2.o)
    0x080001e6   0x080001e6   0x00000000   Code   RO         1013    .ARM.Collect$$libinit$$00000032  c_w.l(libinit2.o)
    0x080001e6   0x080001e6   0x00000002   Code   RO         1014    .ARM.Collect$$libinit$$00000033  c_w.l(libinit2.o)
    0x080001e8   0x080001e8   0x00000002   Code   RO         1045    .ARM.Collect$$libshutdown$$00000000  c_w.l(libshutdown.o)
    0x080001ea   0x080001ea   0x00000000   Code   RO         1071    .ARM.Collect$$libshutdown$$00000002  c_w.l(libshutdown2.o)
    0x080001ea   0x080001ea   0x00000000   Code   RO         1073    .ARM.Collect$$libshutdown$$00000004  c_w.l(libshutdown2.o)
    0x080001ea   0x080001ea   0x00000000   Code   RO         1075    .ARM.Collect$$libshutdown$$00000006  c_w.l(libshutdown2.o)
    0x080001ea   0x080001ea   0x00000000   Code   RO         1078    .ARM.Collect$$libshutdown$$00000009  c_w.l(libshutdown2.o)
    0x080001ea   0x080001ea   0x00000000   Code   RO         1081    .ARM.Collect$$libshutdown$$0000000C  c_w.l(libshutdown2.o)
    0x080001ea   0x080001ea   0x00000000   Code   RO         1083    .ARM.Collect$$libshutdown$$0000000E  c_w.l(libshutdown2.o)
    0x080001ea   0x080001ea   0x00000000   Code   RO         1086    .ARM.Collect$$libshutdown$$00000011  c_w.l(libshutdown2.o)
    0x080001ea   0x080001ea   0x00000002   Code   RO         1087    .ARM.Collect$$libshutdown$$00000012  c_w.l(libshutdown2.o)
    0x080001ec   0x080001ec   0x00000000   Code   RO          921    .ARM.Collect$$rtentry$$00000000  c_w.l(__rtentry.o)
    0x080001ec   0x080001ec   0x00000000   Code   RO          929    .ARM.Collect$$rtentry$$00000002  c_w.l(__rtentry2.o)
    0x080001ec   0x080001ec   0x00000006   Code   RO          941    .ARM.Collect$$rtentry$$00000004  c_w.l(__rtentry4.o)
    0x080001f2   0x080001f2   0x00000000   Code   RO          931    .ARM.Collect$$rtentry$$00000009  c_w.l(__rtentry2.o)
    0x080001f2   0x080001f2   0x00000004   Code   RO          932    .ARM.Collect$$rtentry$$0000000A  c_w.l(__rtentry2.o)
    0x080001f6   0x080001f6   0x00000000   Code   RO          934    .ARM.Collect$$rtentry$$0000000C  c_w.l(__rtentry2.o)
    0x080001f6   0x080001f6   0x00000008   Code   RO          935    .ARM.Collect$$rtentry$$0000000D  c_w.l(__rtentry2.o)
    0x080001fe   0x080001fe   0x00000002   Code   RO          962    .ARM.Collect$$rtexit$$00000000  c_w.l(rtexit.o)
    0x08000200   0x08000200   0x00000000   Code   RO         1018    .ARM.Collect$$rtexit$$00000002  c_w.l(rtexit2.o)
    0x08000200   0x08000200   0x00000004   Code   RO         1019    .ARM.Collect$$rtexit$$00000003  c_w.l(rtexit2.o)
    0x08000204   0x08000204   0x00000006   Code   RO         1020    .ARM.Collect$$rtexit$$00000004  c_w.l(rtexit2.o)
    0x0800020a   0x0800020a   0x00000002   PAD
    0x0800020c   0x0800020c   0x0000034c   Code   RO            1    .text               main.o
    0x08000558   0x08000558   0x00000016   Code   RO          175    .text               stm32f10x_it.o
    0x0800056e   0x0800056e   0x00000002   PAD
    0x08000570   0x08000570   0x000001e0   Code   RO          207    .text               system_stm32f10x.o
    0x08000750   0x08000750   0x0000014c   Code   RO          225    .text               delay.o
    0x0800089c   0x0800089c   0x00000040   Code   RO          315    .text               startup_stm32f10x_hd.o
    0x080008dc   0x080008dc   0x000000dc   Code   RO          319    .text               misc.o
    0x080009b8   0x080009b8   0x000003a4   Code   RO          355    .text               stm32f10x_rcc.o
    0x08000d5c   0x08000d5c   0x00000084   Code   RO          369    .text               bsp.o
    0x08000de0   0x08000de0   0x000002a8   Code   RO          384    .text               cpu_core.o
    0x08001088   0x08001088   0x00000034   Code   RO          422    .text               cpu_a.o
    0x080010bc   0x080010bc   0x00000256   Code   RO          425    .text               lib_ascii.o
    0x08001312   0x08001312   0x00000002   PAD
    0x08001314   0x08001314   0x000009c6   Code   RO          458    .text               lib_mem.o
    0x08001cda   0x08001cda   0x00000002   PAD
    0x08001cdc   0x08001cdc   0x0000092c   Code   RO          477    .text               lib_str.o
    0x08002608   0x08002608   0x00000220   Code   RO          494    .text               lib_mem_a.o
    0x08002828   0x08002828   0x000000fc   Code   RO          497    .text               os_cfg_app.o
    0x08002924   0x08002924   0x00000e04   Code   RO          520    .text               os_core.o
    0x08003728   0x08003728   0x000001b0   Code   RO          532    .text               os_dbg.o
    0x080038d8   0x080038d8   0x00000e28   Code   RO          547    .text               os_flag.o
    0x08004700   0x08004700   0x00000444   Code   RO          559    .text               os_int.o
    0x08004b44   0x08004b44   0x00000238   Code   RO          571    .text               os_mem.o
    0x08004d7c   0x08004d7c   0x0000022c   Code   RO          583    .text               os_msg.o
    0x08004fa8   0x08004fa8   0x00000ad4   Code   RO          595    .text               os_mutex.o
    0x08005a7c   0x08005a7c   0x0000007c   Code   RO          613    .text               os_prio.o
    0x08005af8   0x08005af8   0x000008d8   Code   RO          632    .text               os_q.o
    0x080063d0   0x080063d0   0x00000830   Code   RO          644    .text               os_sem.o
    0x08006c00   0x08006c00   0x00000638   Code   RO          656    .text               os_stat.o
    0x08007238   0x08007238   0x00001bb4   Code   RO          668    .text               os_task.o
    0x08008dec   0x08008dec   0x000004fc   Code   RO          680    .text               os_tick.o
    0x080092e8   0x080092e8   0x00000564   Code   RO          692    .text               os_time.o
    0x0800984c   0x0800984c   0x00000818   Code   RO          704    .text               os_tmr.o
    0x0800a064   0x0800a064   0x0000026c   Code   RO          733    .text               os_cpu_c.o
    0x0800a2d0   0x0800a2d0   0x00000694   Code   RO          784    .text               bms_faultdiagnose.o
    0x0800a964   0x0800a964   0x0000019c   Code   RO          802    .text               bms_systemstateswitching.o
    0x0800ab00   0x0800ab00   0x000007b4   Code   RO          815    .text               bms_record.o
    0x0800b2b4   0x0800b2b4   0x000000a4   Code   RO          833    .text               bms_temperature.o
    0x0800b358   0x0800b358   0x00000094   Code   RO          845    .text               bms_voltage.o
    0x0800b3ec   0x0800b3ec   0x000000b4   Code   RO          857    .text               bms_balance.o
    0x0800b4a0   0x0800b4a0   0x00000930   Code   RO          875    .text               bms_uppercomputerprotocol.o
    0x0800bdd0   0x0800bdd0   0x00000024   Code   RO          893    .text               bms_485.o
    0x0800bdf4   0x0800bdf4   0x000000ee   Code   RO          911    .text               c_w.l(lludivv7m.o)
    0x0800bee2   0x0800bee2   0x0000008a   Code   RO          915    .text               c_w.l(rt_memcpy_v6.o)
    0x0800bf6c   0x0800bf6c   0x00000006   Code   RO          917    .text               c_w.l(heapauxi.o)
    0x0800bf72   0x0800bf72   0x00000064   Code   RO          926    .text               c_w.l(rt_memcpy_w.o)
    0x0800bfd6   0x0800bfd6   0x0000004a   Code   RO          945    .text               c_w.l(sys_stackheap_outer.o)
    0x0800c020   0x0800c020   0x00000012   Code   RO          947    .text               c_w.l(exit.o)
    0x0800c032   0x0800c032   0x00000002   PAD
    0x0800c034   0x0800c034   0x00000008   Code   RO          959    .text               c_w.l(libspace.o)
    0x0800c03c   0x0800c03c   0x0000000c   Code   RO         1015    .text               c_w.l(sys_exit.o)
    0x0800c048   0x0800c048   0x00000002   Code   RO         1034    .text               c_w.l(use_no_semi.o)
    0x0800c04a   0x0800c04a   0x00000000   Code   RO         1036    .text               c_w.l(indicate_semi.o)
    0x0800c04a   0x0800c04a   0x00000002   PAD
    0x0800c04c   0x0800c04c   0x00000098   Code   RO          730    CODE                os_cpu_a.o
    0x0800c0e4   0x0800c0e4   0x00000104   Data   RO          386    .constdata          cpu_core.o
    0x0800c1e8   0x0800c1e8   0x00000094   Data   RO          478    .constdata          lib_str.o
    0x0800c27c   0x0800c27c   0x000000a4   Data   RO          499    .constdata          os_cfg_app.o
    0x0800c320   0x0800c320   0x0000016c   Data   RO          533    .constdata          os_dbg.o
    0x0800c48c   0x0800c48c   0x00000020   Data   RO         1088    Region$$Table       anon$$obj.o


    Execution Region RW_IRAM1 (Exec base: 0x20000000, Load base: 0x0800c4ac, Size: 0x000043a0, Max: 0x0000c000, ABSOLUTE, COMPRESSED[0x0000001c])

    Exec Addr    Load Addr    Size         Type   Attr      Idx    E Section Name        Object

    0x20000000   COMPRESSED   0x00000014   Data   RW          208    .data               system_stm32f10x.o
    0x20000014   COMPRESSED   0x00000004   Data   RW          226    .data               delay.o
    0x20000018   COMPRESSED   0x00000014   Data   RW          356    .data               stm32f10x_rcc.o
    0x2000002c   COMPRESSED   0x00000004   Data   RW          387    .data               cpu_core.o
    0x20000030   COMPRESSED   0x00000004   Data   RW          460    .data               lib_mem.o
    0x20000034   COMPRESSED   0x00000008   Data   RW          614    .data               os_prio.o
    0x2000003c   COMPRESSED   0x000000c8   Data   RW          717    .data               os_var.o
    0x20000104   COMPRESSED   0x00000004   Data   RW          734    .data               os_cpu_c.o
    0x20000108   COMPRESSED   0x00000008   Data   RW          803    .data               bms_systemstateswitching.o
    0x20000110   COMPRESSED   0x0000002e   Data   RW          816    .data               bms_record.o
    0x2000013e   COMPRESSED   0x00000004   Data   RW          895    .data               bms_485.o
    0x20000142   COMPRESSED   0x00000002   PAD
    0x20000144        -       0x000013d4   Zero   RW            2    .bss                main.o
    0x20001518        -       0x00000010   Zero   RW          385    .bss                cpu_core.o
    0x20001528        -       0x00000448   Zero   RW          459    .bss                lib_mem.o
    0x20001970        -       0x00001490   Zero   RW          498    .bss                os_cfg_app.o
    0x20002e00        -       0x000006e0   Zero   RW          716    .bss                os_var.o
    0x200034e0        -       0x000000e8   Zero   RW          766    .bss                bms_globalvariable.o
    0x200035c8        -       0x00000168   Zero   RW          785    .bss                bms_faultdiagnose.o
    0x20003730        -       0x0000000c   Zero   RW          858    .bss                bms_balance.o
    0x2000373c        -       0x00000200   Zero   RW          894    .bss                bms_485.o
    0x2000393c        -       0x00000060   Zero   RW          960    .bss                c_w.l(libspace.o)
    0x2000399c   COMPRESSED   0x00000004   PAD
    0x200039a0        -       0x00000200   Zero   RW          313    HEAP                startup_stm32f10x_hd.o
    0x20003ba0        -       0x00000800   Zero   RW          312    STACK               startup_stm32f10x_hd.o


==============================================================================

Image component sizes


      Code (inc. data)   RO Data    RW Data    ZI Data      Debug   Object Name

        36         18          0          4        512        947   bms_485.o
       180         10          0          0         12       1332   bms_balance.o
      1684        162          0          0        360       4989   bms_faultdiagnose.o
         0          0          0          0        232       1798   bms_globalvariable.o
      1972        258          0         46          0      10951   bms_record.o
       412         36          0          8          0       1737   bms_systemstateswitching.o
       164          4          0          0          0        848   bms_temperature.o
      2352        104          0          0          0       3735   bms_uppercomputerprotocol.o
       148          4          0          0          0        788   bms_voltage.o
       132         12          0          0          0       1119   bsp.o
        52          0          0          0          0        312   cpu_a.o
       680         14        260          4         16      14239   cpu_core.o
       332         28          0          4          0       1753   delay.o
       598          0          0          0          0       3852   lib_ascii.o
      2502         32          0          4       1096      22092   lib_mem.o
       544          0          0          0          0        456   lib_mem_a.o
      2348          6        148          0          0      13686   lib_str.o
       844        144          0          0       5076     261830   main.o
       220         22          0          0          0       1761   misc.o
       252        166        164          0       5264      20778   os_cfg_app.o
      3588        294          0          0          0      12397   os_core.o
       152         32          0          0          0        368   os_cpu_a.o
       620         66          0          4          0       3681   os_cpu_c.o
       432        286        364          0          0       4653   os_dbg.o
      3624        110          0          0          0       7975   os_flag.o
      1092        146          0          0          0       2280   os_int.o
       568         20          0          0          0       2704   os_mem.o
       556         12          0          0          0       2743   os_msg.o
      2772        114          0          0          0       5514   os_mutex.o
       124          4          0          8          0       1656   os_prio.o
      2264         76          0          0          0       6276   os_q.o
      2096         70          0          0          0       6292   os_sem.o
      1592        180          0          0          0       2761   os_stat.o
      7092        270          0          0          0      14118   os_task.o
      1276         90          0          0          0       3229   os_tick.o
      1380         46          0          0          0       3233   os_time.o
      2072        140          0          0          0       6418   os_tmr.o
         0          0          0        200       1760      19293   os_var.o
        64         26        304          0       2560        768   startup_stm32f10x_hd.o
        22          0          0          0          0        963   stm32f10x_it.o
       932         36          0         20          0       8844   stm32f10x_rcc.o
         0          0          0          0          0         32   sys.o
       480         38          0         20          0       1635   system_stm32f10x.o

    ----------------------------------------------------------------------
     48256       3076       1272        324      16888     486836   Object Totals
         0          0         32          0          0          0   (incl. Generated)
         6          0          0          2          0          0   (incl. Padding)

    ----------------------------------------------------------------------

      Code (inc. data)   RO Data    RW Data    ZI Data      Debug   Library Member Name

        90          0          0          0          0          0   __dczerorl2.o
         8          0          0          0          0         68   __main.o
         0          0          0          0          0          0   __rtentry.o
        12          0          0          0          0          0   __rtentry2.o
         6          0          0          0          0          0   __rtentry4.o
        52          8          0          0          0          0   __scatter.o
        28          0          0          0          0          0   __scatter_zi.o
        18          0          0          0          0         80   exit.o
         6          0          0          0          0        152   heapauxi.o
         0          0          0          0          0          0   indicate_semi.o
         2          0          0          0          0          0   libinit.o
         2          0          0          0          0          0   libinit2.o
         2          0          0          0          0          0   libshutdown.o
         2          0          0          0          0          0   libshutdown2.o
         8          4          0          0         96         68   libspace.o
       238          0          0          0          0        100   lludivv7m.o
       138          0          0          0          0         68   rt_memcpy_v6.o
       100          0          0          0          0         80   rt_memcpy_w.o
         2          0          0          0          0          0   rtexit.o
        10          0          0          0          0          0   rtexit2.o
        12          4          0          0          0         68   sys_exit.o
        74          0          0          0          0         80   sys_stackheap_outer.o
         2          0          0          0          0         68   use_no_semi.o

    ----------------------------------------------------------------------
       820         16          0          0        100        832   Library Totals
         8          0          0          0          4          0   (incl. Padding)

    ----------------------------------------------------------------------

      Code (inc. data)   RO Data    RW Data    ZI Data      Debug   Library Name

       812         16          0          0         96        832   c_w.l

    ----------------------------------------------------------------------
       820         16          0          0        100        832   Library Totals

    ----------------------------------------------------------------------

==============================================================================


      Code (inc. data)   RO Data    RW Data    ZI Data      Debug   

     49076       3092       1272        324      16988     483868   Grand Totals
     49076       3092       1272         28      16988     483868   ELF Image Totals (compressed)
     49076       3092       1272         28          0          0   ROM Totals

==============================================================================

    Total RO  Size (Code + RO Data)                50348 (  49.17kB)
    Total RW  Size (RW Data + ZI Data)             17312 (  16.91kB)
    Total ROM Size (Code + RO Data + RW Data)      50376 (  49.20kB)

==============================================================================

